Archive member included to satisfy reference by file (symbol)

c:/users/a.vasilchenko/.platformio/packages/toolchain-gccarmnoneeabi@1.70201.0/bin/../lib/gcc/arm-none-eabi/7.2.1/thumb/v7e-m\libgcc.a(_arm_addsubdf3.o)
                              .pio\build\genericSTM32F405RG\src\main.o (__aeabi_dsub)
c:/users/a.vasilchenko/.platformio/packages/toolchain-gccarmnoneeabi@1.70201.0/bin/../lib/gcc/arm-none-eabi/7.2.1/thumb/v7e-m\libgcc.a(_arm_muldivdf3.o)
                              .pio\build\genericSTM32F405RG\src\main.o (__aeabi_dmul)
c:/users/a.vasilchenko/.platformio/packages/toolchain-gccarmnoneeabi@1.70201.0/bin/../lib/gcc/arm-none-eabi/7.2.1/thumb/v7e-m\libgcc.a(_arm_truncdfsf2.o)
                              .pio\build\genericSTM32F405RG\src\usart.o (__aeabi_d2f)
c:/users/a.vasilchenko/.platformio/packages/toolchain-gccarmnoneeabi@1.70201.0/bin/../lib/gcc/arm-none-eabi/7.2.1/thumb/v7e-m\libgcc.a(_arm_fixunssfsi.o)
                              .pio\build\genericSTM32F405RG\src\usart.o (__aeabi_f2uiz)
c:/users/a.vasilchenko/.platformio/packages/toolchain-gccarmnoneeabi@1.70201.0/bin/../lib/gcc/arm-none-eabi/7.2.1/thumb/v7e-m\libgcc.a(_aeabi_ldivmod.o)
                              .pio\build\genericSTM32F405RG\src\Drivers\STM32F4xx_HAL_Driver\Src\stm32f4xx_ll_usart.o (__aeabi_ldivmod)
c:/users/a.vasilchenko/.platformio/packages/toolchain-gccarmnoneeabi@1.70201.0/bin/../lib/gcc/arm-none-eabi/7.2.1/thumb/v7e-m\libgcc.a(_aeabi_uldivmod.o)
                              .pio\build\genericSTM32F405RG\src\Drivers\STM32F4xx_HAL_Driver\Src\stm32f4xx_ll_usart.o (__aeabi_uldivmod)
c:/users/a.vasilchenko/.platformio/packages/toolchain-gccarmnoneeabi@1.70201.0/bin/../lib/gcc/arm-none-eabi/7.2.1/thumb/v7e-m\libgcc.a(_udivmoddi4.o)
                              c:/users/a.vasilchenko/.platformio/packages/toolchain-gccarmnoneeabi@1.70201.0/bin/../lib/gcc/arm-none-eabi/7.2.1/thumb/v7e-m\libgcc.a(_aeabi_ldivmod.o) (__udivmoddi4)
c:/users/a.vasilchenko/.platformio/packages/toolchain-gccarmnoneeabi@1.70201.0/bin/../lib/gcc/arm-none-eabi/7.2.1/thumb/v7e-m\libgcc.a(_dvmd_tls.o)
                              c:/users/a.vasilchenko/.platformio/packages/toolchain-gccarmnoneeabi@1.70201.0/bin/../lib/gcc/arm-none-eabi/7.2.1/thumb/v7e-m\libgcc.a(_aeabi_ldivmod.o) (__aeabi_ldiv0)
c:/users/a.vasilchenko/.platformio/packages/toolchain-gccarmnoneeabi@1.70201.0/bin/../lib/gcc/arm-none-eabi/7.2.1/../../../../arm-none-eabi/lib/thumb/v7e-m\libstdc++_nano.a(del_op.o)
                              .pio\build\genericSTM32F405RG\src\main.o (operator delete(void*))
c:/users/a.vasilchenko/.platformio/packages/toolchain-gccarmnoneeabi@1.70201.0/bin/../lib/gcc/arm-none-eabi/7.2.1/../../../../arm-none-eabi/lib/thumb/v7e-m\libstdc++_nano.a(atexit_arm.o)
                              .pio\build\genericSTM32F405RG\src\main.o (__aeabi_atexit)
c:/users/a.vasilchenko/.platformio/packages/toolchain-gccarmnoneeabi@1.70201.0/bin/../lib/gcc/arm-none-eabi/7.2.1/../../../../arm-none-eabi/lib/thumb/v7e-m\libm.a(lib_a-sf_round.o)
                              .pio\build\genericSTM32F405RG\src\usart.o (roundf)
c:/users/a.vasilchenko/.platformio/packages/toolchain-gccarmnoneeabi@1.70201.0/bin/../lib/gcc/arm-none-eabi/7.2.1/../../../../arm-none-eabi/lib/thumb/v7e-m\libm.a(lib_a-w_sqrt.o)
                              .pio\build\genericSTM32F405RG\src\main.o (sqrt)
c:/users/a.vasilchenko/.platformio/packages/toolchain-gccarmnoneeabi@1.70201.0/bin/../lib/gcc/arm-none-eabi/7.2.1/../../../../arm-none-eabi/lib/thumb/v7e-m\libm.a(lib_a-e_sqrt.o)
                              c:/users/a.vasilchenko/.platformio/packages/toolchain-gccarmnoneeabi@1.70201.0/bin/../lib/gcc/arm-none-eabi/7.2.1/../../../../arm-none-eabi/lib/thumb/v7e-m\libm.a(lib_a-w_sqrt.o) (__ieee754_sqrt)
c:/users/a.vasilchenko/.platformio/packages/toolchain-gccarmnoneeabi@1.70201.0/bin/../lib/gcc/arm-none-eabi/7.2.1/../../../../arm-none-eabi/lib/thumb/v7e-m\libm.a(lib_a-s_lib_ver.o)
                              c:/users/a.vasilchenko/.platformio/packages/toolchain-gccarmnoneeabi@1.70201.0/bin/../lib/gcc/arm-none-eabi/7.2.1/../../../../arm-none-eabi/lib/thumb/v7e-m\libm.a(lib_a-w_sqrt.o) (__fdlib_version)
c:/users/a.vasilchenko/.platformio/packages/toolchain-gccarmnoneeabi@1.70201.0/bin/../lib/gcc/arm-none-eabi/7.2.1/../../../../arm-none-eabi/lib/thumb/v7e-m\libm.a(lib_a-s_matherr.o)
                              c:/users/a.vasilchenko/.platformio/packages/toolchain-gccarmnoneeabi@1.70201.0/bin/../lib/gcc/arm-none-eabi/7.2.1/../../../../arm-none-eabi/lib/thumb/v7e-m\libm.a(lib_a-w_sqrt.o) (matherr)
c:/users/a.vasilchenko/.platformio/packages/toolchain-gccarmnoneeabi@1.70201.0/bin/../lib/gcc/arm-none-eabi/7.2.1/../../../../arm-none-eabi/lib/thumb/v7e-m\libc_nano.a(lib_a-cxa_atexit.o)
[...]
Memory Configuration

Name             Origin             Length             Attributes
CCMRAM           0x10000000         0x00010000         xrw
RAM              0x20000000         0x00020000         xrw
FLASH            0x08000000         0x00100000         xr
*default*        0x00000000         0xffffffff

Linker script and memory map

LOAD c:/users/a.vasilchenko/.platformio/packages/toolchain-gccarmnoneeabi@1.70201.0/bin/../lib/gcc/arm-none-eabi/7.2.1/thumb/v7e-m/crti.o
LOAD c:/users/a.vasilchenko/.platformio/packages/toolchain-gccarmnoneeabi@1.70201.0/bin/../lib/gcc/arm-none-eabi/7.2.1/thumb/v7e-m/crtbegin.o
LOAD c:/users/a.vasilchenko/.platformio/packages/toolchain-gccarmnoneeabi@1.70201.0/bin/../lib/gcc/arm-none-eabi/7.2.1/../../../../arm-none-eabi/lib/thumb/v7e-m/crt0.o
LOAD .pio\build\genericSTM32F405RG\FrameworkCMSIS\gcc\startup_stm32f405xx.o
LOAD .pio\build\genericSTM32F405RG\FrameworkCMSIS\system_stm32f4xx.o
LOAD .pio\build\genericSTM32F405RG\src\Core\Src\bias.o
LOAD .pio\build\genericSTM32F405RG\src\Core\Src\stm32f4xx_it.o
LOAD .pio\build\genericSTM32F405RG\src\Core\Src\temp.o
LOAD .pio\build\genericSTM32F405RG\src\Drivers\STM32F4xx_HAL_Driver\Src\stm32f4xx_ll_adc.o
LOAD .pio\build\genericSTM32F405RG\src\Drivers\STM32F4xx_HAL_Driver\Src\stm32f4xx_ll_dac.o
LOAD .pio\build\genericSTM32F405RG\src\Drivers\STM32F4xx_HAL_Driver\Src\stm32f4xx_ll_dma.o
LOAD .pio\build\genericSTM32F405RG\src\Drivers\STM32F4xx_HAL_Driver\Src\stm32f4xx_ll_exti.o
LOAD .pio\build\genericSTM32F405RG\src\Drivers\STM32F4xx_HAL_Driver\Src\stm32f4xx_ll_gpio.o
LOAD .pio\build\genericSTM32F405RG\src\Drivers\STM32F4xx_HAL_Driver\Src\stm32f4xx_ll_rcc.o
LOAD .pio\build\genericSTM32F405RG\src\Drivers\STM32F4xx_HAL_Driver\Src\stm32f4xx_ll_spi.o
LOAD .pio\build\genericSTM32F405RG\src\Drivers\STM32F4xx_HAL_Driver\Src\stm32f4xx_ll_tim.o
LOAD .pio\build\genericSTM32F405RG\src\Drivers\STM32F4xx_HAL_Driver\Src\stm32f4xx_ll_usart.o
LOAD .pio\build\genericSTM32F405RG\src\Drivers\STM32F4xx_HAL_Driver\Src\stm32f4xx_ll_utils.o
LOAD .pio\build\genericSTM32F405RG\src\gpio.o
LOAD .pio\build\genericSTM32F405RG\src\main.o
LOAD .pio\build\genericSTM32F405RG\src\usart.o
START GROUP
LOAD c:/users/a.vasilchenko/.platformio/packages/toolchain-gccarmnoneeabi@1.70201.0/bin/../lib/gcc/arm-none-eabi/7.2.1/thumb/v7e-m\libgcc.a
LOAD c:/users/a.vasilchenko/.platformio/packages/toolchain-gccarmnoneeabi@1.70201.0/bin/../lib/gcc/arm-none-eabi/7.2.1/../../../../arm-none-eabi/lib/thumb/v7e-m\libstdc++_nano.a
END GROUP
LOAD c:/users/a.vasilchenko/.platformio/packages/toolchain-gccarmnoneeabi@1.70201.0/bin/../lib/gcc/arm-none-eabi/7.2.1/../../../../arm-none-eabi/lib/thumb/v7e-m\libstdc++_nano.a
LOAD c:/users/a.vasilchenko/.platformio/packages/toolchain-gccarmnoneeabi@1.70201.0/bin/../lib/gcc/arm-none-eabi/7.2.1/../../../../arm-none-eabi/lib/thumb/v7e-m\libm.a
LOAD c:/users/a.vasilchenko/.platformio/packages/toolchain-gccarmnoneeabi@1.70201.0/bin/../lib/gcc/arm-none-eabi/7.2.1/../../../../arm-none-eabi/lib/thumb/v7e-m\libc_nano.a
START GROUP
LOAD c:/users/a.vasilchenko/.platformio/packages/toolchain-gccarmnoneeabi@1.70201.0/bin/../lib/gcc/arm-none-eabi/7.2.1/thumb/v7e-m\libgcc.a
LOAD c:/users/a.vasilchenko/.platformio/packages/toolchain-gccarmnoneeabi@1.70201.0/bin/../lib/gcc/arm-none-eabi/7.2.1/../../../../arm-none-eabi/lib/thumb/v7e-m\libc_nano.a
END GROUP
START GROUP
LOAD c:/users/a.vasilchenko/.platformio/packages/toolchain-gccarmnoneeabi@1.70201.0/bin/../lib/gcc/arm-none-eabi/7.2.1/thumb/v7e-m\libgcc.a
LOAD c:/users/a.vasilchenko/.platformio/packages/toolchain-gccarmnoneeabi@1.70201.0/bin/../lib/gcc/arm-none-eabi/7.2.1/../../../../arm-none-eabi/lib/thumb/v7e-m\libc_nano.a
LOAD c:/users/a.vasilchenko/.platformio/packages/toolchain-gccarmnoneeabi@1.70201.0/bin/../lib/gcc/arm-none-eabi/7.2.1/../../../../arm-none-eabi/lib/thumb/v7e-m\libnosys.a
END GROUP
START GROUP
LOAD c:/users/a.vasilchenko/.platformio/packages/toolchain-gccarmnoneeabi@1.70201.0/bin/../lib/gcc/arm-none-eabi/7.2.1/thumb/v7e-m\libgcc.a
LOAD c:/users/a.vasilchenko/.platformio/packages/toolchain-gccarmnoneeabi@1.70201.0/bin/../lib/gcc/arm-none-eabi/7.2.1/../../../../arm-none-eabi/lib/thumb/v7e-m\libc_nano.a
LOAD c:/users/a.vasilchenko/.platformio/packages/toolchain-gccarmnoneeabi@1.70201.0/bin/../lib/gcc/arm-none-eabi/7.2.1/../../../../arm-none-eabi/lib/thumb/v7e-m\libnosys.a
END GROUP
LOAD c:/users/a.vasilchenko/.platformio/packages/toolchain-gccarmnoneeabi@1.70201.0/bin/../lib/gcc/arm-none-eabi/7.2.1/thumb/v7e-m/crtend.o
LOAD c:/users/a.vasilchenko/.platformio/packages/toolchain-gccarmnoneeabi@1.70201.0/bin/../lib/gcc/arm-none-eabi/7.2.1/thumb/v7e-m/crtn.o
                0x20020000                _estack = (ORIGIN (RAM) + LENGTH (RAM))
                0x00000200                _Min_Heap_Size = 0x200
                0x00000400                _Min_Stack_Size = 0x400

.isr_vector     0x08000000      0x188
                0x08000000                . = ALIGN (0x4)
 *(.isr_vector)
 .isr_vector    0x08000000      0x188 .pio\build\genericSTM32F405RG\FrameworkCMSIS\gcc\startup_stm32f405xx.o
                0x08000000                g_pfnVectors
                0x08000188                . = ALIGN (0x4)

.text           0x08000190     0x2ba4
                0x08000190                . = ALIGN (0x4)
 *(.text)
 .text          0x08000190       0x40 c:/users/a.vasilchenko/.platformio/packages/toolchain-gccarmnoneeabi@1.70201.0/bin/../lib/gcc/arm-none-eabi/7.2.1/thumb/v7e-m/crtbegin.o
 .text          0x080001d0      0x378 c:/users/a.vasilchenko/.platformio/packages/toolchain-gccarmnoneeabi@1.70201.0/bin/../lib/gcc/arm-none-eabi/7.2.1/thumb/v7e-m\libgcc.a(_arm_addsubdf3.o)
                0x080001d0                __aeabi_drsub
                0x080001d8                __aeabi_dsub
                0x080001d8                __subdf3
                0x080001dc                __aeabi_dadd
                0x080001dc                __adddf3
                0x08000454                __floatunsidf
                0x08000454                __aeabi_ui2d
                0x08000474                __floatsidf
                0x08000474                __aeabi_i2d
                0x08000498                __aeabi_f2d
                0x08000498                __extendsfdf2
                0x080004dc                __floatundidf
                0x080004dc                __aeabi_ul2d
                0x080004ec                __floatdidf
                0x080004ec                __aeabi_l2d
 .text          0x08000548      0x424 c:/users/a.vasilchenko/.platformio/packages/toolchain-gccarmnoneeabi@1.70201.0/bin/../lib/gcc/arm-none-eabi/7.2.1/thumb/v7e-m\libgcc.a(_arm_muldivdf3.o)
                0x08000548                __aeabi_dmul
                0x08000548                __muldf3
                0x0800079c                __divdf3
                0x0800079c                __aeabi_ddiv
 .text          0x0800096c       0xa0 c:/users/a.vasilchenko/.platformio/packages/toolchain-gccarmnoneeabi@1.70201.0/bin/../lib/gcc/arm-none-eabi/7.2.1/thumb/v7e-m\libgcc.a(_arm_truncdfsf2.o)
                0x0800096c                __truncdfsf2
                0x0800096c                __aeabi_d2f
 .text          0x08000a0c       0x40 c:/users/a.vasilchenko/.platformio/packages/toolchain-gccarmnoneeabi@1.70201.0/bin/../lib/gcc/arm-none-eabi/7.2.1/thumb/v7e-m\libgcc.a(_arm_fixunssfsi.o)
                0x08000a0c                __fixunssfsi
                0x08000a0c                __aeabi_f2uiz
 .text          0x08000a4c       0x10 c:/users/a.vasilchenko/.platformio/packages/toolchain-gccarmnoneeabi@1.70201.0/bin/../lib/gcc/arm-none-eabi/7.2.1/../../../../arm-none-eabi/lib/thumb/v7e-m\libc_nano.a(lib_a-strlen.o)
                0x08000a4c                strlen
 *fill*         0x08000a5c        0x4 
 .text          0x08000a60       0xa0 c:/users/a.vasilchenko/.platformio/packages/toolchain-gccarmnoneeabi@1.70201.0/bin/../lib/gcc/arm-none-eabi/7.2.1/../../../../arm-none-eabi/lib/thumb/v7e-m\libc_nano.a(lib_a-memchr.o)
                0x08000a60                memchr
 .text          0x08000b00      0x110 c:/users/a.vasilchenko/.platformio/packages/toolchain-gccarmnoneeabi@1.70201.0/bin/../lib/gcc/arm-none-eabi/7.2.1/thumb/v7e-m\libgcc.a(_arm_cmpdf2.o)
                0x08000b00                __gtdf2
                0x08000b00                __gedf2
                0x08000b08                __ltdf2
                0x08000b08                __ledf2
                0x08000b10                __nedf2
                0x08000b10                __eqdf2
                0x08000b10                __cmpdf2
                0x08000b8c                __aeabi_cdrcmple
                0x08000b9c                __aeabi_cdcmpeq
                0x08000b9c                __aeabi_cdcmple
                0x08000bac                __aeabi_dcmpeq
                0x08000bc0                __aeabi_dcmplt
                0x08000bd4                __aeabi_dcmple
                0x08000be8                __aeabi_dcmpge
                0x08000bfc                __aeabi_dcmpgt
 .text          0x08000c10       0x2c c:/users/a.vasilchenko/.platformio/packages/toolchain-gccarmnoneeabi@1.70201.0/bin/../lib/gcc/arm-none-eabi/7.2.1/thumb/v7e-m\libgcc.a(_arm_unorddf2.o)
                0x08000c10                __unorddf2
                0x08000c10                __aeabi_dcmpun
 .text          0x08000c3c      0x21c c:/users/a.vasilchenko/.platformio/packages/toolchain-gccarmnoneeabi@1.70201.0/bin/../lib/gcc/arm-none-eabi/7.2.1/thumb/v7e-m\libgcc.a(_arm_addsubsf3.o)
                0x08000c3c                __aeabi_frsub
                0x08000c44                __subsf3
                0x08000c44                __aeabi_fsub
                0x08000c48                __aeabi_fadd
                0x08000c48                __addsf3
                0x08000da8                __aeabi_ui2f
                0x08000da8                __floatunsisf
                0x08000db0                __aeabi_i2f
                0x08000db0                __floatsisf
                0x08000dcc                __aeabi_ul2f
                0x08000dcc                __floatundisf
                0x08000ddc                __aeabi_l2f
                0x08000ddc                __floatdisf
 *(.text*)
 .text.Reset_Handler
                0x08000e58       0x50 .pio\build\genericSTM32F405RG\FrameworkCMSIS\gcc\startup_stm32f405xx.o
                0x08000e58                Reset_Handler
 .text.Default_Handler
                0x08000ea8        0x2 .pio\build\genericSTM32F405RG\FrameworkCMSIS\gcc\startup_stm32f405xx.o
                0x08000ea8                RTC_Alarm_IRQHandler
                0x08000ea8                HASH_RNG_IRQHandler
                0x08000ea8                EXTI2_IRQHandler
                0x08000ea8                TIM8_CC_IRQHandler
                0x08000ea8                DebugMon_Handler
                0x08000ea8                TIM1_CC_IRQHandler
                0x08000ea8                DMA2_Stream5_IRQHandler
                0x08000ea8                HardFault_Handler
                0x08000ea8                DMA1_Stream5_IRQHandler
                0x08000ea8                SysTick_Handler
                0x08000ea8                PVD_IRQHandler
                0x08000ea8                SDIO_IRQHandler
                0x08000ea8                TAMP_STAMP_IRQHandler
                0x08000ea8                PendSV_Handler
                0x08000ea8                NMI_Handler
                0x08000ea8                CAN2_RX1_IRQHandler
                0x08000ea8                EXTI3_IRQHandler
                0x08000ea8                TIM1_UP_TIM10_IRQHandler
                0x08000ea8                TIM8_UP_TIM13_IRQHandler
                0x08000ea8                I2C3_ER_IRQHandler
                0x08000ea8                EXTI0_IRQHandler
                0x08000ea8                I2C2_EV_IRQHandler
                0x08000ea8                DMA1_Stream2_IRQHandler
                0x08000ea8                CAN1_RX0_IRQHandler
                0x08000ea8                FPU_IRQHandler
                0x08000ea8                OTG_HS_WKUP_IRQHandler
                0x08000ea8                UsageFault_Handler
                0x08000ea8                CAN2_SCE_IRQHandler
                0x08000ea8                DMA2_Stream2_IRQHandler
                0x08000ea8                SPI1_IRQHandler
                0x08000ea8                TIM6_DAC_IRQHandler
                0x08000ea8                TIM1_BRK_TIM9_IRQHandler
                0x08000ea8                CAN2_RX0_IRQHandler
                0x08000ea8                DMA2_Stream3_IRQHandler
                0x08000ea8                USART6_IRQHandler
                0x08000ea8                USART3_IRQHandler
                0x08000ea8                CAN1_RX1_IRQHandler
                0x08000ea8                UART5_IRQHandler
                0x08000ea8                DMA2_Stream0_IRQHandler
                0x08000ea8                TIM4_IRQHandler
                0x08000ea8                I2C1_EV_IRQHandler
                0x08000ea8                DMA1_Stream6_IRQHandler
                0x08000ea8                DMA1_Stream1_IRQHandler
                0x08000ea8                UART4_IRQHandler
                0x08000ea8                TIM3_IRQHandler
                0x08000ea8                RCC_IRQHandler
                0x08000ea8                TIM8_BRK_TIM12_IRQHandler
                0x08000ea8                Default_Handler
                0x08000ea8                EXTI15_10_IRQHandler
                0x08000ea8                ADC_IRQHandler
                0x08000ea8                DMA1_Stream7_IRQHandler
                0x08000ea8                TIM7_IRQHandler
                0x08000ea8                CAN2_TX_IRQHandler
                0x08000ea8                TIM5_IRQHandler
                0x08000ea8                DMA2_Stream7_IRQHandler
                0x08000ea8                I2C3_EV_IRQHandler
                0x08000ea8                EXTI9_5_IRQHandler
                0x08000ea8                RTC_WKUP_IRQHandler
                0x08000ea8                SPI2_IRQHandler
                0x08000ea8                OTG_HS_EP1_IN_IRQHandler
                0x08000ea8                MemManage_Handler
                0x08000ea8                DMA1_Stream0_IRQHandler
                0x08000ea8                CAN1_TX_IRQHandler
                0x08000ea8                SVC_Handler
                0x08000ea8                EXTI4_IRQHandler
                0x08000ea8                FSMC_IRQHandler
                0x08000ea8                OTG_HS_EP1_OUT_IRQHandler
                0x08000ea8                WWDG_IRQHandler
                0x08000ea8                TIM2_IRQHandler
                0x08000ea8                OTG_FS_WKUP_IRQHandler
                0x08000ea8                TIM1_TRG_COM_TIM11_IRQHandler
                0x08000ea8                OTG_HS_IRQHandler
                0x08000ea8                EXTI1_IRQHandler
                0x08000ea8                USART2_IRQHandler
                0x08000ea8                I2C2_ER_IRQHandler
                0x08000ea8                DMA2_Stream1_IRQHandler
                0x08000ea8                CAN1_SCE_IRQHandler
                0x08000ea8                FLASH_IRQHandler
                0x08000ea8                DMA2_Stream4_IRQHandler
                0x08000ea8                BusFault_Handler
                0x08000ea8                OTG_FS_IRQHandler
                0x08000ea8                SPI3_IRQHandler
                0x08000ea8                DMA1_Stream4_IRQHandler
                0x08000ea8                I2C1_ER_IRQHandler
                0x08000ea8                DMA2_Stream6_IRQHandler
                0x08000ea8                DMA1_Stream3_IRQHandler
 *fill*         0x08000eaa        0x2 
 .text.SystemInit
                0x08000eac       0x10 .pio\build\genericSTM32F405RG\FrameworkCMSIS\system_stm32f4xx.o
                0x08000eac                SystemInit
 .text.TIM8_TRG_COM_TIM14_IRQHandler
                0x08000ebc      0x15c .pio\build\genericSTM32F405RG\src\Core\Src\stm32f4xx_it.o
                0x08000ebc                TIM8_TRG_COM_TIM14_IRQHandler
 .text.LL_ADC_CommonInit
                0x08001018       0x54 .pio\build\genericSTM32F405RG\src\Drivers\STM32F4xx_HAL_Driver\Src\stm32f4xx_ll_adc.o
                0x08001018                LL_ADC_CommonInit
 .text.LL_ADC_Init
                0x0800106c       0x32 .pio\build\genericSTM32F405RG\src\Drivers\STM32F4xx_HAL_Driver\Src\stm32f4xx_ll_adc.o
                0x0800106c                LL_ADC_Init
 *fill*         0x0800109e        0x2 
 .text.LL_ADC_REG_Init
                0x080010a0       0x50 .pio\build\genericSTM32F405RG\src\Drivers\STM32F4xx_HAL_Driver\Src\stm32f4xx_ll_adc.o
                0x080010a0                LL_ADC_REG_Init
 .text.LL_DAC_Init
                0x080010f0       0x52 .pio\build\genericSTM32F405RG\src\Drivers\STM32F4xx_HAL_Driver\Src\stm32f4xx_ll_dac.o
                0x080010f0                LL_DAC_Init
 .text.LL_GPIO_Init
                0x08001142      0x13c .pio\build\genericSTM32F405RG\src\Drivers\STM32F4xx_HAL_Driver\Src\stm32f4xx_ll_gpio.o
                0x08001142                LL_GPIO_Init
 .text.LL_SPI_Init
                0x0800127e       0x62 .pio\build\genericSTM32F405RG\src\Drivers\STM32F4xx_HAL_Driver\Src\stm32f4xx_ll_spi.o
                0x0800127e                LL_SPI_Init
 .text.LL_TIM_Init
                0x080012e0       0xc8 .pio\build\genericSTM32F405RG\src\Drivers\STM32F4xx_HAL_Driver\Src\stm32f4xx_ll_tim.o
                0x080012e0                LL_TIM_Init
 .text.LL_TIM_OC_Init
                0x080013a8      0x1b0 .pio\build\genericSTM32F405RG\src\Drivers\STM32F4xx_HAL_Driver\Src\stm32f4xx_ll_tim.o
                0x080013a8                LL_TIM_OC_Init
 .text.LL_Init1msTick
                0x08001558       0x1c .pio\build\genericSTM32F405RG\src\Drivers\STM32F4xx_HAL_Driver\Src\stm32f4xx_ll_utils.o
                0x08001558                LL_Init1msTick
 .text.LL_SetSystemCoreClock
                0x08001574        0xc .pio\build\genericSTM32F405RG\src\Drivers\STM32F4xx_HAL_Driver\Src\stm32f4xx_ll_utils.o
                0x08001574                LL_SetSystemCoreClock
 .text._ZN4gpio9gpio_initEP12GPIO_TypeDefm9gpio_type9gpio_mode10gpio_speed17gpio_pull_up_down
                0x08001580       0x5c .pio\build\genericSTM32F405RG\src\gpio.o
                0x08001580                gpio::gpio_init(GPIO_TypeDef*, unsigned long, gpio_type, gpio_mode, gpio_speed, gpio_pull_up_down)
 .text._ZN4gpio13set_pin_stateEP12GPIO_TypeDefhh
                0x080015dc       0x20 .pio\build\genericSTM32F405RG\src\gpio.o
                0x080015dc                gpio::set_pin_state(GPIO_TypeDef*, unsigned char, unsigned char)
 .text._ZN4gpio9config_afEP12GPIO_TypeDefhh
                0x080015fc       0x1e .pio\build\genericSTM32F405RG\src\gpio.o
                0x080015fc                gpio::config_af(GPIO_TypeDef*, unsigned char, unsigned char)
 *fill*         0x0800161a        0x2 
 .text.LL_AHB1_GRP1_EnableClock
                0x0800161c       0x1c .pio\build\genericSTM32F405RG\src\main.o
 .text.LL_APB1_GRP1_EnableClock
                0x08001638       0x1c .pio\build\genericSTM32F405RG\src\main.o
 .text._ZNSt6vectorIcSaIcEED2Ev
                0x08001654       0x10 .pio\build\genericSTM32F405RG\src\main.o
                0x08001654                std::vector<char, std::allocator<char> >::~vector()
                0x08001654                std::vector<char, std::allocator<char> >::~vector()
 .text.NVIC_EncodePriority.constprop.17
                0x08001664       0x2a .pio\build\genericSTM32F405RG\src\main.o
 *fill*         0x0800168e        0x2 
 .text._Z8ADC_SCANv
                0x08001690      0x278 .pio\build\genericSTM32F405RG\src\main.o
                0x08001690                ADC_SCAN()
 .text._Z18SystemClock_Configv
                0x08001908       0x84 .pio\build\genericSTM32F405RG\src\main.o
                0x08001908                SystemClock_Config()
 .text.startup.main
                0x0800198c      0x6bc .pio\build\genericSTM32F405RG\src\main.o
                0x0800198c                main
 .text.USART1_IRQHandler
                0x08002048       0xa8 .pio\build\genericSTM32F405RG\src\main.o
                0x08002048                USART1_IRQHandler
 .text.startup._GLOBAL__sub_I_TxBuffer
                0x080020f0       0x20 .pio\build\genericSTM32F405RG\src\main.o
 .text._ZN5usart14GetBBRsettingsEmf
                0x08002110       0x30 .pio\build\genericSTM32F405RG\src\usart.o
                0x08002110                usart::GetBBRsettings(unsigned long, float)
 .text._ZN5usart10usart_initEv
                0x08002140       0x48 .pio\build\genericSTM32F405RG\src\usart.o
                0x08002140                usart::usart_init()
 .text._ZN5usart12uart_tx_byteEh
                0x08002188       0x10 .pio\build\genericSTM32F405RG\src\usart.o
                0x08002188                usart::uart_tx_byte(unsigned char)
 .text._ZN5usart12uart_tx_dataEPKc
                0x08002198       0x34 .pio\build\genericSTM32F405RG\src\usart.o
                0x08002198                usart::uart_tx_data(char const*)
 .text._ZdlPv   0x080021cc        0x4 c:/users/a.vasilchenko/.platformio/packages/toolchain-gccarmnoneeabi@1.70201.0/bin/../lib/gcc/arm-none-eabi/7.2.1/../../../../arm-none-eabi/lib/thumb/v7e-m\libstdc++_nano.a(del_op.o)
                0x080021cc                operator delete(void*)
 .text.__aeabi_atexit
                0x080021d0        0xa c:/users/a.vasilchenko/.platformio/packages/toolchain-gccarmnoneeabi@1.70201.0/bin/../lib/gcc/arm-none-eabi/7.2.1/../../../../arm-none-eabi/lib/thumb/v7e-m\libstdc++_nano.a(atexit_arm.o)
                0x080021d0                __aeabi_atexit
 *fill*         0x080021da        0x2 
 .text.roundf   0x080021dc       0x48 c:/users/a.vasilchenko/.platformio/packages/toolchain-gccarmnoneeabi@1.70201.0/bin/../lib/gcc/arm-none-eabi/7.2.1/../../../../arm-none-eabi/lib/thumb/v7e-m\libm.a(lib_a-sf_round.o)
                0x080021dc                roundf
 .text.sqrt     0x08002224       0xbc c:/users/a.vasilchenko/.platformio/packages/toolchain-gccarmnoneeabi@1.70201.0/bin/../lib/gcc/arm-none-eabi/7.2.1/../../../../arm-none-eabi/lib/thumb/v7e-m\libm.a(lib_a-w_sqrt.o)
                0x08002224                sqrt
 .text.__ieee754_sqrt
                0x080022e0      0x184 c:/users/a.vasilchenko/.platformio/packages/toolchain-gccarmnoneeabi@1.70201.0/bin/../lib/gcc/arm-none-eabi/7.2.1/../../../../arm-none-eabi/lib/thumb/v7e-m\libm.a(lib_a-e_sqrt.o)
                0x080022e0                __ieee754_sqrt
 .text.matherr  0x08002464        0x4 c:/users/a.vasilchenko/.platformio/packages/toolchain-gccarmnoneeabi@1.70201.0/bin/../lib/gcc/arm-none-eabi/7.2.1/../../../../arm-none-eabi/lib/thumb/v7e-m\libm.a(lib_a-s_matherr.o)
                0x08002464                matherr
 .text.__cxa_atexit
                0x08002468       0x1c c:/users/a.vasilchenko/.platformio/packages/toolchain-gccarmnoneeabi@1.70201.0/bin/../lib/gcc/arm-none-eabi/7.2.1/../../../../arm-none-eabi/lib/thumb/v7e-m\libc_nano.a(lib_a-cxa_atexit.o)
                0x08002468                __cxa_atexit
 .text.__errno  0x08002484        0xc c:/users/a.vasilchenko/.platformio/packages/toolchain-gccarmnoneeabi@1.70201.0/bin/../lib/gcc/arm-none-eabi/7.2.1/../../../../arm-none-eabi/lib/thumb/v7e-m\libc_nano.a(lib_a-errno.o)
                0x08002484                __errno
 .text.__libc_init_array
                0x08002490       0x48 c:/users/a.vasilchenko/.platformio/packages/toolchain-gccarmnoneeabi@1.70201.0/bin/../lib/gcc/arm-none-eabi/7.2.1/../../../../arm-none-eabi/lib/thumb/v7e-m\libc_nano.a(lib_a-init.o)
                0x08002490                __libc_init_array
 .text.free     0x080024d8       0x10 c:/users/a.vasilchenko/.platformio/packages/toolchain-gccarmnoneeabi@1.70201.0/bin/../lib/gcc/arm-none-eabi/7.2.1/../../../../arm-none-eabi/lib/thumb/v7e-m\libc_nano.a(lib_a-malloc.o)
                0x080024d8                free
 .text.memset   0x080024e8       0x10 c:/users/a.vasilchenko/.platformio/packages/toolchain-gccarmnoneeabi@1.70201.0/bin/../lib/gcc/arm-none-eabi/7.2.1/../../../../arm-none-eabi/lib/thumb/v7e-m\libc_nano.a(lib_a-memset.o)
                0x080024e8                memset
 .text._free_r  0x080024f8       0x9c c:/users/a.vasilchenko/.platformio/packages/toolchain-gccarmnoneeabi@1.70201.0/bin/../lib/gcc/arm-none-eabi/7.2.1/../../../../arm-none-eabi/lib/thumb/v7e-m\libc_nano.a(lib_a-nano-freer.o)
                0x080024f8                _free_r
 .text._malloc_r
                0x08002594       0xb4 c:/users/a.vasilchenko/.platformio/packages/toolchain-gccarmnoneeabi@1.70201.0/bin/../lib/gcc/arm-none-eabi/7.2.1/../../../../arm-none-eabi/lib/thumb/v7e-m\libc_nano.a(lib_a-nano-mallocr.o)
                0x08002594                _malloc_r
 .text._sbrk_r  0x08002648       0x20 c:/users/a.vasilchenko/.platformio/packages/toolchain-gccarmnoneeabi@1.70201.0/bin/../lib/gcc/arm-none-eabi/7.2.1/../../../../arm-none-eabi/lib/thumb/v7e-m\libc_nano.a(lib_a-sbrkr.o)
                0x08002648                _sbrk_r
 .text.sprintf  0x08002668       0x40 c:/users/a.vasilchenko/.platformio/packages/toolchain-gccarmnoneeabi@1.70201.0/bin/../lib/gcc/arm-none-eabi/7.2.1/../../../../arm-none-eabi/lib/thumb/v7e-m\libc_nano.a(lib_a-sprintf.o)
                0x08002668                siprintf
                0x08002668                sprintf
 .text.__malloc_lock
                0x080026a8        0x2 c:/users/a.vasilchenko/.platformio/packages/toolchain-gccarmnoneeabi@1.70201.0/bin/../lib/gcc/arm-none-eabi/7.2.1/../../../../arm-none-eabi/lib/thumb/v7e-m\libc_nano.a(lib_a-mlock.o)
                0x080026a8                __malloc_lock
 .text.__malloc_unlock
                0x080026aa        0x2 c:/users/a.vasilchenko/.platformio/packages/toolchain-gccarmnoneeabi@1.70201.0/bin/../lib/gcc/arm-none-eabi/7.2.1/../../../../arm-none-eabi/lib/thumb/v7e-m\libc_nano.a(lib_a-mlock.o)
                0x080026aa                __malloc_unlock
 .text.__ssputs_r
                0x080026ac       0xb4 c:/users/a.vasilchenko/.platformio/packages/toolchain-gccarmnoneeabi@1.70201.0/bin/../lib/gcc/arm-none-eabi/7.2.1/../../../../arm-none-eabi/lib/thumb/v7e-m\libc_nano.a(lib_a-nano-svfprintf.o)
                0x080026ac                __ssputs_r
 .text._svfprintf_r
                0x08002760      0x1ec c:/users/a.vasilchenko/.platformio/packages/toolchain-gccarmnoneeabi@1.70201.0/bin/../lib/gcc/arm-none-eabi/7.2.1/../../../../arm-none-eabi/lib/thumb/v7e-m\libc_nano.a(lib_a-nano-svfprintf.o)
                0x08002760                _svfiprintf_r
                0x08002760                _svfprintf_r
 .text._printf_common
                0x0800294c       0xea c:/users/a.vasilchenko/.platformio/packages/toolchain-gccarmnoneeabi@1.70201.0/bin/../lib/gcc/arm-none-eabi/7.2.1/../../../../arm-none-eabi/lib/thumb/v7e-m\libc_nano.a(lib_a-nano-vfprintf_i.o)
                0x0800294c                _printf_common
 *fill*         0x08002a36        0x2 
 .text._printf_i
                0x08002a38      0x224 c:/users/a.vasilchenko/.platformio/packages/toolchain-gccarmnoneeabi@1.70201.0/bin/../lib/gcc/arm-none-eabi/7.2.1/../../../../arm-none-eabi/lib/thumb/v7e-m\libc_nano.a(lib_a-nano-vfprintf_i.o)
                0x08002a38                _printf_i
 .text.memcpy   0x08002c5c       0x16 c:/users/a.vasilchenko/.platformio/packages/toolchain-gccarmnoneeabi@1.70201.0/bin/../lib/gcc/arm-none-eabi/7.2.1/../../../../arm-none-eabi/lib/thumb/v7e-m\libc_nano.a(lib_a-memcpy-stub.o)
                0x08002c5c                memcpy
 .text.memmove  0x08002c72       0x32 c:/users/a.vasilchenko/.platformio/packages/toolchain-gccarmnoneeabi@1.70201.0/bin/../lib/gcc/arm-none-eabi/7.2.1/../../../../arm-none-eabi/lib/thumb/v7e-m\libc_nano.a(lib_a-memmove.o)
                0x08002c72                memmove
 .text._realloc_r
                0x08002ca4       0x4c c:/users/a.vasilchenko/.platformio/packages/toolchain-gccarmnoneeabi@1.70201.0/bin/../lib/gcc/arm-none-eabi/7.2.1/../../../../arm-none-eabi/lib/thumb/v7e-m\libc_nano.a(lib_a-nano-reallocr.o)
                0x08002ca4                _realloc_r
 .text._malloc_usable_size_r
                0x08002cf0       0x10 c:/users/a.vasilchenko/.platformio/packages/toolchain-gccarmnoneeabi@1.70201.0/bin/../lib/gcc/arm-none-eabi/7.2.1/../../../../arm-none-eabi/lib/thumb/v7e-m\libc_nano.a(lib_a-nano-msizer.o)
                0x08002cf0                _malloc_usable_size_r
 .text._sbrk    0x08002d00       0x1c c:/users/a.vasilchenko/.platformio/packages/toolchain-gccarmnoneeabi@1.70201.0/bin/../lib/gcc/arm-none-eabi/7.2.1/../../../../arm-none-eabi/lib/thumb/v7e-m\libnosys.a(sbrk.o)
                0x08002d00                _sbrk
 *(.glue_7)
 .glue_7        0x08002d1c        0x0 linker stubs
 *(.glue_7t)
 .glue_7t       0x08002d1c        0x0 linker stubs
 *(.eh_frame)
 .eh_frame      0x08002d1c        0x0 c:/users/a.vasilchenko/.platformio/packages/toolchain-gccarmnoneeabi@1.70201.0/bin/../lib/gcc/arm-none-eabi/7.2.1/thumb/v7e-m/crtbegin.o
 *(.init)
 .init          0x08002d1c        0x4 c:/users/a.vasilchenko/.platformio/packages/toolchain-gccarmnoneeabi@1.70201.0/bin/../lib/gcc/arm-none-eabi/7.2.1/thumb/v7e-m/crti.o
                0x08002d1c                _init
 .init          0x08002d20        0x8 c:/users/a.vasilchenko/.platformio/packages/toolchain-gccarmnoneeabi@1.70201.0/bin/../lib/gcc/arm-none-eabi/7.2.1/thumb/v7e-m/crtn.o
 *(.fini)
 .fini          0x08002d28        0x4 c:/users/a.vasilchenko/.platformio/packages/toolchain-gccarmnoneeabi@1.70201.0/bin/../lib/gcc/arm-none-eabi/7.2.1/thumb/v7e-m/crti.o
                0x08002d28                _fini
 .fini          0x08002d2c        0x8 c:/users/a.vasilchenko/.platformio/packages/toolchain-gccarmnoneeabi@1.70201.0/bin/../lib/gcc/arm-none-eabi/7.2.1/thumb/v7e-m/crtn.o
                0x08002d34                . = ALIGN (0x4)
                0x08002d34                _etext = .

.vfp11_veneer   0x08002d34        0x0
 .vfp11_veneer  0x08002d34        0x0 linker stubs

.v4_bx          0x08002d34        0x0
 .v4_bx         0x08002d34        0x0 linker stubs

.iplt           0x08002d34        0x0
 .iplt          0x08002d34        0x0 c:/users/a.vasilchenko/.platformio/packages/toolchain-gccarmnoneeabi@1.70201.0/bin/../lib/gcc/arm-none-eabi/7.2.1/thumb/v7e-m/crtbegin.o

.rodata         0x08002d34       0x98
                0x08002d34                . = ALIGN (0x4)
 *(.rodata)
 *(.rodata*)
 .rodata.USART1_IRQHandler.str1.1
                0x08002d34       0x40 .pio\build\genericSTM32F405RG\src\main.o
 .rodata.main.str1.1
                0x08002d74       0x1c .pio\build\genericSTM32F405RG\src\main.o
 .rodata.sqrt.str1.4
                0x08002d90        0x8 c:/users/a.vasilchenko/.platformio/packages/toolchain-gccarmnoneeabi@1.70201.0/bin/../lib/gcc/arm-none-eabi/7.2.1/../../../../arm-none-eabi/lib/thumb/v7e-m\libm.a(lib_a-w_sqrt.o)
                                  0x5 (size before relaxing)
 .rodata._svfprintf_r.str1.1
                0x08002d98       0x11 c:/users/a.vasilchenko/.platformio/packages/toolchain-gccarmnoneeabi@1.70201.0/bin/../lib/gcc/arm-none-eabi/7.2.1/../../../../arm-none-eabi/lib/thumb/v7e-m\libc_nano.a(lib_a-nano-svfprintf.o)
 .rodata._printf_i.str1.1
                0x08002da9       0x22 c:/users/a.vasilchenko/.platformio/packages/toolchain-gccarmnoneeabi@1.70201.0/bin/../lib/gcc/arm-none-eabi/7.2.1/../../../../arm-none-eabi/lib/thumb/v7e-m\libc_nano.a(lib_a-nano-vfprintf_i.o)
                0x08002dcc                . = ALIGN (0x4)
 *fill*         0x08002dcb        0x1 

.rel.dyn        0x08002dcc        0x0
 .rel.iplt      0x08002dcc        0x0 c:/users/a.vasilchenko/.platformio/packages/toolchain-gccarmnoneeabi@1.70201.0/bin/../lib/gcc/arm-none-eabi/7.2.1/thumb/v7e-m/crtbegin.o

.ARM.extab      0x08002dcc        0x0
                0x08002dcc                . = ALIGN (0x4)
 *(.ARM.extab* .gnu.linkonce.armextab.*)
                0x08002dcc                . = ALIGN (0x4)

.ARM            0x08002dcc        0x0
                0x08002dcc                . = ALIGN (0x4)
                0x08002dcc                __exidx_start = .
 *(.ARM.exidx*)
                0x08002dcc                __exidx_end = .
                0x08002dcc                . = ALIGN (0x4)

.preinit_array  0x08002dcc        0x0
                0x08002dcc                . = ALIGN (0x4)
                0x08002dcc                PROVIDE (__preinit_array_start, .)
 *(.preinit_array*)
                0x08002dcc                PROVIDE (__preinit_array_end, .)
                0x08002dcc                . = ALIGN (0x4)

.init_array     0x08002dcc        0x8
                0x08002dcc                . = ALIGN (0x4)
                0x08002dcc                PROVIDE (__init_array_start, .)
 *(SORT_BY_NAME(.init_array.*))
 *(.init_array*)
 .init_array    0x08002dcc        0x4 c:/users/a.vasilchenko/.platformio/packages/toolchain-gccarmnoneeabi@1.70201.0/bin/../lib/gcc/arm-none-eabi/7.2.1/thumb/v7e-m/crtbegin.o
 .init_array    0x08002dd0        0x4 .pio\build\genericSTM32F405RG\src\main.o
                0x08002dd4                PROVIDE (__init_array_end, .)
                0x08002dd4                . = ALIGN (0x4)

.fini_array     0x08002dd4        0x4
                0x08002dd4                . = ALIGN (0x4)
                [!provide]                PROVIDE (__fini_array_start, .)
 *(SORT_BY_NAME(.fini_array.*))
 *(.fini_array*)
 .fini_array    0x08002dd4        0x4 c:/users/a.vasilchenko/.platformio/packages/toolchain-gccarmnoneeabi@1.70201.0/bin/../lib/gcc/arm-none-eabi/7.2.1/thumb/v7e-m/crtbegin.o
                [!provide]                PROVIDE (__fini_array_end, .)
                0x08002dd8                . = ALIGN (0x4)
                0x08002dd8                _sidata = LOADADDR (.data)

.data           0x20000000     0x1e30 load address 0x08002dd8
                0x20000000                . = ALIGN (0x4)
                0x20000000                _sdata = .
 *(.data)
 .data          0x20000000        0x4 c:/users/a.vasilchenko/.platformio/packages/toolchain-gccarmnoneeabi@1.70201.0/bin/../lib/gcc/arm-none-eabi/7.2.1/thumb/v7e-m/crtbegin.o
                0x20000000                __dso_handle
 *(.data*)
 .data.SystemCoreClock
                0x20000004        0x4 .pio\build\genericSTM32F405RG\FrameworkCMSIS\system_stm32f4xx.o
                0x20000004                SystemCoreClock
 .data.bias     0x20000008      0xe12 .pio\build\genericSTM32F405RG\src\Core\Src\bias.o
                0x20000008                bias
 .data.baddr    0x20000e1a        0x2 .pio\build\genericSTM32F405RG\src\Core\Src\stm32f4xx_it.o
                0x20000e1a                baddr
 .data.bias_off
                0x20000e1c        0x2 .pio\build\genericSTM32F405RG\src\Core\Src\stm32f4xx_it.o
                0x20000e1c                bias_off
 .data.threshold
                0x20000e1e        0x2 .pio\build\genericSTM32F405RG\src\Core\Src\stm32f4xx_it.o
                0x20000e1e                threshold
 .data.temp     0x20000e20      0xfa2 .pio\build\genericSTM32F405RG\src\Core\Src\temp.o
                0x20000e20                temp
 .data.led_green
                0x20001dc2        0x1 .pio\build\genericSTM32F405RG\src\main.o
                0x20001dc2                led_green
 .data.led_red  0x20001dc3        0x1 .pio\build\genericSTM32F405RG\src\main.o
                0x20001dc3                led_red
 .data.pin_ready
                0x20001dc4        0x1 .pio\build\genericSTM32F405RG\src\main.o
                0x20001dc4                pin_ready
 .data.spi_miso
                0x20001dc5        0x1 .pio\build\genericSTM32F405RG\src\main.o
                0x20001dc5                spi_miso
 .data.spi_mosi
                0x20001dc6        0x1 .pio\build\genericSTM32F405RG\src\main.o
                0x20001dc6                spi_mosi
 .data.spi_nss  0x20001dc7        0x1 .pio\build\genericSTM32F405RG\src\main.o
                0x20001dc7                spi_nss
 .data.spi_sck  0x20001dc8        0x1 .pio\build\genericSTM32F405RG\src\main.o
                0x20001dc8                spi_sck
 .data.__fdlib_version
                0x20001dc9        0x1 c:/users/a.vasilchenko/.platformio/packages/toolchain-gccarmnoneeabi@1.70201.0/bin/../lib/gcc/arm-none-eabi/7.2.1/../../../../arm-none-eabi/lib/thumb/v7e-m\libm.a(lib_a-s_lib_ver.o)
                0x20001dc9                __fdlib_version
 *fill*         0x20001dca        0x2 
 .data._impure_ptr
                0x20001dcc        0x4 c:/users/a.vasilchenko/.platformio/packages/toolchain-gccarmnoneeabi@1.70201.0/bin/../lib/gcc/arm-none-eabi/7.2.1/../../../../arm-none-eabi/lib/thumb/v7e-m\libc_nano.a(lib_a-impure.o)
                0x20001dcc                _impure_ptr
 .data.impure_data
                0x20001dd0       0x60 c:/users/a.vasilchenko/.platformio/packages/toolchain-gccarmnoneeabi@1.70201.0/bin/../lib/gcc/arm-none-eabi/7.2.1/../../../../arm-none-eabi/lib/thumb/v7e-m\libc_nano.a(lib_a-impure.o)
 *(.RamFunc)
 *(.RamFunc*)
                0x20001e30                . = ALIGN (0x4)
                0x20001e30                _edata = .
                0x08004c08                _siccmram = LOADADDR (.ccmram)

.igot.plt       0x20001e30        0x0 load address 0x08004c08
 .igot.plt      0x20001e30        0x0 c:/users/a.vasilchenko/.platformio/packages/toolchain-gccarmnoneeabi@1.70201.0/bin/../lib/gcc/arm-none-eabi/7.2.1/thumb/v7e-m/crtbegin.o

.ccmram         0x10000000        0x0 load address 0x08004c08
                0x10000000                . = ALIGN (0x4)
                0x10000000                _sccmram = .
 *(.ccmram)
 *(.ccmram*)
                0x10000000                . = ALIGN (0x4)
                0x10000000                _eccmram = .
                0x10000000                . = ALIGN (0x4)

.bss            0x20001e30      0x1ac
                0x20001e30                _sbss = .
                0x20001e30                __bss_start__ = _sbss
 *(.bss)
 .bss           0x20001e30       0x1c c:/users/a.vasilchenko/.platformio/packages/toolchain-gccarmnoneeabi@1.70201.0/bin/../lib/gcc/arm-none-eabi/7.2.1/thumb/v7e-m/crtbegin.o
 *(.bss*)
 .bss.ptr       0x20001e4c        0x1 .pio\build\genericSTM32F405RG\src\Core\Src\stm32f4xx_it.o
                0x20001e4c                ptr
 *fill*         0x20001e4d        0x1 
 .bss.DATA_ADC  0x20001e4e        0x8 .pio\build\genericSTM32F405RG\src\main.o
                0x20001e4e                DATA_ADC
 *fill*         0x20001e56        0x2 
 .bss.DATA_ADCacc
                0x20001e58        0x4 .pio\build\genericSTM32F405RG\src\main.o
                0x20001e58                DATA_ADCacc
 .bss.DATA_ADCacc1
                0x20001e5c        0x4 .pio\build\genericSTM32F405RG\src\main.o
                0x20001e5c                DATA_ADCacc1
 .bss.DATA_ADCacc2
                0x20001e60        0x4 .pio\build\genericSTM32F405RG\src\main.o
                0x20001e60                DATA_ADCacc2
 .bss.DATA_ADCacc3
                0x20001e64        0x4 .pio\build\genericSTM32F405RG\src\main.o
                0x20001e64                DATA_ADCacc3
 .bss.DATA_ADCaccout
                0x20001e68        0x4 .pio\build\genericSTM32F405RG\src\main.o
                0x20001e68                DATA_ADCaccout
 .bss.DATA_ADCaccout1
                0x20001e6c        0x4 .pio\build\genericSTM32F405RG\src\main.o
                0x20001e6c                DATA_ADCaccout1
 .bss.DATA_ADCaccout2
                0x20001e70        0x4 .pio\build\genericSTM32F405RG\src\main.o
                0x20001e70                DATA_ADCaccout2
 .bss.DATA_ADCaccout3
                0x20001e74        0x4 .pio\build\genericSTM32F405RG\src\main.o
                0x20001e74                DATA_ADCaccout3
 .bss.RxBuffer  0x20001e78       0x64 .pio\build\genericSTM32F405RG\src\main.o
                0x20001e78                RxBuffer
 .bss.RxCounter
                0x20001edc        0x1 .pio\build\genericSTM32F405RG\src\main.o
                0x20001edc                RxCounter
 *fill*         0x20001edd        0x3 
 .bss.TxData    0x20001ee0        0xc .pio\build\genericSTM32F405RG\src\main.o
                0x20001ee0                TxData
 .bss.buffer    0x20001eec       0x64 .pio\build\genericSTM32F405RG\src\main.o
                0x20001eec                buffer
 .bss.ctr       0x20001f50        0x2 .pio\build\genericSTM32F405RG\src\main.o
                0x20001f50                ctr
 .bss.dt        0x20001f52        0x2 .pio\build\genericSTM32F405RG\src\main.o
                0x20001f52                dt
 .bss.gpio_stm32f405
                0x20001f54        0x1 .pio\build\genericSTM32F405RG\src\main.o
                0x20001f54                gpio_stm32f405
 .bss.rx0       0x20001f55        0x9 .pio\build\genericSTM32F405RG\src\main.o
                0x20001f55                rx0
 *fill*         0x20001f5e        0x2 
 .bss.temp_ext  0x20001f60        0x8 .pio\build\genericSTM32F405RG\src\main.o
                0x20001f60                temp_ext
 .bss.temp_int  0x20001f68        0x8 .pio\build\genericSTM32F405RG\src\main.o
                0x20001f68                temp_int
 .bss.uart_1    0x20001f70        0x1 .pio\build\genericSTM32F405RG\src\main.o
                0x20001f70                uart_1
 *fill*         0x20001f71        0x7 
 .bss.volt      0x20001f78        0x8 .pio\build\genericSTM32F405RG\src\main.o
                0x20001f78                volt
 .bss.len       0x20001f80        0x1 .pio\build\genericSTM32F405RG\src\usart.o
                0x20001f80                len
 *fill*         0x20001f81        0x3 
 .bss.__malloc_free_list
                0x20001f84        0x4 c:/users/a.vasilchenko/.platformio/packages/toolchain-gccarmnoneeabi@1.70201.0/bin/../lib/gcc/arm-none-eabi/7.2.1/../../../../arm-none-eabi/lib/thumb/v7e-m\libc_nano.a(lib_a-nano-mallocr.o)
                0x20001f84                __malloc_free_list
 .bss.__malloc_sbrk_start
                0x20001f88        0x4 c:/users/a.vasilchenko/.platformio/packages/toolchain-gccarmnoneeabi@1.70201.0/bin/../lib/gcc/arm-none-eabi/7.2.1/../../../../arm-none-eabi/lib/thumb/v7e-m\libc_nano.a(lib_a-nano-mallocr.o)
                0x20001f88                __malloc_sbrk_start
 .bss.heap_end.4102
                0x20001f8c        0x4 c:/users/a.vasilchenko/.platformio/packages/toolchain-gccarmnoneeabi@1.70201.0/bin/../lib/gcc/arm-none-eabi/7.2.1/../../../../arm-none-eabi/lib/thumb/v7e-m\libnosys.a(sbrk.o)
 *(COMMON)
 COMMON         0x20001f90       0x45 .pio\build\genericSTM32F405RG\src\Core\Src\stm32f4xx_it.o
                0x20001f90                lev
                0x20001f91                gcnt
                0x20001f92                spi_rx16
                0x20001f9a                pkuc
                0x20001fa0                rx1
                0x20001fb2                cnt_v
                0x20001fb4                rx2
                0x20001fbe                spi2_v
                0x20001fc3                rx1_s
 *fill*         0x20001fd5        0x3 
 COMMON         0x20001fd8        0x4 c:/users/a.vasilchenko/.platformio/packages/toolchain-gccarmnoneeabi@1.70201.0/bin/../lib/gcc/arm-none-eabi/7.2.1/../../../../arm-none-eabi/lib/thumb/v7e-m\libc_nano.a(lib_a-reent.o)
                0x20001fd8                errno
                0x20001fdc                . = ALIGN (0x4)
                0x20001fdc                _ebss = .
                0x20001fdc                __bss_end__ = _ebss

._user_heap_stack
                0x20001fdc      0x604
                0x20001fe0                . = ALIGN (0x8)
 *fill*         0x20001fdc        0x4 
                0x20001fe0                PROVIDE (end, .)
                [!provide]                PROVIDE (_end, .)
                0x200021e0                . = (. + _Min_Heap_Size)
 *fill*         0x20001fe0      0x200 
                0x200025e0                . = (. + _Min_Stack_Size)
 *fill*         0x200021e0      0x400 
                0x200025e0                . = ALIGN (0x8)

/DISCARD/
 libc.a(*)
 libm.a(*)
 libgcc.a(*)

.ARM.attributes
                0x00000000       0x2a
 *(.ARM.attributes)
 .ARM.attributes
                0x00000000       0x1e c:/users/a.vasilchenko/.platformio/packages/toolchain-gccarmnoneeabi@1.70201.0/bin/../lib/gcc/arm-none-eabi/7.2.1/thumb/v7e-m/crti.o
 .ARM.attributes
                0x0000001e       0x2e c:/users/a.vasilchenko/.platformio/packages/toolchain-gccarmnoneeabi@1.70201.0/bin/../lib/gcc/arm-none-eabi/7.2.1/thumb/v7e-m/crtbegin.o
 .ARM.attributes
                0x0000004c       0x21 .pio\build\genericSTM32F405RG\FrameworkCMSIS\gcc\startup_stm32f405xx.o
 .ARM.attributes
                0x0000006d       0x33 .pio\build\genericSTM32F405RG\FrameworkCMSIS\system_stm32f4xx.o
 .ARM.attributes
                0x000000a0       0x33 .pio\build\genericSTM32F405RG\src\Core\Src\bias.o
 .ARM.attributes
                0x000000d3       0x33 .pio\build\genericSTM32F405RG\src\Core\Src\stm32f4xx_it.o
 .ARM.attributes
                0x00000106       0x33 .pio\build\genericSTM32F405RG\src\Core\Src\temp.o
 .ARM.attributes
                0x00000139       0x33 .pio\build\genericSTM32F405RG\src\Drivers\STM32F4xx_HAL_Driver\Src\stm32f4xx_ll_adc.o
 .ARM.attributes
                0x0000016c       0x33 .pio\build\genericSTM32F405RG\src\Drivers\STM32F4xx_HAL_Driver\Src\stm32f4xx_ll_dac.o
 .ARM.attributes
                0x0000019f       0x33 .pio\build\genericSTM32F405RG\src\Drivers\STM32F4xx_HAL_Driver\Src\stm32f4xx_ll_gpio.o
 .ARM.attributes
                0x000001d2       0x33 .pio\build\genericSTM32F405RG\src\Drivers\STM32F4xx_HAL_Driver\Src\stm32f4xx_ll_spi.o
 .ARM.attributes
                0x00000205       0x33 .pio\build\genericSTM32F405RG\src\Drivers\STM32F4xx_HAL_Driver\Src\stm32f4xx_ll_tim.o
 .ARM.attributes
                0x00000238       0x33 .pio\build\genericSTM32F405RG\src\Drivers\STM32F4xx_HAL_Driver\Src\stm32f4xx_ll_utils.o
 .ARM.attributes
                0x0000026b       0x33 .pio\build\genericSTM32F405RG\src\gpio.o
 .ARM.attributes
                0x0000029e       0x33 .pio\build\genericSTM32F405RG\src\main.o
 .ARM.attributes
                0x000002d1       0x33 .pio\build\genericSTM32F405RG\src\usart.o
 .ARM.attributes
                0x00000304       0x1e c:/users/a.vasilchenko/.platformio/packages/toolchain-gccarmnoneeabi@1.70201.0/bin/../lib/gcc/arm-none-eabi/7.2.1/thumb/v7e-m\libgcc.a(_arm_addsubdf3.o)
 .ARM.attributes
                0x00000322       0x1e c:/users/a.vasilchenko/.platformio/packages/toolchain-gccarmnoneeabi@1.70201.0/bin/../lib/gcc/arm-none-eabi/7.2.1/thumb/v7e-m\libgcc.a(_arm_muldivdf3.o)
 .ARM.attributes
                0x00000340       0x1e c:/users/a.vasilchenko/.platformio/packages/toolchain-gccarmnoneeabi@1.70201.0/bin/../lib/gcc/arm-none-eabi/7.2.1/thumb/v7e-m\libgcc.a(_arm_truncdfsf2.o)
 .ARM.attributes
                0x0000035e       0x1e c:/users/a.vasilchenko/.platformio/packages/toolchain-gccarmnoneeabi@1.70201.0/bin/../lib/gcc/arm-none-eabi/7.2.1/thumb/v7e-m\libgcc.a(_arm_fixunssfsi.o)
 .ARM.attributes
                0x0000037c       0x2e c:/users/a.vasilchenko/.platformio/packages/toolchain-gccarmnoneeabi@1.70201.0/bin/../lib/gcc/arm-none-eabi/7.2.1/../../../../arm-none-eabi/lib/thumb/v7e-m\libstdc++_nano.a(del_op.o)
 .ARM.attributes
                0x000003aa       0x2e c:/users/a.vasilchenko/.platformio/packages/toolchain-gccarmnoneeabi@1.70201.0/bin/../lib/gcc/arm-none-eabi/7.2.1/../../../../arm-none-eabi/lib/thumb/v7e-m\libstdc++_nano.a(atexit_arm.o)
 .ARM.attributes
                0x000003d8       0x2e c:/users/a.vasilchenko/.platformio/packages/toolchain-gccarmnoneeabi@1.70201.0/bin/../lib/gcc/arm-none-eabi/7.2.1/../../../../arm-none-eabi/lib/thumb/v7e-m\libm.a(lib_a-sf_round.o)
 .ARM.attributes
                0x00000406       0x2e c:/users/a.vasilchenko/.platformio/packages/toolchain-gccarmnoneeabi@1.70201.0/bin/../lib/gcc/arm-none-eabi/7.2.1/../../../../arm-none-eabi/lib/thumb/v7e-m\libm.a(lib_a-w_sqrt.o)
 .ARM.attributes
                0x00000434       0x2e c:/users/a.vasilchenko/.platformio/packages/toolchain-gccarmnoneeabi@1.70201.0/bin/../lib/gcc/arm-none-eabi/7.2.1/../../../../arm-none-eabi/lib/thumb/v7e-m\libm.a(lib_a-e_sqrt.o)
 .ARM.attributes
                0x00000462       0x2e c:/users/a.vasilchenko/.platformio/packages/toolchain-gccarmnoneeabi@1.70201.0/bin/../lib/gcc/arm-none-eabi/7.2.1/../../../../arm-none-eabi/lib/thumb/v7e-m\libm.a(lib_a-s_lib_ver.o)
 .ARM.attributes
                0x00000490       0x2e c:/users/a.vasilchenko/.platformio/packages/toolchain-gccarmnoneeabi@1.70201.0/bin/../lib/gcc/arm-none-eabi/7.2.1/../../../../arm-none-eabi/lib/thumb/v7e-m\libm.a(lib_a-s_matherr.o)
 .ARM.attributes
                0x000004be       0x2e c:/users/a.vasilchenko/.platformio/packages/toolchain-gccarmnoneeabi@1.70201.0/bin/../lib/gcc/arm-none-eabi/7.2.1/../../../../arm-none-eabi/lib/thumb/v7e-m\libc_nano.a(lib_a-cxa_atexit.o)
 .ARM.attributes
                0x000004ec       0x2e c:/users/a.vasilchenko/.platformio/packages/toolchain-gccarmnoneeabi@1.70201.0/bin/../lib/gcc/arm-none-eabi/7.2.1/../../../../arm-none-eabi/lib/thumb/v7e-m\libc_nano.a(lib_a-errno.o)
 .ARM.attributes
                0x0000051a       0x2e c:/users/a.vasilchenko/.platformio/packages/toolchain-gccarmnoneeabi@1.70201.0/bin/../lib/gcc/arm-none-eabi/7.2.1/../../../../arm-none-eabi/lib/thumb/v7e-m\libc_nano.a(lib_a-impure.o)
 .ARM.attributes
                0x00000548       0x2e c:/users/a.vasilchenko/.platformio/packages/toolchain-gccarmnoneeabi@1.70201.0/bin/../lib/gcc/arm-none-eabi/7.2.1/../../../../arm-none-eabi/lib/thumb/v7e-m\libc_nano.a(lib_a-init.o)
 .ARM.attributes
                0x00000576       0x2e c:/users/a.vasilchenko/.platformio/packages/toolchain-gccarmnoneeabi@1.70201.0/bin/../lib/gcc/arm-none-eabi/7.2.1/../../../../arm-none-eabi/lib/thumb/v7e-m\libc_nano.a(lib_a-malloc.o)
 .ARM.attributes
                0x000005a4       0x2e c:/users/a.vasilchenko/.platformio/packages/toolchain-gccarmnoneeabi@1.70201.0/bin/../lib/gcc/arm-none-eabi/7.2.1/../../../../arm-none-eabi/lib/thumb/v7e-m\libc_nano.a(lib_a-memset.o)
 .ARM.attributes
                0x000005d2       0x2e c:/users/a.vasilchenko/.platformio/packages/toolchain-gccarmnoneeabi@1.70201.0/bin/../lib/gcc/arm-none-eabi/7.2.1/../../../../arm-none-eabi/lib/thumb/v7e-m\libc_nano.a(lib_a-nano-freer.o)
 .ARM.attributes
                0x00000600       0x2e c:/users/a.vasilchenko/.platformio/packages/toolchain-gccarmnoneeabi@1.70201.0/bin/../lib/gcc/arm-none-eabi/7.2.1/../../../../arm-none-eabi/lib/thumb/v7e-m\libc_nano.a(lib_a-nano-mallocr.o)
 .ARM.attributes
                0x0000062e       0x2e c:/users/a.vasilchenko/.platformio/packages/toolchain-gccarmnoneeabi@1.70201.0/bin/../lib/gcc/arm-none-eabi/7.2.1/../../../../arm-none-eabi/lib/thumb/v7e-m\libc_nano.a(lib_a-sbrkr.o)
 .ARM.attributes
                0x0000065c       0x2e c:/users/a.vasilchenko/.platformio/packages/toolchain-gccarmnoneeabi@1.70201.0/bin/../lib/gcc/arm-none-eabi/7.2.1/../../../../arm-none-eabi/lib/thumb/v7e-m\libc_nano.a(lib_a-sprintf.o)
 .ARM.attributes
                0x0000068a       0x17 c:/users/a.vasilchenko/.platformio/packages/toolchain-gccarmnoneeabi@1.70201.0/bin/../lib/gcc/arm-none-eabi/7.2.1/../../../../arm-none-eabi/lib/thumb/v7e-m\libc_nano.a(lib_a-strlen.o)
 .ARM.attributes
                0x000006a1       0x2e c:/users/a.vasilchenko/.platformio/packages/toolchain-gccarmnoneeabi@1.70201.0/bin/../lib/gcc/arm-none-eabi/7.2.1/../../../../arm-none-eabi/lib/thumb/v7e-m\libc_nano.a(lib_a-mlock.o)
 .ARM.attributes
                0x000006cf       0x2e c:/users/a.vasilchenko/.platformio/packages/toolchain-gccarmnoneeabi@1.70201.0/bin/../lib/gcc/arm-none-eabi/7.2.1/../../../../arm-none-eabi/lib/thumb/v7e-m\libc_nano.a(lib_a-nano-svfprintf.o)
 .ARM.attributes
                0x000006fd       0x2e c:/users/a.vasilchenko/.platformio/packages/toolchain-gccarmnoneeabi@1.70201.0/bin/../lib/gcc/arm-none-eabi/7.2.1/../../../../arm-none-eabi/lib/thumb/v7e-m\libc_nano.a(lib_a-nano-vfprintf_i.o)
 .ARM.attributes
                0x0000072b       0x2e c:/users/a.vasilchenko/.platformio/packages/toolchain-gccarmnoneeabi@1.70201.0/bin/../lib/gcc/arm-none-eabi/7.2.1/../../../../arm-none-eabi/lib/thumb/v7e-m\libc_nano.a(lib_a-reent.o)
 .ARM.attributes
                0x00000759       0x1c c:/users/a.vasilchenko/.platformio/packages/toolchain-gccarmnoneeabi@1.70201.0/bin/../lib/gcc/arm-none-eabi/7.2.1/../../../../arm-none-eabi/lib/thumb/v7e-m\libc_nano.a(lib_a-memchr.o)
 .ARM.attributes
                0x00000775       0x2e c:/users/a.vasilchenko/.platformio/packages/toolchain-gccarmnoneeabi@1.70201.0/bin/../lib/gcc/arm-none-eabi/7.2.1/../../../../arm-none-eabi/lib/thumb/v7e-m\libc_nano.a(lib_a-memcpy-stub.o)
 .ARM.attributes
                0x000007a3       0x2e c:/users/a.vasilchenko/.platformio/packages/toolchain-gccarmnoneeabi@1.70201.0/bin/../lib/gcc/arm-none-eabi/7.2.1/../../../../arm-none-eabi/lib/thumb/v7e-m\libc_nano.a(lib_a-memmove.o)
 .ARM.attributes
                0x000007d1       0x2e c:/users/a.vasilchenko/.platformio/packages/toolchain-gccarmnoneeabi@1.70201.0/bin/../lib/gcc/arm-none-eabi/7.2.1/../../../../arm-none-eabi/lib/thumb/v7e-m\libc_nano.a(lib_a-nano-reallocr.o)
 .ARM.attributes
                0x000007ff       0x2e c:/users/a.vasilchenko/.platformio/packages/toolchain-gccarmnoneeabi@1.70201.0/bin/../lib/gcc/arm-none-eabi/7.2.1/../../../../arm-none-eabi/lib/thumb/v7e-m\libc_nano.a(lib_a-nano-msizer.o)
 .ARM.attributes
                0x0000082d       0x1e c:/users/a.vasilchenko/.platformio/packages/toolchain-gccarmnoneeabi@1.70201.0/bin/../lib/gcc/arm-none-eabi/7.2.1/thumb/v7e-m\libgcc.a(_arm_cmpdf2.o)
 .ARM.attributes
                0x0000084b       0x1e c:/users/a.vasilchenko/.platformio/packages/toolchain-gccarmnoneeabi@1.70201.0/bin/../lib/gcc/arm-none-eabi/7.2.1/thumb/v7e-m\libgcc.a(_arm_unorddf2.o)
 .ARM.attributes
                0x00000869       0x1e c:/users/a.vasilchenko/.platformio/packages/toolchain-gccarmnoneeabi@1.70201.0/bin/../lib/gcc/arm-none-eabi/7.2.1/thumb/v7e-m\libgcc.a(_arm_addsubsf3.o)
 .ARM.attributes
                0x00000887       0x2e c:/users/a.vasilchenko/.platformio/packages/toolchain-gccarmnoneeabi@1.70201.0/bin/../lib/gcc/arm-none-eabi/7.2.1/../../../../arm-none-eabi/lib/thumb/v7e-m\libnosys.a(sbrk.o)
 .ARM.attributes
                0x000008b5       0x1e c:/users/a.vasilchenko/.platformio/packages/toolchain-gccarmnoneeabi@1.70201.0/bin/../lib/gcc/arm-none-eabi/7.2.1/thumb/v7e-m/crtn.o
OUTPUT(.pio\build\genericSTM32F405RG\firmware.elf elf32-littlearm)

.comment        0x00000000       0x7e
 .comment       0x00000000       0x7e .pio\build\genericSTM32F405RG\FrameworkCMSIS\system_stm32f4xx.o
                                 0x7f (size before relaxing)
 .comment       0x0000007e       0x7f .pio\build\genericSTM32F405RG\src\Core\Src\bias.o
 .comment       0x0000007e       0x7f .pio\build\genericSTM32F405RG\src\Core\Src\stm32f4xx_it.o
 .comment       0x0000007e       0x7f .pio\build\genericSTM32F405RG\src\Core\Src\temp.o
 .comment       0x0000007e       0x7f .pio\build\genericSTM32F405RG\src\Drivers\STM32F4xx_HAL_Driver\Src\stm32f4xx_ll_adc.o
 .comment       0x0000007e       0x7f .pio\build\genericSTM32F405RG\src\Drivers\STM32F4xx_HAL_Driver\Src\stm32f4xx_ll_dac.o
 .comment       0x0000007e       0x7f .pio\build\genericSTM32F405RG\src\Drivers\STM32F4xx_HAL_Driver\Src\stm32f4xx_ll_gpio.o
 .comment       0x0000007e       0x7f .pio\build\genericSTM32F405RG\src\Drivers\STM32F4xx_HAL_Driver\Src\stm32f4xx_ll_spi.o
 .comment       0x0000007e       0x7f .pio\build\genericSTM32F405RG\src\Drivers\STM32F4xx_HAL_Driver\Src\stm32f4xx_ll_tim.o
 .comment       0x0000007e       0x7f .pio\build\genericSTM32F405RG\src\Drivers\STM32F4xx_HAL_Driver\Src\stm32f4xx_ll_utils.o
 .comment       0x0000007e       0x7f .pio\build\genericSTM32F405RG\src\gpio.o
 .comment       0x0000007e       0x7f .pio\build\genericSTM32F405RG\src\main.o
 .comment       0x0000007e       0x7f .pio\build\genericSTM32F405RG\src\usart.o

.debug_frame    0x00000000      0x778
 .debug_frame   0x00000000       0xac c:/users/a.vasilchenko/.platformio/packages/toolchain-gccarmnoneeabi@1.70201.0/bin/../lib/gcc/arm-none-eabi/7.2.1/thumb/v7e-m\libgcc.a(_arm_addsubdf3.o)
 .debug_frame   0x000000ac       0x50 c:/users/a.vasilchenko/.platformio/packages/toolchain-gccarmnoneeabi@1.70201.0/bin/../lib/gcc/arm-none-eabi/7.2.1/thumb/v7e-m\libgcc.a(_arm_muldivdf3.o)
 .debug_frame   0x000000fc       0x24 c:/users/a.vasilchenko/.platformio/packages/toolchain-gccarmnoneeabi@1.70201.0/bin/../lib/gcc/arm-none-eabi/7.2.1/thumb/v7e-m\libgcc.a(_arm_truncdfsf2.o)
 .debug_frame   0x00000120       0x24 c:/users/a.vasilchenko/.platformio/packages/toolchain-gccarmnoneeabi@1.70201.0/bin/../lib/gcc/arm-none-eabi/7.2.1/thumb/v7e-m\libgcc.a(_arm_fixunssfsi.o)
 .debug_frame   0x00000144       0x20 c:/users/a.vasilchenko/.platformio/packages/toolchain-gccarmnoneeabi@1.70201.0/bin/../lib/gcc/arm-none-eabi/7.2.1/../../../../arm-none-eabi/lib/thumb/v7e-m\libstdc++_nano.a(del_op.o)
 .debug_frame   0x00000164       0x20 c:/users/a.vasilchenko/.platformio/packages/toolchain-gccarmnoneeabi@1.70201.0/bin/../lib/gcc/arm-none-eabi/7.2.1/../../../../arm-none-eabi/lib/thumb/v7e-m\libstdc++_nano.a(atexit_arm.o)
 .debug_frame   0x00000184       0x28 c:/users/a.vasilchenko/.platformio/packages/toolchain-gccarmnoneeabi@1.70201.0/bin/../lib/gcc/arm-none-eabi/7.2.1/../../../../arm-none-eabi/lib/thumb/v7e-m\libm.a(lib_a-sf_round.o)
 .debug_frame   0x000001ac       0x44 c:/users/a.vasilchenko/.platformio/packages/toolchain-gccarmnoneeabi@1.70201.0/bin/../lib/gcc/arm-none-eabi/7.2.1/../../../../arm-none-eabi/lib/thumb/v7e-m\libm.a(lib_a-w_sqrt.o)
 .debug_frame   0x000001f0       0x30 c:/users/a.vasilchenko/.platformio/packages/toolchain-gccarmnoneeabi@1.70201.0/bin/../lib/gcc/arm-none-eabi/7.2.1/../../../../arm-none-eabi/lib/thumb/v7e-m\libm.a(lib_a-e_sqrt.o)
 .debug_frame   0x00000220       0x20 c:/users/a.vasilchenko/.platformio/packages/toolchain-gccarmnoneeabi@1.70201.0/bin/../lib/gcc/arm-none-eabi/7.2.1/../../../../arm-none-eabi/lib/thumb/v7e-m\libm.a(lib_a-s_matherr.o)
 .debug_frame   0x00000240       0x28 c:/users/a.vasilchenko/.platformio/packages/toolchain-gccarmnoneeabi@1.70201.0/bin/../lib/gcc/arm-none-eabi/7.2.1/../../../../arm-none-eabi/lib/thumb/v7e-m\libc_nano.a(lib_a-cxa_atexit.o)
 .debug_frame   0x00000268       0x20 c:/users/a.vasilchenko/.platformio/packages/toolchain-gccarmnoneeabi@1.70201.0/bin/../lib/gcc/arm-none-eabi/7.2.1/../../../../arm-none-eabi/lib/thumb/v7e-m\libc_nano.a(lib_a-errno.o)
 .debug_frame   0x00000288       0x2c c:/users/a.vasilchenko/.platformio/packages/toolchain-gccarmnoneeabi@1.70201.0/bin/../lib/gcc/arm-none-eabi/7.2.1/../../../../arm-none-eabi/lib/thumb/v7e-m\libc_nano.a(lib_a-init.o)
 .debug_frame   0x000002b4       0x30 c:/users/a.vasilchenko/.platformio/packages/toolchain-gccarmnoneeabi@1.70201.0/bin/../lib/gcc/arm-none-eabi/7.2.1/../../../../arm-none-eabi/lib/thumb/v7e-m\libc_nano.a(lib_a-malloc.o)
 .debug_frame   0x000002e4       0x20 c:/users/a.vasilchenko/.platformio/packages/toolchain-gccarmnoneeabi@1.70201.0/bin/../lib/gcc/arm-none-eabi/7.2.1/../../../../arm-none-eabi/lib/thumb/v7e-m\libc_nano.a(lib_a-memset.o)
 .debug_frame   0x00000304       0x38 c:/users/a.vasilchenko/.platformio/packages/toolchain-gccarmnoneeabi@1.70201.0/bin/../lib/gcc/arm-none-eabi/7.2.1/../../../../arm-none-eabi/lib/thumb/v7e-m\libc_nano.a(lib_a-nano-freer.o)
 .debug_frame   0x0000033c       0x2c c:/users/a.vasilchenko/.platformio/packages/toolchain-gccarmnoneeabi@1.70201.0/bin/../lib/gcc/arm-none-eabi/7.2.1/../../../../arm-none-eabi/lib/thumb/v7e-m\libc_nano.a(lib_a-nano-mallocr.o)
 .debug_frame   0x00000368       0x2c c:/users/a.vasilchenko/.platformio/packages/toolchain-gccarmnoneeabi@1.70201.0/bin/../lib/gcc/arm-none-eabi/7.2.1/../../../../arm-none-eabi/lib/thumb/v7e-m\libc_nano.a(lib_a-sbrkr.o)
 .debug_frame   0x00000394       0x6c c:/users/a.vasilchenko/.platformio/packages/toolchain-gccarmnoneeabi@1.70201.0/bin/../lib/gcc/arm-none-eabi/7.2.1/../../../../arm-none-eabi/lib/thumb/v7e-m\libc_nano.a(lib_a-sprintf.o)
 .debug_frame   0x00000400       0x30 c:/users/a.vasilchenko/.platformio/packages/toolchain-gccarmnoneeabi@1.70201.0/bin/../lib/gcc/arm-none-eabi/7.2.1/../../../../arm-none-eabi/lib/thumb/v7e-m\libc_nano.a(lib_a-mlock.o)
 .debug_frame   0x00000430       0x90 c:/users/a.vasilchenko/.platformio/packages/toolchain-gccarmnoneeabi@1.70201.0/bin/../lib/gcc/arm-none-eabi/7.2.1/../../../../arm-none-eabi/lib/thumb/v7e-m\libc_nano.a(lib_a-nano-svfprintf.o)
 .debug_frame   0x000004c0       0x60 c:/users/a.vasilchenko/.platformio/packages/toolchain-gccarmnoneeabi@1.70201.0/bin/../lib/gcc/arm-none-eabi/7.2.1/../../../../arm-none-eabi/lib/thumb/v7e-m\libc_nano.a(lib_a-nano-vfprintf_i.o)
 .debug_frame   0x00000520       0x5c c:/users/a.vasilchenko/.platformio/packages/toolchain-gccarmnoneeabi@1.70201.0/bin/../lib/gcc/arm-none-eabi/7.2.1/../../../../arm-none-eabi/lib/thumb/v7e-m\libc_nano.a(lib_a-reent.o)
 .debug_frame   0x0000057c       0x28 c:/users/a.vasilchenko/.platformio/packages/toolchain-gccarmnoneeabi@1.70201.0/bin/../lib/gcc/arm-none-eabi/7.2.1/../../../../arm-none-eabi/lib/thumb/v7e-m\libc_nano.a(lib_a-memcpy-stub.o)
 .debug_frame   0x000005a4       0x28 c:/users/a.vasilchenko/.platformio/packages/toolchain-gccarmnoneeabi@1.70201.0/bin/../lib/gcc/arm-none-eabi/7.2.1/../../../../arm-none-eabi/lib/thumb/v7e-m\libc_nano.a(lib_a-memmove.o)
 .debug_frame   0x000005cc       0x3c c:/users/a.vasilchenko/.platformio/packages/toolchain-gccarmnoneeabi@1.70201.0/bin/../lib/gcc/arm-none-eabi/7.2.1/../../../../arm-none-eabi/lib/thumb/v7e-m\libc_nano.a(lib_a-nano-reallocr.o)
 .debug_frame   0x00000608       0x20 c:/users/a.vasilchenko/.platformio/packages/toolchain-gccarmnoneeabi@1.70201.0/bin/../lib/gcc/arm-none-eabi/7.2.1/../../../../arm-none-eabi/lib/thumb/v7e-m\libc_nano.a(lib_a-nano-msizer.o)
 .debug_frame   0x00000628       0xc4 c:/users/a.vasilchenko/.platformio/packages/toolchain-gccarmnoneeabi@1.70201.0/bin/../lib/gcc/arm-none-eabi/7.2.1/thumb/v7e-m\libgcc.a(_arm_cmpdf2.o)
 .debug_frame   0x000006ec       0x20 c:/users/a.vasilchenko/.platformio/packages/toolchain-gccarmnoneeabi@1.70201.0/bin/../lib/gcc/arm-none-eabi/7.2.1/thumb/v7e-m\libgcc.a(_arm_unorddf2.o)
 .debug_frame   0x0000070c       0x4c c:/users/a.vasilchenko/.platformio/packages/toolchain-gccarmnoneeabi@1.70201.0/bin/../lib/gcc/arm-none-eabi/7.2.1/thumb/v7e-m\libgcc.a(_arm_addsubsf3.o)
 .debug_frame   0x00000758       0x20 c:/users/a.vasilchenko/.platformio/packages/toolchain-gccarmnoneeabi@1.70201.0/bin/../lib/gcc/arm-none-eabi/7.2.1/../../../../arm-none-eabi/lib/thumb/v7e-m\libnosys.a(sbrk.o)
