Archive member included to satisfy reference by file (symbol)

c:/users/a.vasilchenko/.platformio/packages/toolchain-gccarmnoneeabi@1.70201.0/bin/../lib/gcc/arm-none-eabi/7.2.1/thumb/v7e-m\libgcc.a(_arm_addsubdf3.o)
                              .pio\build\genericSTM32F405RG\src\main.o (__aeabi_dsub)
c:/users/a.vasilchenko/.platformio/packages/toolchain-gccarmnoneeabi@1.70201.0/bin/../lib/gcc/arm-none-eabi/7.2.1/thumb/v7e-m\libgcc.a(_arm_muldivdf3.o)
                              .pio\build\genericSTM32F405RG\src\main.o (__aeabi_dmul)
c:/users/a.vasilchenko/.platformio/packages/toolchain-gccarmnoneeabi@1.70201.0/bin/../lib/gcc/arm-none-eabi/7.2.1/thumb/v7e-m\libgcc.a(_arm_cmpdf2.o)
                              .pio\build\genericSTM32F405RG\src\Core\Src\stm32f4xx_it.o (__aeabi_dcmple)
c:/users/a.vasilchenko/.platformio/packages/toolchain-gccarmnoneeabi@1.70201.0/bin/../lib/gcc/arm-none-eabi/7.2.1/thumb/v7e-m\libgcc.a(_arm_fixunsdfsi.o)
                              .pio\build\genericSTM32F405RG\src\main.o (__aeabi_d2uiz)
c:/users/a.vasilchenko/.platformio/packages/toolchain-gccarmnoneeabi@1.70201.0/bin/../lib/gcc/arm-none-eabi/7.2.1/thumb/v7e-m\libgcc.a(_arm_addsubsf3.o)
                              .pio\build\genericSTM32F405RG\src\usart.o (__aeabi_ui2f)
c:/users/a.vasilchenko/.platformio/packages/toolchain-gccarmnoneeabi@1.70201.0/bin/../lib/gcc/arm-none-eabi/7.2.1/thumb/v7e-m\libgcc.a(_arm_muldivsf3.o)
                              .pio\build\genericSTM32F405RG\src\usart.o (__aeabi_fdiv)
c:/users/a.vasilchenko/.platformio/packages/toolchain-gccarmnoneeabi@1.70201.0/bin/../lib/gcc/arm-none-eabi/7.2.1/thumb/v7e-m\libgcc.a(_arm_fixunssfsi.o)
                              .pio\build\genericSTM32F405RG\src\usart.o (__aeabi_f2uiz)
c:/users/a.vasilchenko/.platformio/packages/toolchain-gccarmnoneeabi@1.70201.0/bin/../lib/gcc/arm-none-eabi/7.2.1/thumb/v7e-m\libgcc.a(_aeabi_uldivmod.o)
                              .pio\build\genericSTM32F405RG\src\Drivers\STM32F4xx_HAL_Driver\Src\stm32f4xx_ll_usart.o (__aeabi_uldivmod)
c:/users/a.vasilchenko/.platformio/packages/toolchain-gccarmnoneeabi@1.70201.0/bin/../lib/gcc/arm-none-eabi/7.2.1/thumb/v7e-m\libgcc.a(_udivmoddi4.o)
                              c:/users/a.vasilchenko/.platformio/packages/toolchain-gccarmnoneeabi@1.70201.0/bin/../lib/gcc/arm-none-eabi/7.2.1/thumb/v7e-m\libgcc.a(_aeabi_uldivmod.o) (__udivmoddi4)
c:/users/a.vasilchenko/.platformio/packages/toolchain-gccarmnoneeabi@1.70201.0/bin/../lib/gcc/arm-none-eabi/7.2.1/thumb/v7e-m\libgcc.a(_dvmd_tls.o)
                              c:/users/a.vasilchenko/.platformio/packages/toolchain-gccarmnoneeabi@1.70201.0/bin/../lib/gcc/arm-none-eabi/7.2.1/thumb/v7e-m\libgcc.a(_aeabi_uldivmod.o) (__aeabi_ldiv0)
c:/users/a.vasilchenko/.platformio/packages/toolchain-gccarmnoneeabi@1.70201.0/bin/../lib/gcc/arm-none-eabi/7.2.1/../../../../arm-none-eabi/lib/thumb/v7e-m\libstdc++_nano.a(del_op.o)
                              .pio\build\genericSTM32F405RG\src\main.o (operator delete(void*))
c:/users/a.vasilchenko/.platformio/packages/toolchain-gccarmnoneeabi@1.70201.0/bin/../lib/gcc/arm-none-eabi/7.2.1/../../../../arm-none-eabi/lib/thumb/v7e-m\libstdc++_nano.a(atexit_arm.o)
                              .pio\build\genericSTM32F405RG\src\main.o (__aeabi_atexit)
c:/users/a.vasilchenko/.platformio/packages/toolchain-gccarmnoneeabi@1.70201.0/bin/../lib/gcc/arm-none-eabi/7.2.1/../../../../arm-none-eabi/lib/thumb/v7e-m\libstdc++_nano.a(allocator-inst.o)
                              .pio\build\genericSTM32F405RG\src\main.o (std::allocator<char>::allocator())
c:/users/a.vasilchenko/.platformio/packages/toolchain-gccarmnoneeabi@1.70201.0/bin/../lib/gcc/arm-none-eabi/7.2.1/../../../../arm-none-eabi/lib/thumb/v7e-m\libm.a(lib_a-s_round.o)
                              .pio\build\genericSTM32F405RG\src\main.o (round)
c:/users/a.vasilchenko/.platformio/packages/toolchain-gccarmnoneeabi@1.70201.0/bin/../lib/gcc/arm-none-eabi/7.2.1/../../../../arm-none-eabi/lib/thumb/v7e-m\libm.a(lib_a-sf_round.o)
                              .pio\build\genericSTM32F405RG\src\usart.o (roundf)
c:/users/a.vasilchenko/.platformio/packages/toolchain-gccarmnoneeabi@1.70201.0/bin/../lib/gcc/arm-none-eabi/7.2.1/../../../../arm-none-eabi/lib/thumb/v7e-m\libm.a(lib_a-w_pow.o)
                              .pio\build\genericSTM32F405RG\src\main.o (pow)
c:/users/a.vasilchenko/.platformio/packages/toolchain-gccarmnoneeabi@1.70201.0/bin/../lib/gcc/arm-none-eabi/7.2.1/../../../../arm-none-eabi/lib/thumb/v7e-m\libm.a(lib_a-w_sqrt.o)
                              .pio\build\genericSTM32F405RG\src\main.o (sqrt)
c:/users/a.vasilchenko/.platformio/packages/toolchain-gccarmnoneeabi@1.70201.0/bin/../lib/gcc/arm-none-eabi/7.2.1/../../../../arm-none-eabi/lib/thumb/v7e-m\libm.a(lib_a-e_pow.o)
[...]
Memory Configuration

Name             Origin             Length             Attributes
CCMRAM           0x10000000         0x00010000         xrw
RAM              0x20000000         0x00020000         xrw
FLASH            0x08000000         0x00100000         xr
*default*        0x00000000         0xffffffff

Linker script and memory map

LOAD c:/users/a.vasilchenko/.platformio/packages/toolchain-gccarmnoneeabi@1.70201.0/bin/../lib/gcc/arm-none-eabi/7.2.1/thumb/v7e-m/crti.o
LOAD c:/users/a.vasilchenko/.platformio/packages/toolchain-gccarmnoneeabi@1.70201.0/bin/../lib/gcc/arm-none-eabi/7.2.1/thumb/v7e-m/crtbegin.o
LOAD c:/users/a.vasilchenko/.platformio/packages/toolchain-gccarmnoneeabi@1.70201.0/bin/../lib/gcc/arm-none-eabi/7.2.1/../../../../arm-none-eabi/lib/thumb/v7e-m/crt0.o
LOAD .pio\build\genericSTM32F405RG\FrameworkCMSIS\gcc\startup_stm32f405xx.o
LOAD .pio\build\genericSTM32F405RG\FrameworkCMSIS\system_stm32f4xx.o
LOAD .pio\build\genericSTM32F405RG\src\Core\Src\bias.o
LOAD .pio\build\genericSTM32F405RG\src\Core\Src\stm32f4xx_it.o
LOAD .pio\build\genericSTM32F405RG\src\Core\Src\temp.o
LOAD .pio\build\genericSTM32F405RG\src\Drivers\STM32F4xx_HAL_Driver\Src\stm32f4xx_ll_adc.o
LOAD .pio\build\genericSTM32F405RG\src\Drivers\STM32F4xx_HAL_Driver\Src\stm32f4xx_ll_dac.o
LOAD .pio\build\genericSTM32F405RG\src\Drivers\STM32F4xx_HAL_Driver\Src\stm32f4xx_ll_dma.o
LOAD .pio\build\genericSTM32F405RG\src\Drivers\STM32F4xx_HAL_Driver\Src\stm32f4xx_ll_exti.o
LOAD .pio\build\genericSTM32F405RG\src\Drivers\STM32F4xx_HAL_Driver\Src\stm32f4xx_ll_gpio.o
LOAD .pio\build\genericSTM32F405RG\src\Drivers\STM32F4xx_HAL_Driver\Src\stm32f4xx_ll_rcc.o
LOAD .pio\build\genericSTM32F405RG\src\Drivers\STM32F4xx_HAL_Driver\Src\stm32f4xx_ll_spi.o
LOAD .pio\build\genericSTM32F405RG\src\Drivers\STM32F4xx_HAL_Driver\Src\stm32f4xx_ll_tim.o
LOAD .pio\build\genericSTM32F405RG\src\Drivers\STM32F4xx_HAL_Driver\Src\stm32f4xx_ll_usart.o
LOAD .pio\build\genericSTM32F405RG\src\Drivers\STM32F4xx_HAL_Driver\Src\stm32f4xx_ll_utils.o
LOAD .pio\build\genericSTM32F405RG\src\delay.o
LOAD .pio\build\genericSTM32F405RG\src\gpio.o
LOAD .pio\build\genericSTM32F405RG\src\main.o
LOAD .pio\build\genericSTM32F405RG\src\pid.o
LOAD .pio\build\genericSTM32F405RG\src\usart.o
START GROUP
LOAD c:/users/a.vasilchenko/.platformio/packages/toolchain-gccarmnoneeabi@1.70201.0/bin/../lib/gcc/arm-none-eabi/7.2.1/thumb/v7e-m\libgcc.a
LOAD c:/users/a.vasilchenko/.platformio/packages/toolchain-gccarmnoneeabi@1.70201.0/bin/../lib/gcc/arm-none-eabi/7.2.1/../../../../arm-none-eabi/lib/thumb/v7e-m\libstdc++_nano.a
END GROUP
LOAD c:/users/a.vasilchenko/.platformio/packages/toolchain-gccarmnoneeabi@1.70201.0/bin/../lib/gcc/arm-none-eabi/7.2.1/../../../../arm-none-eabi/lib/thumb/v7e-m\libstdc++_nano.a
LOAD c:/users/a.vasilchenko/.platformio/packages/toolchain-gccarmnoneeabi@1.70201.0/bin/../lib/gcc/arm-none-eabi/7.2.1/../../../../arm-none-eabi/lib/thumb/v7e-m\libm.a
LOAD c:/users/a.vasilchenko/.platformio/packages/toolchain-gccarmnoneeabi@1.70201.0/bin/../lib/gcc/arm-none-eabi/7.2.1/../../../../arm-none-eabi/lib/thumb/v7e-m\libc_nano.a
START GROUP
LOAD c:/users/a.vasilchenko/.platformio/packages/toolchain-gccarmnoneeabi@1.70201.0/bin/../lib/gcc/arm-none-eabi/7.2.1/thumb/v7e-m\libgcc.a
LOAD c:/users/a.vasilchenko/.platformio/packages/toolchain-gccarmnoneeabi@1.70201.0/bin/../lib/gcc/arm-none-eabi/7.2.1/../../../../arm-none-eabi/lib/thumb/v7e-m\libg_nano.a
LOAD c:/users/a.vasilchenko/.platformio/packages/toolchain-gccarmnoneeabi@1.70201.0/bin/../lib/gcc/arm-none-eabi/7.2.1/../../../../arm-none-eabi/lib/thumb/v7e-m\libc_nano.a
END GROUP
START GROUP
LOAD c:/users/a.vasilchenko/.platformio/packages/toolchain-gccarmnoneeabi@1.70201.0/bin/../lib/gcc/arm-none-eabi/7.2.1/thumb/v7e-m\libgcc.a
LOAD c:/users/a.vasilchenko/.platformio/packages/toolchain-gccarmnoneeabi@1.70201.0/bin/../lib/gcc/arm-none-eabi/7.2.1/../../../../arm-none-eabi/lib/thumb/v7e-m\libc_nano.a
LOAD c:/users/a.vasilchenko/.platformio/packages/toolchain-gccarmnoneeabi@1.70201.0/bin/../lib/gcc/arm-none-eabi/7.2.1/../../../../arm-none-eabi/lib/thumb/v7e-m\libnosys.a
END GROUP
START GROUP
LOAD c:/users/a.vasilchenko/.platformio/packages/toolchain-gccarmnoneeabi@1.70201.0/bin/../lib/gcc/arm-none-eabi/7.2.1/thumb/v7e-m\libgcc.a
LOAD c:/users/a.vasilchenko/.platformio/packages/toolchain-gccarmnoneeabi@1.70201.0/bin/../lib/gcc/arm-none-eabi/7.2.1/../../../../arm-none-eabi/lib/thumb/v7e-m\libc_nano.a
LOAD c:/users/a.vasilchenko/.platformio/packages/toolchain-gccarmnoneeabi@1.70201.0/bin/../lib/gcc/arm-none-eabi/7.2.1/../../../../arm-none-eabi/lib/thumb/v7e-m\libnosys.a
END GROUP
LOAD c:/users/a.vasilchenko/.platformio/packages/toolchain-gccarmnoneeabi@1.70201.0/bin/../lib/gcc/arm-none-eabi/7.2.1/thumb/v7e-m/crtend.o
LOAD c:/users/a.vasilchenko/.platformio/packages/toolchain-gccarmnoneeabi@1.70201.0/bin/../lib/gcc/arm-none-eabi/7.2.1/thumb/v7e-m/crtn.o
                0x20020000                _estack = (ORIGIN (RAM) + LENGTH (RAM))
                0x00000200                _Min_Heap_Size = 0x200
                0x00000400                _Min_Stack_Size = 0x400

.isr_vector     0x08000000      0x188
                0x08000000                . = ALIGN (0x4)
 *(.isr_vector)
 .isr_vector    0x08000000      0x188 .pio\build\genericSTM32F405RG\FrameworkCMSIS\gcc\startup_stm32f405xx.o
                0x08000000                g_pfnVectors
                0x08000188                . = ALIGN (0x4)

.text           0x08000190     0x6594
                0x08000190                . = ALIGN (0x4)
 *(.text)
 .text          0x08000190       0x40 c:/users/a.vasilchenko/.platformio/packages/toolchain-gccarmnoneeabi@1.70201.0/bin/../lib/gcc/arm-none-eabi/7.2.1/thumb/v7e-m/crtbegin.o
 .text          0x080001d0      0x378 c:/users/a.vasilchenko/.platformio/packages/toolchain-gccarmnoneeabi@1.70201.0/bin/../lib/gcc/arm-none-eabi/7.2.1/thumb/v7e-m\libgcc.a(_arm_addsubdf3.o)
                0x080001d0                __aeabi_drsub
                0x080001d8                __aeabi_dsub
                0x080001d8                __subdf3
                0x080001dc                __aeabi_dadd
                0x080001dc                __adddf3
                0x08000454                __floatunsidf
                0x08000454                __aeabi_ui2d
                0x08000474                __floatsidf
                0x08000474                __aeabi_i2d
                0x08000498                __aeabi_f2d
                0x08000498                __extendsfdf2
                0x080004dc                __floatundidf
                0x080004dc                __aeabi_ul2d
                0x080004ec                __floatdidf
                0x080004ec                __aeabi_l2d
 .text          0x08000548      0x424 c:/users/a.vasilchenko/.platformio/packages/toolchain-gccarmnoneeabi@1.70201.0/bin/../lib/gcc/arm-none-eabi/7.2.1/thumb/v7e-m\libgcc.a(_arm_muldivdf3.o)
                0x08000548                __aeabi_dmul
                0x08000548                __muldf3
                0x0800079c                __divdf3
                0x0800079c                __aeabi_ddiv
 .text          0x0800096c      0x110 c:/users/a.vasilchenko/.platformio/packages/toolchain-gccarmnoneeabi@1.70201.0/bin/../lib/gcc/arm-none-eabi/7.2.1/thumb/v7e-m\libgcc.a(_arm_cmpdf2.o)
                0x0800096c                __gtdf2
                0x0800096c                __gedf2
                0x08000974                __ltdf2
                0x08000974                __ledf2
                0x0800097c                __nedf2
                0x0800097c                __eqdf2
                0x0800097c                __cmpdf2
                0x080009f8                __aeabi_cdrcmple
                0x08000a08                __aeabi_cdcmpeq
                0x08000a08                __aeabi_cdcmple
                0x08000a18                __aeabi_dcmpeq
                0x08000a2c                __aeabi_dcmplt
                0x08000a40                __aeabi_dcmple
                0x08000a54                __aeabi_dcmpge
                0x08000a68                __aeabi_dcmpgt
 .text          0x08000a7c       0x40 c:/users/a.vasilchenko/.platformio/packages/toolchain-gccarmnoneeabi@1.70201.0/bin/../lib/gcc/arm-none-eabi/7.2.1/thumb/v7e-m\libgcc.a(_arm_fixunsdfsi.o)
                0x08000a7c                __aeabi_d2uiz
                0x08000a7c                __fixunsdfsi
 .text          0x08000abc      0x21c c:/users/a.vasilchenko/.platformio/packages/toolchain-gccarmnoneeabi@1.70201.0/bin/../lib/gcc/arm-none-eabi/7.2.1/thumb/v7e-m\libgcc.a(_arm_addsubsf3.o)
                0x08000abc                __aeabi_frsub
                0x08000ac4                __subsf3
                0x08000ac4                __aeabi_fsub
                0x08000ac8                __aeabi_fadd
                0x08000ac8                __addsf3
                0x08000c28                __aeabi_ui2f
                0x08000c28                __floatunsisf
                0x08000c30                __aeabi_i2f
                0x08000c30                __floatsisf
                0x08000c4c                __aeabi_ul2f
                0x08000c4c                __floatundisf
                0x08000c5c                __aeabi_l2f
                0x08000c5c                __floatdisf
 .text          0x08000cd8      0x2a0 c:/users/a.vasilchenko/.platformio/packages/toolchain-gccarmnoneeabi@1.70201.0/bin/../lib/gcc/arm-none-eabi/7.2.1/thumb/v7e-m\libgcc.a(_arm_muldivsf3.o)
                0x08000cd8                __mulsf3
                0x08000cd8                __aeabi_fmul
                0x08000e40                __aeabi_fdiv
                0x08000e40                __divsf3
 .text          0x08000f78       0x40 c:/users/a.vasilchenko/.platformio/packages/toolchain-gccarmnoneeabi@1.70201.0/bin/../lib/gcc/arm-none-eabi/7.2.1/thumb/v7e-m\libgcc.a(_arm_fixunssfsi.o)
                0x08000f78                __fixunssfsi
                0x08000f78                __aeabi_f2uiz
 .text          0x08000fb8       0x10 c:/users/a.vasilchenko/.platformio/packages/toolchain-gccarmnoneeabi@1.70201.0/bin/../lib/gcc/arm-none-eabi/7.2.1/../../../../arm-none-eabi/lib/thumb/v7e-m\libc_nano.a(lib_a-strlen.o)
                0x08000fb8                strlen
 *fill*         0x08000fc8        0x8 
 .text          0x08000fd0       0xa0 c:/users/a.vasilchenko/.platformio/packages/toolchain-gccarmnoneeabi@1.70201.0/bin/../lib/gcc/arm-none-eabi/7.2.1/../../../../arm-none-eabi/lib/thumb/v7e-m\libc_nano.a(lib_a-memchr.o)
                0x08000fd0                memchr
 .text          0x08001070       0x2c c:/users/a.vasilchenko/.platformio/packages/toolchain-gccarmnoneeabi@1.70201.0/bin/../lib/gcc/arm-none-eabi/7.2.1/thumb/v7e-m\libgcc.a(_arm_unorddf2.o)
                0x08001070                __unorddf2
                0x08001070                __aeabi_dcmpun
 .text          0x0800109c       0x50 c:/users/a.vasilchenko/.platformio/packages/toolchain-gccarmnoneeabi@1.70201.0/bin/../lib/gcc/arm-none-eabi/7.2.1/thumb/v7e-m\libgcc.a(_arm_fixdfsi.o)
                0x0800109c                __aeabi_d2iz
                0x0800109c                __fixdfsi
 *(.text*)
 .text.Reset_Handler
                0x080010ec       0x50 .pio\build\genericSTM32F405RG\FrameworkCMSIS\gcc\startup_stm32f405xx.o
                0x080010ec                Reset_Handler
 .text.Default_Handler
                0x0800113c        0x2 .pio\build\genericSTM32F405RG\FrameworkCMSIS\gcc\startup_stm32f405xx.o
                0x0800113c                RTC_Alarm_IRQHandler
                0x0800113c                HASH_RNG_IRQHandler
                0x0800113c                EXTI2_IRQHandler
                0x0800113c                TIM8_CC_IRQHandler
                0x0800113c                DebugMon_Handler
                0x0800113c                TIM1_CC_IRQHandler
                0x0800113c                DMA2_Stream5_IRQHandler
                0x0800113c                HardFault_Handler
                0x0800113c                DMA1_Stream5_IRQHandler
                0x0800113c                SysTick_Handler
                0x0800113c                PVD_IRQHandler
                0x0800113c                SDIO_IRQHandler
                0x0800113c                TAMP_STAMP_IRQHandler
                0x0800113c                PendSV_Handler
                0x0800113c                NMI_Handler
                0x0800113c                CAN2_RX1_IRQHandler
                0x0800113c                EXTI3_IRQHandler
                0x0800113c                TIM1_UP_TIM10_IRQHandler
                0x0800113c                TIM8_UP_TIM13_IRQHandler
                0x0800113c                I2C3_ER_IRQHandler
                0x0800113c                EXTI0_IRQHandler
                0x0800113c                I2C2_EV_IRQHandler
                0x0800113c                DMA1_Stream2_IRQHandler
                0x0800113c                CAN1_RX0_IRQHandler
                0x0800113c                FPU_IRQHandler
                0x0800113c                OTG_HS_WKUP_IRQHandler
                0x0800113c                UsageFault_Handler
                0x0800113c                CAN2_SCE_IRQHandler
                0x0800113c                DMA2_Stream2_IRQHandler
                0x0800113c                SPI1_IRQHandler
                0x0800113c                TIM6_DAC_IRQHandler
                0x0800113c                TIM1_BRK_TIM9_IRQHandler
                0x0800113c                CAN2_RX0_IRQHandler
                0x0800113c                DMA2_Stream3_IRQHandler
                0x0800113c                USART6_IRQHandler
                0x0800113c                USART3_IRQHandler
                0x0800113c                CAN1_RX1_IRQHandler
                0x0800113c                UART5_IRQHandler
                0x0800113c                DMA2_Stream0_IRQHandler
                0x0800113c                TIM4_IRQHandler
                0x0800113c                I2C1_EV_IRQHandler
                0x0800113c                DMA1_Stream6_IRQHandler
                0x0800113c                DMA1_Stream1_IRQHandler
                0x0800113c                UART4_IRQHandler
                0x0800113c                TIM3_IRQHandler
                0x0800113c                RCC_IRQHandler
                0x0800113c                TIM8_BRK_TIM12_IRQHandler
                0x0800113c                Default_Handler
                0x0800113c                EXTI15_10_IRQHandler
                0x0800113c                ADC_IRQHandler
                0x0800113c                DMA1_Stream7_IRQHandler
                0x0800113c                TIM7_IRQHandler
                0x0800113c                CAN2_TX_IRQHandler
                0x0800113c                TIM5_IRQHandler
                0x0800113c                DMA2_Stream7_IRQHandler
                0x0800113c                I2C3_EV_IRQHandler
                0x0800113c                EXTI9_5_IRQHandler
                0x0800113c                RTC_WKUP_IRQHandler
                0x0800113c                SPI2_IRQHandler
                0x0800113c                OTG_HS_EP1_IN_IRQHandler
                0x0800113c                MemManage_Handler
                0x0800113c                DMA1_Stream0_IRQHandler
                0x0800113c                CAN1_TX_IRQHandler
                0x0800113c                SVC_Handler
                0x0800113c                EXTI4_IRQHandler
                0x0800113c                FSMC_IRQHandler
                0x0800113c                OTG_HS_EP1_OUT_IRQHandler
                0x0800113c                WWDG_IRQHandler
                0x0800113c                TIM2_IRQHandler
                0x0800113c                OTG_FS_WKUP_IRQHandler
                0x0800113c                TIM1_TRG_COM_TIM11_IRQHandler
                0x0800113c                OTG_HS_IRQHandler
                0x0800113c                EXTI1_IRQHandler
                0x0800113c                USART2_IRQHandler
                0x0800113c                I2C2_ER_IRQHandler
                0x0800113c                DMA2_Stream1_IRQHandler
                0x0800113c                CAN1_SCE_IRQHandler
                0x0800113c                FLASH_IRQHandler
                0x0800113c                DMA2_Stream4_IRQHandler
                0x0800113c                BusFault_Handler
                0x0800113c                OTG_FS_IRQHandler
                0x0800113c                SPI3_IRQHandler
                0x0800113c                DMA1_Stream4_IRQHandler
                0x0800113c                I2C1_ER_IRQHandler
                0x0800113c                DMA2_Stream6_IRQHandler
                0x0800113c                DMA1_Stream3_IRQHandler
 *fill*         0x0800113e        0x2 
 .text.SystemInit
                0x08001140       0x18 .pio\build\genericSTM32F405RG\FrameworkCMSIS\system_stm32f4xx.o
                0x08001140                SystemInit
 .text.LL_SPI_Enable
                0x08001158       0x1e .pio\build\genericSTM32F405RG\src\Core\Src\stm32f4xx_it.o
 .text.LL_SPI_Disable
                0x08001176       0x1e .pio\build\genericSTM32F405RG\src\Core\Src\stm32f4xx_it.o
 .text.LL_SPI_IsActiveFlag_RXNE
                0x08001194       0x24 .pio\build\genericSTM32F405RG\src\Core\Src\stm32f4xx_it.o
 .text.LL_SPI_IsActiveFlag_TXE
                0x080011b8       0x24 .pio\build\genericSTM32F405RG\src\Core\Src\stm32f4xx_it.o
 .text.LL_SPI_ReceiveData16
                0x080011dc       0x18 .pio\build\genericSTM32F405RG\src\Core\Src\stm32f4xx_it.o
 .text.LL_SPI_TransmitData16
                0x080011f4       0x22 .pio\build\genericSTM32F405RG\src\Core\Src\stm32f4xx_it.o
 .text.LL_GPIO_SetOutputPin
                0x08001216       0x1a .pio\build\genericSTM32F405RG\src\Core\Src\stm32f4xx_it.o
 .text.LL_GPIO_ResetOutputPin
                0x08001230       0x1c .pio\build\genericSTM32F405RG\src\Core\Src\stm32f4xx_it.o
 .text.TIM8_TRG_COM_TIM14_IRQHandler
                0x0800124c      0x184 .pio\build\genericSTM32F405RG\src\Core\Src\stm32f4xx_it.o
                0x0800124c                TIM8_TRG_COM_TIM14_IRQHandler
 .text.LL_GPIO_SetPinMode
                0x080013d0       0x5c .pio\build\genericSTM32F405RG\src\Drivers\STM32F4xx_HAL_Driver\Src\stm32f4xx_ll_gpio.o
 .text.LL_GPIO_SetPinOutputType
                0x0800142c       0x2e .pio\build\genericSTM32F405RG\src\Drivers\STM32F4xx_HAL_Driver\Src\stm32f4xx_ll_gpio.o
 .text.LL_GPIO_SetPinSpeed
                0x0800145a       0x5c .pio\build\genericSTM32F405RG\src\Drivers\STM32F4xx_HAL_Driver\Src\stm32f4xx_ll_gpio.o
 .text.LL_GPIO_SetPinPull
                0x080014b6       0x5c .pio\build\genericSTM32F405RG\src\Drivers\STM32F4xx_HAL_Driver\Src\stm32f4xx_ll_gpio.o
 .text.LL_GPIO_SetAFPin_0_7
                0x08001512       0x5c .pio\build\genericSTM32F405RG\src\Drivers\STM32F4xx_HAL_Driver\Src\stm32f4xx_ll_gpio.o
 .text.LL_GPIO_SetAFPin_8_15
                0x0800156e       0x60 .pio\build\genericSTM32F405RG\src\Drivers\STM32F4xx_HAL_Driver\Src\stm32f4xx_ll_gpio.o
 .text.LL_GPIO_Init
                0x080015ce       0xe6 .pio\build\genericSTM32F405RG\src\Drivers\STM32F4xx_HAL_Driver\Src\stm32f4xx_ll_gpio.o
                0x080015ce                LL_GPIO_Init
 .text.LL_SPI_IsEnabled
                0x080016b4       0x24 .pio\build\genericSTM32F405RG\src\Drivers\STM32F4xx_HAL_Driver\Src\stm32f4xx_ll_spi.o
 .text.LL_SPI_SetCRCPolynomial
                0x080016d8       0x1e .pio\build\genericSTM32F405RG\src\Drivers\STM32F4xx_HAL_Driver\Src\stm32f4xx_ll_spi.o
 .text.LL_SPI_Init
                0x080016f6       0xa4 .pio\build\genericSTM32F405RG\src\Drivers\STM32F4xx_HAL_Driver\Src\stm32f4xx_ll_spi.o
                0x080016f6                LL_SPI_Init
 *fill*         0x0800179a        0x2 
 .text._ZN4gpio9gpio_initEP12GPIO_TypeDefm9gpio_type9gpio_mode10gpio_speed17gpio_pull_up_down
                0x0800179c       0xa0 .pio\build\genericSTM32F405RG\src\gpio.o
                0x0800179c                gpio::gpio_init(GPIO_TypeDef*, unsigned long, gpio_type, gpio_mode, gpio_speed, gpio_pull_up_down)
 .text._ZN4gpio9config_afEP12GPIO_TypeDefhh
                0x0800183c       0x52 .pio\build\genericSTM32F405RG\src\gpio.o
                0x0800183c                gpio::config_af(GPIO_TypeDef*, unsigned char, unsigned char)
 *fill*         0x0800188e        0x2 
 .text.__NVIC_SetPriorityGrouping
                0x08001890       0x48 .pio\build\genericSTM32F405RG\src\main.o
 .text.__NVIC_GetPriorityGrouping
                0x080018d8       0x1c .pio\build\genericSTM32F405RG\src\main.o
 .text.__NVIC_EnableIRQ
                0x080018f4       0x3c .pio\build\genericSTM32F405RG\src\main.o
 .text.__NVIC_SetPriority
                0x08001930       0x5c .pio\build\genericSTM32F405RG\src\main.o
 .text.NVIC_EncodePriority
                0x0800198c       0x60 .pio\build\genericSTM32F405RG\src\main.o
 .text.LL_DAC_ConvertData12RightAligned
                0x080019ec       0x3e .pio\build\genericSTM32F405RG\src\main.o
 *fill*         0x08001a2a        0x2 
 .text.LL_AHB1_GRP1_EnableClock
                0x08001a2c       0x30 .pio\build\genericSTM32F405RG\src\main.o
 .text.LL_APB1_GRP1_EnableClock
                0x08001a5c       0x30 .pio\build\genericSTM32F405RG\src\main.o
 .text.LL_APB2_GRP1_EnableClock
                0x08001a8c       0x30 .pio\build\genericSTM32F405RG\src\main.o
 .text.LL_SPI_SetStandard
                0x08001abc       0x24 .pio\build\genericSTM32F405RG\src\main.o
 .text.LL_GPIO_SetOutputPin
                0x08001ae0       0x1a .pio\build\genericSTM32F405RG\src\main.o
 .text.LL_GPIO_ResetOutputPin
                0x08001afa       0x1c .pio\build\genericSTM32F405RG\src\main.o
 .text._ZSt3powIiiEN9__gnu_cxx11__promote_2IT_T0_NS0_9__promoteIS2_XsrSt12__is_integerIS2_E7__valueEE6__typeENS4_IS3_XsrS5_IS3_E7__valueEE6__typeEE6__typeES2_S3_
                0x08001b16       0x34 .pio\build\genericSTM32F405RG\src\main.o
                0x08001b16                __gnu_cxx::__promote_2<int, int, __gnu_cxx::__promote<int, std::__is_integer<int>::__value>::__type, __gnu_cxx::__promote<int, std::__is_integer<int>::__value>::__type>::__type std::pow<int, int>(int, int)
 *fill*         0x08001b4a        0x6 
 .text._Z17_TransferFunctiond
                0x08001b50       0xb0 .pio\build\genericSTM32F405RG\src\main.o
                0x08001b50                _TransferFunction(double)
 .text._Z8ADC_SCANv
                0x08001c00      0x554 .pio\build\genericSTM32F405RG\src\main.o
                0x08001c00                ADC_SCAN()
 .text._Z18SystemClock_Configv
                0x08002154       0xc0 .pio\build\genericSTM32F405RG\src\main.o
                0x08002154                SystemClock_Config()
 .text._Z12MX_ADC1_Initv
                0x08002214       0xb4 .pio\build\genericSTM32F405RG\src\main.o
                0x08002214                MX_ADC1_Init()
 .text._Z11MX_DAC_Initv
                0x080022c8       0x74 .pio\build\genericSTM32F405RG\src\main.o
                0x080022c8                MX_DAC_Init()
 .text._Z12MX_SPI2_Initv
                0x0800233c       0x8c .pio\build\genericSTM32F405RG\src\main.o
                0x0800233c                MX_SPI2_Init()
 .text._ZL12MX_SPI3_Initv
                0x080023c8       0xd8 .pio\build\genericSTM32F405RG\src\main.o
 .text._Z13MX_TIM14_Initv
                0x080024a0       0xa4 .pio\build\genericSTM32F405RG\src\main.o
                0x080024a0                MX_TIM14_Init()
 .text._Z12MX_TIM3_Initv
                0x08002544       0x68 .pio\build\genericSTM32F405RG\src\main.o
                0x08002544                MX_TIM3_Init()
 .text._ZL12MX_GPIO_Initv
                0x080025ac      0x120 .pio\build\genericSTM32F405RG\src\main.o
 .text.main     0x080026cc      0x578 .pio\build\genericSTM32F405RG\src\main.o
                0x080026cc                main
 .text.USART1_IRQHandler
                0x08002c44       0x70 .pio\build\genericSTM32F405RG\src\main.o
                0x08002c44                USART1_IRQHandler
 .text._ZNSt6vectorIcSaIcEEC2Ev
                0x08002cb4       0x1a .pio\build\genericSTM32F405RG\src\main.o
                0x08002cb4                std::vector<char, std::allocator<char> >::vector()
                0x08002cb4                std::vector<char, std::allocator<char> >::vector()
 .text._ZNSt12_Vector_baseIcSaIcEE12_Vector_implD2Ev
                0x08002cce       0x18 .pio\build\genericSTM32F405RG\src\main.o
                0x08002cce                std::_Vector_base<char, std::allocator<char> >::_Vector_impl::~_Vector_impl()
                0x08002cce                std::_Vector_base<char, std::allocator<char> >::_Vector_impl::~_Vector_impl()
 .text._ZNSt12_Vector_baseIcSaIcEEC2Ev
                0x08002ce6       0x1a .pio\build\genericSTM32F405RG\src\main.o
                0x08002ce6                std::_Vector_base<char, std::allocator<char> >::_Vector_base()
                0x08002ce6                std::_Vector_base<char, std::allocator<char> >::_Vector_base()
 .text._ZNSt12_Vector_baseIcSaIcEED2Ev
                0x08002d00       0x32 .pio\build\genericSTM32F405RG\src\main.o
                0x08002d00                std::_Vector_base<char, std::allocator<char> >::~_Vector_base()
                0x08002d00                std::_Vector_base<char, std::allocator<char> >::~_Vector_base()
 .text._ZNSt12_Vector_baseIcSaIcEE12_Vector_implC2Ev
                0x08002d32       0x2a .pio\build\genericSTM32F405RG\src\main.o
                0x08002d32                std::_Vector_base<char, std::allocator<char> >::_Vector_impl::_Vector_impl()
                0x08002d32                std::_Vector_base<char, std::allocator<char> >::_Vector_impl::_Vector_impl()
 .text._ZNSt12_Vector_baseIcSaIcEE13_M_deallocateEPcj
                0x08002d5c       0x26 .pio\build\genericSTM32F405RG\src\main.o
                0x08002d5c                std::_Vector_base<char, std::allocator<char> >::_M_deallocate(char*, unsigned int)
 .text._ZNSt16allocator_traitsISaIcEE10deallocateERS0_Pcj
                0x08002d82       0x1e .pio\build\genericSTM32F405RG\src\main.o
                0x08002d82                std::allocator_traits<std::allocator<char> >::deallocate(std::allocator<char>&, char*, unsigned int)
 .text._ZN9__gnu_cxx13new_allocatorIcE10deallocateEPcj
                0x08002da0       0x1a .pio\build\genericSTM32F405RG\src\main.o
                0x08002da0                __gnu_cxx::new_allocator<char>::deallocate(char*, unsigned int)
 *fill*         0x08002dba        0x2 
 .text._Z41__static_initialization_and_destruction_0ii
                0x08002dbc       0x78 .pio\build\genericSTM32F405RG\src\main.o
 .text._ZNSt6vectorIcSaIcEED2Ev
                0x08002e34       0x36 .pio\build\genericSTM32F405RG\src\main.o
                0x08002e34                std::vector<char, std::allocator<char> >::~vector()
                0x08002e34                std::vector<char, std::allocator<char> >::~vector()
 .text._ZNSt12_Vector_baseIcSaIcEE19_M_get_Tp_allocatorEv
                0x08002e6a       0x14 .pio\build\genericSTM32F405RG\src\main.o
                0x08002e6a                std::_Vector_base<char, std::allocator<char> >::_M_get_Tp_allocator()
 .text._ZSt8_DestroyIPccEvT_S1_RSaIT0_E
                0x08002e7e       0x1c .pio\build\genericSTM32F405RG\src\main.o
                0x08002e7e                void std::_Destroy<char*, char>(char*, char*, std::allocator<char>&)
 .text._ZSt8_DestroyIPcEvT_S1_
                0x08002e9a       0x1a .pio\build\genericSTM32F405RG\src\main.o
                0x08002e9a                void std::_Destroy<char*>(char*, char*)
 .text._ZNSt12_Destroy_auxILb1EE9__destroyIPcEEvT_S3_
                0x08002eb4       0x14 .pio\build\genericSTM32F405RG\src\main.o
                0x08002eb4                void std::_Destroy_aux<true>::__destroy<char*>(char*, char*)
 .text._GLOBAL__sub_I_TxBuffer
                0x08002ec8       0x10 .pio\build\genericSTM32F405RG\src\main.o
 .text._ZN3pid5startEd
                0x08002ed8      0x26c .pio\build\genericSTM32F405RG\src\pid.o
                0x08002ed8                pid::start(double)
 .text.__NVIC_EnableIRQ
                0x08003144       0x3c .pio\build\genericSTM32F405RG\src\usart.o
 .text._ZN5usart14GetBBRsettingsEmf
                0x08003180       0x3c .pio\build\genericSTM32F405RG\src\usart.o
                0x08003180                usart::GetBBRsettings(unsigned long, float)
 .text._ZN5usart10usart_initEv
                0x080031bc       0x64 .pio\build\genericSTM32F405RG\src\usart.o
                0x080031bc                usart::usart_init()
 .text._ZN5usart12uart_tx_byteEh
                0x08003220       0x38 .pio\build\genericSTM32F405RG\src\usart.o
                0x08003220                usart::uart_tx_byte(unsigned char)
 .text._ZN5usart12uart_tx_dataEPKc
                0x08003258       0x50 .pio\build\genericSTM32F405RG\src\usart.o
                0x08003258                usart::uart_tx_data(char const*)
 .text._ZdlPv   0x080032a8        0x4 c:/users/a.vasilchenko/.platformio/packages/toolchain-gccarmnoneeabi@1.70201.0/bin/../lib/gcc/arm-none-eabi/7.2.1/../../../../arm-none-eabi/lib/thumb/v7e-m\libstdc++_nano.a(del_op.o)
                0x080032a8                operator delete(void*)
 .text.__aeabi_atexit
                0x080032ac        0xa c:/users/a.vasilchenko/.platformio/packages/toolchain-gccarmnoneeabi@1.70201.0/bin/../lib/gcc/arm-none-eabi/7.2.1/../../../../arm-none-eabi/lib/thumb/v7e-m\libstdc++_nano.a(atexit_arm.o)
                0x080032ac                __aeabi_atexit
 .text._ZNSaIcEC2Ev
                0x080032b6        0x2 c:/users/a.vasilchenko/.platformio/packages/toolchain-gccarmnoneeabi@1.70201.0/bin/../lib/gcc/arm-none-eabi/7.2.1/../../../../arm-none-eabi/lib/thumb/v7e-m\libstdc++_nano.a(allocator-inst.o)
                0x080032b6                std::allocator<char>::allocator()
                0x080032b6                std::allocator<char>::allocator()
 .text._ZNSaIcED2Ev
                0x080032b8        0x2 c:/users/a.vasilchenko/.platformio/packages/toolchain-gccarmnoneeabi@1.70201.0/bin/../lib/gcc/arm-none-eabi/7.2.1/../../../../arm-none-eabi/lib/thumb/v7e-m\libstdc++_nano.a(allocator-inst.o)
                0x080032b8                std::allocator<char>::~allocator()
                0x080032b8                std::allocator<char>::~allocator()
 *fill*         0x080032ba        0x2 
 .text.round    0x080032bc       0x9c c:/users/a.vasilchenko/.platformio/packages/toolchain-gccarmnoneeabi@1.70201.0/bin/../lib/gcc/arm-none-eabi/7.2.1/../../../../arm-none-eabi/lib/thumb/v7e-m\libm.a(lib_a-s_round.o)
                0x080032bc                round
 .text.roundf   0x08003358       0x48 c:/users/a.vasilchenko/.platformio/packages/toolchain-gccarmnoneeabi@1.70201.0/bin/../lib/gcc/arm-none-eabi/7.2.1/../../../../arm-none-eabi/lib/thumb/v7e-m\libm.a(lib_a-sf_round.o)
                0x08003358                roundf
 .text.pow      0x080033a0      0x314 c:/users/a.vasilchenko/.platformio/packages/toolchain-gccarmnoneeabi@1.70201.0/bin/../lib/gcc/arm-none-eabi/7.2.1/../../../../arm-none-eabi/lib/thumb/v7e-m\libm.a(lib_a-w_pow.o)
                0x080033a0                pow
 .text.sqrt     0x080036b4       0xbc c:/users/a.vasilchenko/.platformio/packages/toolchain-gccarmnoneeabi@1.70201.0/bin/../lib/gcc/arm-none-eabi/7.2.1/../../../../arm-none-eabi/lib/thumb/v7e-m\libm.a(lib_a-w_sqrt.o)
                0x080036b4                sqrt
 .text.__ieee754_pow
                0x08003770      0xac4 c:/users/a.vasilchenko/.platformio/packages/toolchain-gccarmnoneeabi@1.70201.0/bin/../lib/gcc/arm-none-eabi/7.2.1/../../../../arm-none-eabi/lib/thumb/v7e-m\libm.a(lib_a-e_pow.o)
                0x08003770                __ieee754_pow
 .text.__ieee754_sqrt
                0x08004234      0x184 c:/users/a.vasilchenko/.platformio/packages/toolchain-gccarmnoneeabi@1.70201.0/bin/../lib/gcc/arm-none-eabi/7.2.1/../../../../arm-none-eabi/lib/thumb/v7e-m\libm.a(lib_a-e_sqrt.o)
                0x08004234                __ieee754_sqrt
 .text.fabs     0x080043b8        0x8 c:/users/a.vasilchenko/.platformio/packages/toolchain-gccarmnoneeabi@1.70201.0/bin/../lib/gcc/arm-none-eabi/7.2.1/../../../../arm-none-eabi/lib/thumb/v7e-m\libm.a(lib_a-s_fabs.o)
                0x080043b8                fabs
 .text.finite   0x080043c0        0xc c:/users/a.vasilchenko/.platformio/packages/toolchain-gccarmnoneeabi@1.70201.0/bin/../lib/gcc/arm-none-eabi/7.2.1/../../../../arm-none-eabi/lib/thumb/v7e-m\libm.a(lib_a-s_finite.o)
                0x080043c0                finite
 .text.matherr  0x080043cc        0x4 c:/users/a.vasilchenko/.platformio/packages/toolchain-gccarmnoneeabi@1.70201.0/bin/../lib/gcc/arm-none-eabi/7.2.1/../../../../arm-none-eabi/lib/thumb/v7e-m\libm.a(lib_a-s_matherr.o)
                0x080043cc                matherr
 .text.nan      0x080043d0        0xc c:/users/a.vasilchenko/.platformio/packages/toolchain-gccarmnoneeabi@1.70201.0/bin/../lib/gcc/arm-none-eabi/7.2.1/../../../../arm-none-eabi/lib/thumb/v7e-m\libm.a(lib_a-s_nan.o)
                0x080043d0                nan
 .text.rint     0x080043dc      0x118 c:/users/a.vasilchenko/.platformio/packages/toolchain-gccarmnoneeabi@1.70201.0/bin/../lib/gcc/arm-none-eabi/7.2.1/../../../../arm-none-eabi/lib/thumb/v7e-m\libm.a(lib_a-s_rint.o)
                0x080043dc                rint
 *fill*         0x080044f4        0x4 
 .text.scalbn   0x080044f8       0xfc c:/users/a.vasilchenko/.platformio/packages/toolchain-gccarmnoneeabi@1.70201.0/bin/../lib/gcc/arm-none-eabi/7.2.1/../../../../arm-none-eabi/lib/thumb/v7e-m\libm.a(lib_a-s_scalbn.o)
                0x080044f8                scalbn
 .text.copysign
                0x080045f4       0x10 c:/users/a.vasilchenko/.platformio/packages/toolchain-gccarmnoneeabi@1.70201.0/bin/../lib/gcc/arm-none-eabi/7.2.1/../../../../arm-none-eabi/lib/thumb/v7e-m\libm.a(lib_a-s_copysign.o)
                0x080045f4                copysign
 .text.__cxa_atexit
                0x08004604       0x1c c:/users/a.vasilchenko/.platformio/packages/toolchain-gccarmnoneeabi@1.70201.0/bin/../lib/gcc/arm-none-eabi/7.2.1/../../../../arm-none-eabi/lib/thumb/v7e-m\libc_nano.a(lib_a-cxa_atexit.o)
                0x08004604                __cxa_atexit
 .text.__errno  0x08004620        0xc c:/users/a.vasilchenko/.platformio/packages/toolchain-gccarmnoneeabi@1.70201.0/bin/../lib/gcc/arm-none-eabi/7.2.1/../../../../arm-none-eabi/lib/thumb/v7e-m\libc_nano.a(lib_a-errno.o)
                0x08004620                __errno
 .text.__libc_init_array
                0x0800462c       0x48 c:/users/a.vasilchenko/.platformio/packages/toolchain-gccarmnoneeabi@1.70201.0/bin/../lib/gcc/arm-none-eabi/7.2.1/../../../../arm-none-eabi/lib/thumb/v7e-m\libc_nano.a(lib_a-init.o)
                0x0800462c                __libc_init_array
 .text.malloc   0x08004674       0x10 c:/users/a.vasilchenko/.platformio/packages/toolchain-gccarmnoneeabi@1.70201.0/bin/../lib/gcc/arm-none-eabi/7.2.1/../../../../arm-none-eabi/lib/thumb/v7e-m\libc_nano.a(lib_a-malloc.o)
                0x08004674                malloc
 .text.free     0x08004684       0x10 c:/users/a.vasilchenko/.platformio/packages/toolchain-gccarmnoneeabi@1.70201.0/bin/../lib/gcc/arm-none-eabi/7.2.1/../../../../arm-none-eabi/lib/thumb/v7e-m\libc_nano.a(lib_a-malloc.o)
                0x08004684                free
 .text.memset   0x08004694       0x10 c:/users/a.vasilchenko/.platformio/packages/toolchain-gccarmnoneeabi@1.70201.0/bin/../lib/gcc/arm-none-eabi/7.2.1/../../../../arm-none-eabi/lib/thumb/v7e-m\libc_nano.a(lib_a-memset.o)
                0x08004694                memset
 .text._free_r  0x080046a4       0x9c c:/users/a.vasilchenko/.platformio/packages/toolchain-gccarmnoneeabi@1.70201.0/bin/../lib/gcc/arm-none-eabi/7.2.1/../../../../arm-none-eabi/lib/thumb/v7e-m\libc_nano.a(lib_a-nano-freer.o)
                0x080046a4                _free_r
 .text._malloc_r
                0x08004740       0xb4 c:/users/a.vasilchenko/.platformio/packages/toolchain-gccarmnoneeabi@1.70201.0/bin/../lib/gcc/arm-none-eabi/7.2.1/../../../../arm-none-eabi/lib/thumb/v7e-m\libc_nano.a(lib_a-nano-mallocr.o)
                0x08004740                _malloc_r
 .text.__cvt    0x080047f4       0xb8 c:/users/a.vasilchenko/.platformio/packages/toolchain-gccarmnoneeabi@1.70201.0/bin/../lib/gcc/arm-none-eabi/7.2.1/../../../../arm-none-eabi/lib/thumb/v7e-m\libc_nano.a(lib_a-nano-vfprintf_float.o)
                0x080047f4                __cvt
 .text.__exponent
                0x080048ac       0x66 c:/users/a.vasilchenko/.platformio/packages/toolchain-gccarmnoneeabi@1.70201.0/bin/../lib/gcc/arm-none-eabi/7.2.1/../../../../arm-none-eabi/lib/thumb/v7e-m\libc_nano.a(lib_a-nano-vfprintf_float.o)
                0x080048ac                __exponent
 *fill*         0x08004912        0x2 
 .text._printf_float
                0x08004914      0x46c c:/users/a.vasilchenko/.platformio/packages/toolchain-gccarmnoneeabi@1.70201.0/bin/../lib/gcc/arm-none-eabi/7.2.1/../../../../arm-none-eabi/lib/thumb/v7e-m\libc_nano.a(lib_a-nano-vfprintf_float.o)
                0x08004914                _printf_float
 .text._printf_common
                0x08004d80       0xea c:/users/a.vasilchenko/.platformio/packages/toolchain-gccarmnoneeabi@1.70201.0/bin/../lib/gcc/arm-none-eabi/7.2.1/../../../../arm-none-eabi/lib/thumb/v7e-m\libc_nano.a(lib_a-nano-vfprintf_i.o)
                0x08004d80                _printf_common
 *fill*         0x08004e6a        0x2 
 .text._printf_i
                0x08004e6c      0x224 c:/users/a.vasilchenko/.platformio/packages/toolchain-gccarmnoneeabi@1.70201.0/bin/../lib/gcc/arm-none-eabi/7.2.1/../../../../arm-none-eabi/lib/thumb/v7e-m\libc_nano.a(lib_a-nano-vfprintf_i.o)
                0x08004e6c                _printf_i
 .text._sbrk_r  0x08005090       0x20 c:/users/a.vasilchenko/.platformio/packages/toolchain-gccarmnoneeabi@1.70201.0/bin/../lib/gcc/arm-none-eabi/7.2.1/../../../../arm-none-eabi/lib/thumb/v7e-m\libc_nano.a(lib_a-sbrkr.o)
                0x08005090                _sbrk_r
 .text.sprintf  0x080050b0       0x40 c:/users/a.vasilchenko/.platformio/packages/toolchain-gccarmnoneeabi@1.70201.0/bin/../lib/gcc/arm-none-eabi/7.2.1/../../../../arm-none-eabi/lib/thumb/v7e-m\libc_nano.a(lib_a-sprintf.o)
                0x080050b0                siprintf
                0x080050b0                sprintf
 .text.quorem   0x080050f0      0x118 c:/users/a.vasilchenko/.platformio/packages/toolchain-gccarmnoneeabi@1.70201.0/bin/../lib/gcc/arm-none-eabi/7.2.1/../../../../arm-none-eabi/lib/thumb/v7e-m\libc_nano.a(lib_a-dtoa.o)
 .text._dtoa_r  0x08005208      0xb74 c:/users/a.vasilchenko/.platformio/packages/toolchain-gccarmnoneeabi@1.70201.0/bin/../lib/gcc/arm-none-eabi/7.2.1/../../../../arm-none-eabi/lib/thumb/v7e-m\libc_nano.a(lib_a-dtoa.o)
                0x08005208                _dtoa_r
 .text._localeconv_r
                0x08005d7c       0x1c c:/users/a.vasilchenko/.platformio/packages/toolchain-gccarmnoneeabi@1.70201.0/bin/../lib/gcc/arm-none-eabi/7.2.1/../../../../arm-none-eabi/lib/thumb/v7e-m\libc_nano.a(lib_a-localeconv.o)
                0x08005d7c                _localeconv_r
 .text.memcpy   0x08005d98       0x16 c:/users/a.vasilchenko/.platformio/packages/toolchain-gccarmnoneeabi@1.70201.0/bin/../lib/gcc/arm-none-eabi/7.2.1/../../../../arm-none-eabi/lib/thumb/v7e-m\libc_nano.a(lib_a-memcpy-stub.o)
                0x08005d98                memcpy
 .text.__malloc_lock
                0x08005dae        0x2 c:/users/a.vasilchenko/.platformio/packages/toolchain-gccarmnoneeabi@1.70201.0/bin/../lib/gcc/arm-none-eabi/7.2.1/../../../../arm-none-eabi/lib/thumb/v7e-m\libc_nano.a(lib_a-mlock.o)
                0x08005dae                __malloc_lock
 .text.__malloc_unlock
                0x08005db0        0x2 c:/users/a.vasilchenko/.platformio/packages/toolchain-gccarmnoneeabi@1.70201.0/bin/../lib/gcc/arm-none-eabi/7.2.1/../../../../arm-none-eabi/lib/thumb/v7e-m\libc_nano.a(lib_a-mlock.o)
                0x08005db0                __malloc_unlock
 .text._Balloc  0x08005db2       0x68 c:/users/a.vasilchenko/.platformio/packages/toolchain-gccarmnoneeabi@1.70201.0/bin/../lib/gcc/arm-none-eabi/7.2.1/../../../../arm-none-eabi/lib/thumb/v7e-m\libc_nano.a(lib_a-mprec.o)
                0x08005db2                _Balloc
 .text._Bfree   0x08005e1a       0x2e c:/users/a.vasilchenko/.platformio/packages/toolchain-gccarmnoneeabi@1.70201.0/bin/../lib/gcc/arm-none-eabi/7.2.1/../../../../arm-none-eabi/lib/thumb/v7e-m\libc_nano.a(lib_a-mprec.o)
                0x08005e1a                _Bfree
 .text.__multadd
                0x08005e48       0x76 c:/users/a.vasilchenko/.platformio/packages/toolchain-gccarmnoneeabi@1.70201.0/bin/../lib/gcc/arm-none-eabi/7.2.1/../../../../arm-none-eabi/lib/thumb/v7e-m\libc_nano.a(lib_a-mprec.o)
                0x08005e48                __multadd
 .text.__hi0bits
                0x08005ebe       0x3e c:/users/a.vasilchenko/.platformio/packages/toolchain-gccarmnoneeabi@1.70201.0/bin/../lib/gcc/arm-none-eabi/7.2.1/../../../../arm-none-eabi/lib/thumb/v7e-m\libc_nano.a(lib_a-mprec.o)
                0x08005ebe                __hi0bits
 .text.__lo0bits
                0x08005efc       0x5e c:/users/a.vasilchenko/.platformio/packages/toolchain-gccarmnoneeabi@1.70201.0/bin/../lib/gcc/arm-none-eabi/7.2.1/../../../../arm-none-eabi/lib/thumb/v7e-m\libc_nano.a(lib_a-mprec.o)
                0x08005efc                __lo0bits
 .text.__i2b    0x08005f5a       0x12 c:/users/a.vasilchenko/.platformio/packages/toolchain-gccarmnoneeabi@1.70201.0/bin/../lib/gcc/arm-none-eabi/7.2.1/../../../../arm-none-eabi/lib/thumb/v7e-m\libc_nano.a(lib_a-mprec.o)
                0x08005f5a                __i2b
 .text.__multiply
                0x08005f6c      0x12c c:/users/a.vasilchenko/.platformio/packages/toolchain-gccarmnoneeabi@1.70201.0/bin/../lib/gcc/arm-none-eabi/7.2.1/../../../../arm-none-eabi/lib/thumb/v7e-m\libc_nano.a(lib_a-mprec.o)
                0x08005f6c                __multiply
 .text.__pow5mult
                0x08006098       0x9c c:/users/a.vasilchenko/.platformio/packages/toolchain-gccarmnoneeabi@1.70201.0/bin/../lib/gcc/arm-none-eabi/7.2.1/../../../../arm-none-eabi/lib/thumb/v7e-m\libc_nano.a(lib_a-mprec.o)
                0x08006098                __pow5mult
 .text.__lshift
                0x08006134       0xa8 c:/users/a.vasilchenko/.platformio/packages/toolchain-gccarmnoneeabi@1.70201.0/bin/../lib/gcc/arm-none-eabi/7.2.1/../../../../arm-none-eabi/lib/thumb/v7e-m\libc_nano.a(lib_a-mprec.o)
                0x08006134                __lshift
 .text.__mcmp   0x080061dc       0x34 c:/users/a.vasilchenko/.platformio/packages/toolchain-gccarmnoneeabi@1.70201.0/bin/../lib/gcc/arm-none-eabi/7.2.1/../../../../arm-none-eabi/lib/thumb/v7e-m\libc_nano.a(lib_a-mprec.o)
                0x080061dc                __mcmp
 .text.__mdiff  0x08006210       0xba c:/users/a.vasilchenko/.platformio/packages/toolchain-gccarmnoneeabi@1.70201.0/bin/../lib/gcc/arm-none-eabi/7.2.1/../../../../arm-none-eabi/lib/thumb/v7e-m\libc_nano.a(lib_a-mprec.o)
                0x08006210                __mdiff
 .text.__d2b    0x080062ca       0x9e c:/users/a.vasilchenko/.platformio/packages/toolchain-gccarmnoneeabi@1.70201.0/bin/../lib/gcc/arm-none-eabi/7.2.1/../../../../arm-none-eabi/lib/thumb/v7e-m\libc_nano.a(lib_a-mprec.o)
                0x080062ca                __d2b
 .text._calloc_r
                0x08006368       0x1c c:/users/a.vasilchenko/.platformio/packages/toolchain-gccarmnoneeabi@1.70201.0/bin/../lib/gcc/arm-none-eabi/7.2.1/../../../../arm-none-eabi/lib/thumb/v7e-m\libc_nano.a(lib_a-nano-callocr.o)
                0x08006368                _calloc_r
 .text.__ssputs_r
                0x08006384       0xb4 c:/users/a.vasilchenko/.platformio/packages/toolchain-gccarmnoneeabi@1.70201.0/bin/../lib/gcc/arm-none-eabi/7.2.1/../../../../arm-none-eabi/lib/thumb/v7e-m\libc_nano.a(lib_a-nano-svfprintf.o)
                0x08006384                __ssputs_r
 .text._svfprintf_r
                0x08006438      0x1ec c:/users/a.vasilchenko/.platformio/packages/toolchain-gccarmnoneeabi@1.70201.0/bin/../lib/gcc/arm-none-eabi/7.2.1/../../../../arm-none-eabi/lib/thumb/v7e-m\libc_nano.a(lib_a-nano-svfprintf.o)
                0x08006438                _svfiprintf_r
                0x08006438                _svfprintf_r
 .text.__ascii_mbtowc
                0x08006624       0x24 c:/users/a.vasilchenko/.platformio/packages/toolchain-gccarmnoneeabi@1.70201.0/bin/../lib/gcc/arm-none-eabi/7.2.1/../../../../arm-none-eabi/lib/thumb/v7e-m\libc_nano.a(lib_a-mbtowc_r.o)
                0x08006624                __ascii_mbtowc
 .text.memmove  0x08006648       0x32 c:/users/a.vasilchenko/.platformio/packages/toolchain-gccarmnoneeabi@1.70201.0/bin/../lib/gcc/arm-none-eabi/7.2.1/../../../../arm-none-eabi/lib/thumb/v7e-m\libc_nano.a(lib_a-memmove.o)
                0x08006648                memmove
 .text._realloc_r
                0x0800667a       0x4c c:/users/a.vasilchenko/.platformio/packages/toolchain-gccarmnoneeabi@1.70201.0/bin/../lib/gcc/arm-none-eabi/7.2.1/../../../../arm-none-eabi/lib/thumb/v7e-m\libc_nano.a(lib_a-nano-reallocr.o)
                0x0800667a                _realloc_r
 .text.__ascii_wctomb
                0x080066c6       0x1a c:/users/a.vasilchenko/.platformio/packages/toolchain-gccarmnoneeabi@1.70201.0/bin/../lib/gcc/arm-none-eabi/7.2.1/../../../../arm-none-eabi/lib/thumb/v7e-m\libc_nano.a(lib_a-wctomb_r.o)
                0x080066c6                __ascii_wctomb
 .text._malloc_usable_size_r
                0x080066e0       0x10 c:/users/a.vasilchenko/.platformio/packages/toolchain-gccarmnoneeabi@1.70201.0/bin/../lib/gcc/arm-none-eabi/7.2.1/../../../../arm-none-eabi/lib/thumb/v7e-m\libc_nano.a(lib_a-nano-msizer.o)
                0x080066e0                _malloc_usable_size_r
 .text._sbrk    0x080066f0       0x1c c:/users/a.vasilchenko/.platformio/packages/toolchain-gccarmnoneeabi@1.70201.0/bin/../lib/gcc/arm-none-eabi/7.2.1/../../../../arm-none-eabi/lib/thumb/v7e-m\libnosys.a(sbrk.o)
                0x080066f0                _sbrk
 *(.glue_7)
 .glue_7        0x0800670c        0x0 linker stubs
 *(.glue_7t)
 .glue_7t       0x0800670c        0x0 linker stubs
 *(.eh_frame)
 .eh_frame      0x0800670c        0x0 c:/users/a.vasilchenko/.platformio/packages/toolchain-gccarmnoneeabi@1.70201.0/bin/../lib/gcc/arm-none-eabi/7.2.1/thumb/v7e-m/crtbegin.o
 *(.init)
 .init          0x0800670c        0x4 c:/users/a.vasilchenko/.platformio/packages/toolchain-gccarmnoneeabi@1.70201.0/bin/../lib/gcc/arm-none-eabi/7.2.1/thumb/v7e-m/crti.o
                0x0800670c                _init
 .init          0x08006710        0x8 c:/users/a.vasilchenko/.platformio/packages/toolchain-gccarmnoneeabi@1.70201.0/bin/../lib/gcc/arm-none-eabi/7.2.1/thumb/v7e-m/crtn.o
 *(.fini)
 .fini          0x08006718        0x4 c:/users/a.vasilchenko/.platformio/packages/toolchain-gccarmnoneeabi@1.70201.0/bin/../lib/gcc/arm-none-eabi/7.2.1/thumb/v7e-m/crti.o
                0x08006718                _fini
 .fini          0x0800671c        0x8 c:/users/a.vasilchenko/.platformio/packages/toolchain-gccarmnoneeabi@1.70201.0/bin/../lib/gcc/arm-none-eabi/7.2.1/thumb/v7e-m/crtn.o
                0x08006724                . = ALIGN (0x4)
                0x08006724                _etext = .

.vfp11_veneer   0x08006724        0x0
 .vfp11_veneer  0x08006724        0x0 linker stubs

.v4_bx          0x08006724        0x0
 .v4_bx         0x08006724        0x0 linker stubs

.iplt           0x08006724        0x0
 .iplt          0x08006724        0x0 c:/users/a.vasilchenko/.platformio/packages/toolchain-gccarmnoneeabi@1.70201.0/bin/../lib/gcc/arm-none-eabi/7.2.1/thumb/v7e-m/crtbegin.o

.rodata         0x08006728      0x348
                0x08006728                . = ALIGN (0x4)
 *(.rodata)
 .rodata        0x08006728       0x5c .pio\build\genericSTM32F405RG\src\main.o
 .rodata        0x08006784       0x69 .pio\build\genericSTM32F405RG\src\pid.o
 *(.rodata*)
 *fill*         0x080067ed        0x3 
 .rodata.pow.str1.4
                0x080067f0        0x4 c:/users/a.vasilchenko/.platformio/packages/toolchain-gccarmnoneeabi@1.70201.0/bin/../lib/gcc/arm-none-eabi/7.2.1/../../../../arm-none-eabi/lib/thumb/v7e-m\libm.a(lib_a-w_pow.o)
 .rodata.sqrt.str1.4
                0x080067f4        0x5 c:/users/a.vasilchenko/.platformio/packages/toolchain-gccarmnoneeabi@1.70201.0/bin/../lib/gcc/arm-none-eabi/7.2.1/../../../../arm-none-eabi/lib/thumb/v7e-m\libm.a(lib_a-w_sqrt.o)
 .rodata.__ieee754_pow.str1.4
                0x080067f9        0x8 c:/users/a.vasilchenko/.platformio/packages/toolchain-gccarmnoneeabi@1.70201.0/bin/../lib/gcc/arm-none-eabi/7.2.1/../../../../arm-none-eabi/lib/thumb/v7e-m\libm.a(lib_a-e_pow.o)
                                  0x1 (size before relaxing)
 *fill*         0x080067f9        0x7 
 .rodata.TWO52  0x08006800       0x10 c:/users/a.vasilchenko/.platformio/packages/toolchain-gccarmnoneeabi@1.70201.0/bin/../lib/gcc/arm-none-eabi/7.2.1/../../../../arm-none-eabi/lib/thumb/v7e-m\libm.a(lib_a-s_rint.o)
 .rodata._printf_float.str1.1
                0x08006810       0x12 c:/users/a.vasilchenko/.platformio/packages/toolchain-gccarmnoneeabi@1.70201.0/bin/../lib/gcc/arm-none-eabi/7.2.1/../../../../arm-none-eabi/lib/thumb/v7e-m\libc_nano.a(lib_a-nano-vfprintf_float.o)
 .rodata._printf_i.str1.1
                0x08006822       0x22 c:/users/a.vasilchenko/.platformio/packages/toolchain-gccarmnoneeabi@1.70201.0/bin/../lib/gcc/arm-none-eabi/7.2.1/../../../../arm-none-eabi/lib/thumb/v7e-m\libc_nano.a(lib_a-nano-vfprintf_i.o)
 .rodata._dtoa_r.str1.1
                0x08006844        0xd c:/users/a.vasilchenko/.platformio/packages/toolchain-gccarmnoneeabi@1.70201.0/bin/../lib/gcc/arm-none-eabi/7.2.1/../../../../arm-none-eabi/lib/thumb/v7e-m\libc_nano.a(lib_a-dtoa.o)
                                  0xf (size before relaxing)
 *fill*         0x08006851        0x7 
 .rodata.__mprec_bigtens
                0x08006858       0x28 c:/users/a.vasilchenko/.platformio/packages/toolchain-gccarmnoneeabi@1.70201.0/bin/../lib/gcc/arm-none-eabi/7.2.1/../../../../arm-none-eabi/lib/thumb/v7e-m\libc_nano.a(lib_a-mprec.o)
                0x08006858                __mprec_bigtens
 .rodata.__mprec_tens
                0x08006880       0xc8 c:/users/a.vasilchenko/.platformio/packages/toolchain-gccarmnoneeabi@1.70201.0/bin/../lib/gcc/arm-none-eabi/7.2.1/../../../../arm-none-eabi/lib/thumb/v7e-m\libc_nano.a(lib_a-mprec.o)
                0x08006880                __mprec_tens
 .rodata.p05.6084
                0x08006948        0xc c:/users/a.vasilchenko/.platformio/packages/toolchain-gccarmnoneeabi@1.70201.0/bin/../lib/gcc/arm-none-eabi/7.2.1/../../../../arm-none-eabi/lib/thumb/v7e-m\libc_nano.a(lib_a-mprec.o)
 .rodata._svfprintf_r.str1.1
                0x08006954       0x11 c:/users/a.vasilchenko/.platformio/packages/toolchain-gccarmnoneeabi@1.70201.0/bin/../lib/gcc/arm-none-eabi/7.2.1/../../../../arm-none-eabi/lib/thumb/v7e-m\libc_nano.a(lib_a-nano-svfprintf.o)
 .rodata._setlocale_r.str1.1
                0x08006965        0x8 c:/users/a.vasilchenko/.platformio/packages/toolchain-gccarmnoneeabi@1.70201.0/bin/../lib/gcc/arm-none-eabi/7.2.1/../../../../arm-none-eabi/lib/thumb/v7e-m\libc_nano.a(lib_a-locale.o)
                                  0x9 (size before relaxing)
 .rodata.str1.1
                0x0800696d        0x2 c:/users/a.vasilchenko/.platformio/packages/toolchain-gccarmnoneeabi@1.70201.0/bin/../lib/gcc/arm-none-eabi/7.2.1/../../../../arm-none-eabi/lib/thumb/v7e-m\libc_nano.a(lib_a-locale.o)
 .rodata._ctype_
                0x0800696f      0x101 c:/users/a.vasilchenko/.platformio/packages/toolchain-gccarmnoneeabi@1.70201.0/bin/../lib/gcc/arm-none-eabi/7.2.1/../../../../arm-none-eabi/lib/thumb/v7e-m\libc_nano.a(lib_a-ctype_.o)
                0x0800696f                _ctype_
                0x08006a70                . = ALIGN (0x4)

.rel.dyn        0x08006a70        0x0
 .rel.iplt      0x08006a70        0x0 c:/users/a.vasilchenko/.platformio/packages/toolchain-gccarmnoneeabi@1.70201.0/bin/../lib/gcc/arm-none-eabi/7.2.1/thumb/v7e-m/crtbegin.o

.ARM.extab      0x08006a70        0x0
                0x08006a70                . = ALIGN (0x4)
 *(.ARM.extab* .gnu.linkonce.armextab.*)
                0x08006a70                . = ALIGN (0x4)

.ARM            0x08006a70        0x0
                0x08006a70                . = ALIGN (0x4)
                0x08006a70                __exidx_start = .
 *(.ARM.exidx*)
                0x08006a70                __exidx_end = .
                0x08006a70                . = ALIGN (0x4)

.preinit_array  0x08006a70        0x0
                0x08006a70                . = ALIGN (0x4)
                0x08006a70                PROVIDE (__preinit_array_start, .)
 *(.preinit_array*)
                0x08006a70                PROVIDE (__preinit_array_end, .)
                0x08006a70                . = ALIGN (0x4)

.init_array     0x08006a70        0x8
                0x08006a70                . = ALIGN (0x4)
                0x08006a70                PROVIDE (__init_array_start, .)
 *(SORT_BY_NAME(.init_array.*))
 *(.init_array*)
 .init_array    0x08006a70        0x4 c:/users/a.vasilchenko/.platformio/packages/toolchain-gccarmnoneeabi@1.70201.0/bin/../lib/gcc/arm-none-eabi/7.2.1/thumb/v7e-m/crtbegin.o
 .init_array    0x08006a74        0x4 .pio\build\genericSTM32F405RG\src\main.o
                0x08006a78                PROVIDE (__init_array_end, .)
                0x08006a78                . = ALIGN (0x4)

.fini_array     0x08006a78        0x4
                0x08006a78                . = ALIGN (0x4)
                [!provide]                PROVIDE (__fini_array_start, .)
 *(SORT_BY_NAME(.fini_array.*))
 *(.fini_array*)
 .fini_array    0x08006a78        0x4 c:/users/a.vasilchenko/.platformio/packages/toolchain-gccarmnoneeabi@1.70201.0/bin/../lib/gcc/arm-none-eabi/7.2.1/thumb/v7e-m/crtbegin.o
                [!provide]                PROVIDE (__fini_array_end, .)
                0x08006a7c                . = ALIGN (0x4)
                0x08006a7c                _sidata = LOADADDR (.data)

.data           0x20000000     0x11ac load address 0x08006a7c
                0x20000000                . = ALIGN (0x4)
                0x20000000                _sdata = .
 *(.data)
 .data          0x20000000        0x4 c:/users/a.vasilchenko/.platformio/packages/toolchain-gccarmnoneeabi@1.70201.0/bin/../lib/gcc/arm-none-eabi/7.2.1/thumb/v7e-m/crtbegin.o
                0x20000000                __dso_handle
 *(.data*)
 .data.SystemCoreClock
                0x20000004        0x4 .pio\build\genericSTM32F405RG\FrameworkCMSIS\system_stm32f4xx.o
                0x20000004                SystemCoreClock
 .data.temp     0x20000008      0xfa2 .pio\build\genericSTM32F405RG\src\Core\Src\temp.o
                0x20000008                temp
 *fill*         0x20000faa        0x6 
 .data.temp_work
                0x20000fb0        0x8 .pio\build\genericSTM32F405RG\src\main.o
                0x20000fb0                temp_work
 .data.kp       0x20000fb8        0x8 .pio\build\genericSTM32F405RG\src\main.o
                0x20000fb8                kp
 .data.ki       0x20000fc0        0x8 .pio\build\genericSTM32F405RG\src\main.o
                0x20000fc0                ki
 .data.pin_ready
                0x20000fc8        0x1 .pio\build\genericSTM32F405RG\src\main.o
                0x20000fc8                pin_ready
 .data.led_red  0x20000fc9        0x1 .pio\build\genericSTM32F405RG\src\main.o
                0x20000fc9                led_red
 .data.led_green
                0x20000fca        0x1 .pio\build\genericSTM32F405RG\src\main.o
                0x20000fca                led_green
 .data.spi_sck  0x20000fcb        0x1 .pio\build\genericSTM32F405RG\src\main.o
                0x20000fcb                spi_sck
 .data.spi_miso
                0x20000fcc        0x1 .pio\build\genericSTM32F405RG\src\main.o
                0x20000fcc                spi_miso
 .data.spi_mosi
                0x20000fcd        0x1 .pio\build\genericSTM32F405RG\src\main.o
                0x20000fcd                spi_mosi
 .data.spi_nss  0x20000fce        0x1 .pio\build\genericSTM32F405RG\src\main.o
                0x20000fce                spi_nss
 .data.pin_dac_1
                0x20000fcf        0x1 .pio\build\genericSTM32F405RG\src\main.o
                0x20000fcf                pin_dac_1
 .data.pin_dac_2
                0x20000fd0        0x1 .pio\build\genericSTM32F405RG\src\main.o
                0x20000fd0                pin_dac_2
 .data.pin_adc_1
                0x20000fd1        0x1 .pio\build\genericSTM32F405RG\src\main.o
                0x20000fd1                pin_adc_1
 .data.pin_adc_2
                0x20000fd2        0x1 .pio\build\genericSTM32F405RG\src\main.o
                0x20000fd2                pin_adc_2
 .data.pin_adc_3
                0x20000fd3        0x1 .pio\build\genericSTM32F405RG\src\main.o
                0x20000fd3                pin_adc_3
 .data.pin_adc_4
                0x20000fd4        0x1 .pio\build\genericSTM32F405RG\src\main.o
                0x20000fd4                pin_adc_4
 .data.pin_adc_5
                0x20000fd5        0x1 .pio\build\genericSTM32F405RG\src\main.o
                0x20000fd5                pin_adc_5
 .data.pin_adc_6
                0x20000fd6        0x1 .pio\build\genericSTM32F405RG\src\main.o
                0x20000fd6                pin_adc_6
 .data.pin_adc_7
                0x20000fd7        0x1 .pio\build\genericSTM32F405RG\src\main.o
                0x20000fd7                pin_adc_7
 .data.pin_adc_9
                0x20000fd8        0x1 .pio\build\genericSTM32F405RG\src\main.o
                0x20000fd8                pin_adc_9
 .data.__fdlib_version
                0x20000fd9        0x1 c:/users/a.vasilchenko/.platformio/packages/toolchain-gccarmnoneeabi@1.70201.0/bin/../lib/gcc/arm-none-eabi/7.2.1/../../../../arm-none-eabi/lib/thumb/v7e-m\libm.a(lib_a-s_lib_ver.o)
                0x20000fd9                __fdlib_version
 *fill*         0x20000fda        0x2 
 .data._impure_ptr
                0x20000fdc        0x4 c:/users/a.vasilchenko/.platformio/packages/toolchain-gccarmnoneeabi@1.70201.0/bin/../lib/gcc/arm-none-eabi/7.2.1/../../../../arm-none-eabi/lib/thumb/v7e-m\libc_nano.a(lib_a-impure.o)
                0x20000fdc                _impure_ptr
 .data.impure_data
                0x20000fe0       0x60 c:/users/a.vasilchenko/.platformio/packages/toolchain-gccarmnoneeabi@1.70201.0/bin/../lib/gcc/arm-none-eabi/7.2.1/../../../../arm-none-eabi/lib/thumb/v7e-m\libc_nano.a(lib_a-impure.o)
 .data.__global_locale
                0x20001040      0x16c c:/users/a.vasilchenko/.platformio/packages/toolchain-gccarmnoneeabi@1.70201.0/bin/../lib/gcc/arm-none-eabi/7.2.1/../../../../arm-none-eabi/lib/thumb/v7e-m\libc_nano.a(lib_a-locale.o)
                0x20001040                __global_locale
 *(.RamFunc)
 *(.RamFunc*)
                0x200011ac                . = ALIGN (0x4)
                0x200011ac                _edata = .
                0x08007c28                _siccmram = LOADADDR (.ccmram)

.igot.plt       0x200011ac        0x0 load address 0x08007c28
 .igot.plt      0x200011ac        0x0 c:/users/a.vasilchenko/.platformio/packages/toolchain-gccarmnoneeabi@1.70201.0/bin/../lib/gcc/arm-none-eabi/7.2.1/thumb/v7e-m/crtbegin.o

.ccmram         0x10000000        0x0 load address 0x08007c28
                0x10000000                . = ALIGN (0x4)
                0x10000000                _sccmram = .
 *(.ccmram)
 *(.ccmram*)
                0x10000000                . = ALIGN (0x4)
                0x10000000                _eccmram = .
                0x10000000                . = ALIGN (0x4)

.bss            0x200011b0      0x300
                0x200011b0                _sbss = .
                0x200011b0                __bss_start__ = _sbss
 *(.bss)
 .bss           0x200011b0       0x1c c:/users/a.vasilchenko/.platformio/packages/toolchain-gccarmnoneeabi@1.70201.0/bin/../lib/gcc/arm-none-eabi/7.2.1/thumb/v7e-m/crtbegin.o
 *(.bss*)
 .bss.ptr       0x200011cc        0x1 .pio\build\genericSTM32F405RG\src\Core\Src\stm32f4xx_it.o
                0x200011cc                ptr
 *fill*         0x200011cd        0x3 
 .bss.RxBuffer  0x200011d0       0x64 .pio\build\genericSTM32F405RG\src\main.o
                0x200011d0                RxBuffer
 .bss.RxCounter
                0x20001234        0x1 .pio\build\genericSTM32F405RG\src\main.o
                0x20001234                RxCounter
 *fill*         0x20001235        0x3 
 .bss.TxData    0x20001238        0xc .pio\build\genericSTM32F405RG\src\main.o
                0x20001238                TxData
 .bss.ctr       0x20001244        0x2 .pio\build\genericSTM32F405RG\src\main.o
                0x20001244                ctr
 *fill*         0x20001246        0x2 
 .bss.DATA_ADC  0x20001248       0x14 .pio\build\genericSTM32F405RG\src\main.o
                0x20001248                DATA_ADC
 *fill*         0x2000125c        0x4 
 .bss.vol_arr_temp
                0x20001260       0x50 .pio\build\genericSTM32F405RG\src\main.o
                0x20001260                vol_arr_temp
 .bss.vol_arr   0x200012b0       0x50 .pio\build\genericSTM32F405RG\src\main.o
                0x200012b0                vol_arr
 .bss.DATA_ADCacc
                0x20001300        0x4 .pio\build\genericSTM32F405RG\src\main.o
                0x20001300                DATA_ADCacc
 .bss.DATA_ADCaccout
                0x20001304        0x4 .pio\build\genericSTM32F405RG\src\main.o
                0x20001304                DATA_ADCaccout
 .bss.DATA_ADCacc1
                0x20001308        0x4 .pio\build\genericSTM32F405RG\src\main.o
                0x20001308                DATA_ADCacc1
 .bss.DATA_ADCaccout1
                0x2000130c        0x4 .pio\build\genericSTM32F405RG\src\main.o
                0x2000130c                DATA_ADCaccout1
 .bss.DATA_ADCacc2
                0x20001310        0x4 .pio\build\genericSTM32F405RG\src\main.o
                0x20001310                DATA_ADCacc2
 .bss.DATA_ADCaccout2
                0x20001314        0x4 .pio\build\genericSTM32F405RG\src\main.o
                0x20001314                DATA_ADCaccout2
 .bss.DATA_ADCacc3
                0x20001318        0x4 .pio\build\genericSTM32F405RG\src\main.o
                0x20001318                DATA_ADCacc3
 .bss.DATA_ADCaccout3
                0x2000131c        0x4 .pio\build\genericSTM32F405RG\src\main.o
                0x2000131c                DATA_ADCaccout3
 .bss.rx0       0x20001320        0x9 .pio\build\genericSTM32F405RG\src\main.o
                0x20001320                rx0
 *fill*         0x20001329        0x3 
 .bss.buffer2   0x2000132c       0x64 .pio\build\genericSTM32F405RG\src\main.o
                0x2000132c                buffer2
 .bss.buffer    0x20001390       0x64 .pio\build\genericSTM32F405RG\src\main.o
                0x20001390                buffer
 *fill*         0x200013f4        0x4 
 .bss.temp_delta
                0x200013f8        0x8 .pio\build\genericSTM32F405RG\src\main.o
                0x200013f8                temp_delta
 .bss.kd        0x20001400        0x8 .pio\build\genericSTM32F405RG\src\main.o
                0x20001400                kd
 .bss.pwm       0x20001408        0x4 .pio\build\genericSTM32F405RG\src\main.o
                0x20001408                pwm
 .bss.reg_max   0x2000140c        0x4 .pio\build\genericSTM32F405RG\src\main.o
                0x2000140c                reg_max
 .bss.reg_min   0x20001410        0x4 .pio\build\genericSTM32F405RG\src\main.o
                0x20001410                reg_min
 .bss.dt        0x20001414        0x4 .pio\build\genericSTM32F405RG\src\main.o
                0x20001414                dt
 .bss.pin_adc_0
                0x20001418        0x1 .pio\build\genericSTM32F405RG\src\main.o
                0x20001418                pin_adc_0
 .bss.pin_adc_8
                0x20001419        0x1 .pio\build\genericSTM32F405RG\src\main.o
                0x20001419                pin_adc_8
 *fill*         0x2000141a        0x2 
 .bss.gpio_stm32f405
                0x2000141c        0x1 .pio\build\genericSTM32F405RG\src\main.o
                0x2000141c                gpio_stm32f405
 *fill*         0x2000141d        0x3 
 .bss.uart_1    0x20001420        0x1 .pio\build\genericSTM32F405RG\src\main.o
                0x20001420                uart_1
 *fill*         0x20001421        0x3 
 .bss.pid_int   0x20001424        0x1 .pio\build\genericSTM32F405RG\src\main.o
                0x20001424                pid_int
 *fill*         0x20001425        0x3 
 .bss.temp_int  0x20001428        0x8 .pio\build\genericSTM32F405RG\src\main.o
                0x20001428                temp_int
 .bss.temp_ext  0x20001430        0x8 .pio\build\genericSTM32F405RG\src\main.o
                0x20001430                temp_ext
 .bss.temp_rad  0x20001438        0x8 .pio\build\genericSTM32F405RG\src\main.o
                0x20001438                temp_rad
 .bss.V_bias    0x20001440        0x8 .pio\build\genericSTM32F405RG\src\main.o
                0x20001440                V_bias
 .bss.len       0x20001448        0x1 .pio\build\genericSTM32F405RG\src\usart.o
                0x20001448                len
 *fill*         0x20001449        0x3 
 .bss.__malloc_free_list
                0x2000144c        0x4 c:/users/a.vasilchenko/.platformio/packages/toolchain-gccarmnoneeabi@1.70201.0/bin/../lib/gcc/arm-none-eabi/7.2.1/../../../../arm-none-eabi/lib/thumb/v7e-m\libc_nano.a(lib_a-nano-mallocr.o)
                0x2000144c                __malloc_free_list
 .bss.__malloc_sbrk_start
                0x20001450        0x4 c:/users/a.vasilchenko/.platformio/packages/toolchain-gccarmnoneeabi@1.70201.0/bin/../lib/gcc/arm-none-eabi/7.2.1/../../../../arm-none-eabi/lib/thumb/v7e-m\libc_nano.a(lib_a-nano-mallocr.o)
                0x20001450                __malloc_sbrk_start
 .bss.heap_end.4102
                0x20001454        0x4 c:/users/a.vasilchenko/.platformio/packages/toolchain-gccarmnoneeabi@1.70201.0/bin/../lib/gcc/arm-none-eabi/7.2.1/../../../../arm-none-eabi/lib/thumb/v7e-m\libnosys.a(sbrk.o)
 *(COMMON)
 COMMON         0x20001458       0x52 .pio\build\genericSTM32F405RG\src\Core\Src\stm32f4xx_it.o
                0x20001458                lev
                0x20001459                gcnt
                0x2000145c                spi_rx16
                0x20001464                pkuc
                0x2000146c                rx1
                0x20001480                cnt_v
                0x20001484                rx2
                0x20001490                spi2_v
                0x20001498                rx1_s
 *fill*         0x200014aa        0x2 
 COMMON         0x200014ac        0x4 c:/users/a.vasilchenko/.platformio/packages/toolchain-gccarmnoneeabi@1.70201.0/bin/../lib/gcc/arm-none-eabi/7.2.1/../../../../arm-none-eabi/lib/thumb/v7e-m\libc_nano.a(lib_a-reent.o)
                0x200014ac                errno
                0x200014b0                . = ALIGN (0x4)
                0x200014b0                _ebss = .
                0x200014b0                __bss_end__ = _ebss

._user_heap_stack
                0x200014b0      0x600
                0x200014b0                . = ALIGN (0x8)
                0x200014b0                PROVIDE (end, .)
                [!provide]                PROVIDE (_end, .)
                0x200016b0                . = (. + _Min_Heap_Size)
 *fill*         0x200014b0      0x200 
                0x20001ab0                . = (. + _Min_Stack_Size)
 *fill*         0x200016b0      0x400 
                0x20001ab0                . = ALIGN (0x8)

/DISCARD/
 libc.a(*)
 libm.a(*)
 libgcc.a(*)

.ARM.attributes
                0x00000000       0x2a
 *(.ARM.attributes)
 .ARM.attributes
                0x00000000       0x1e c:/users/a.vasilchenko/.platformio/packages/toolchain-gccarmnoneeabi@1.70201.0/bin/../lib/gcc/arm-none-eabi/7.2.1/thumb/v7e-m/crti.o
 .ARM.attributes
                0x0000001e       0x2e c:/users/a.vasilchenko/.platformio/packages/toolchain-gccarmnoneeabi@1.70201.0/bin/../lib/gcc/arm-none-eabi/7.2.1/thumb/v7e-m/crtbegin.o
 .ARM.attributes
                0x0000004c       0x21 .pio\build\genericSTM32F405RG\FrameworkCMSIS\gcc\startup_stm32f405xx.o
 .ARM.attributes
                0x0000006d       0x33 .pio\build\genericSTM32F405RG\FrameworkCMSIS\system_stm32f4xx.o
 .ARM.attributes
                0x000000a0       0x33 .pio\build\genericSTM32F405RG\src\Core\Src\stm32f4xx_it.o
 .ARM.attributes
                0x000000d3       0x33 .pio\build\genericSTM32F405RG\src\Core\Src\temp.o
 .ARM.attributes
                0x00000106       0x33 .pio\build\genericSTM32F405RG\src\Drivers\STM32F4xx_HAL_Driver\Src\stm32f4xx_ll_gpio.o
 .ARM.attributes
                0x00000139       0x33 .pio\build\genericSTM32F405RG\src\Drivers\STM32F4xx_HAL_Driver\Src\stm32f4xx_ll_spi.o
 .ARM.attributes
                0x0000016c       0x33 .pio\build\genericSTM32F405RG\src\gpio.o
 .ARM.attributes
                0x0000019f       0x33 .pio\build\genericSTM32F405RG\src\main.o
 .ARM.attributes
                0x000001d2       0x33 .pio\build\genericSTM32F405RG\src\pid.o
 .ARM.attributes
                0x00000205       0x33 .pio\build\genericSTM32F405RG\src\usart.o
 .ARM.attributes
                0x00000238       0x1e c:/users/a.vasilchenko/.platformio/packages/toolchain-gccarmnoneeabi@1.70201.0/bin/../lib/gcc/arm-none-eabi/7.2.1/thumb/v7e-m\libgcc.a(_arm_addsubdf3.o)
 .ARM.attributes
                0x00000256       0x1e c:/users/a.vasilchenko/.platformio/packages/toolchain-gccarmnoneeabi@1.70201.0/bin/../lib/gcc/arm-none-eabi/7.2.1/thumb/v7e-m\libgcc.a(_arm_muldivdf3.o)
 .ARM.attributes
                0x00000274       0x1e c:/users/a.vasilchenko/.platformio/packages/toolchain-gccarmnoneeabi@1.70201.0/bin/../lib/gcc/arm-none-eabi/7.2.1/thumb/v7e-m\libgcc.a(_arm_cmpdf2.o)
 .ARM.attributes
                0x00000292       0x1e c:/users/a.vasilchenko/.platformio/packages/toolchain-gccarmnoneeabi@1.70201.0/bin/../lib/gcc/arm-none-eabi/7.2.1/thumb/v7e-m\libgcc.a(_arm_fixunsdfsi.o)
 .ARM.attributes
                0x000002b0       0x1e c:/users/a.vasilchenko/.platformio/packages/toolchain-gccarmnoneeabi@1.70201.0/bin/../lib/gcc/arm-none-eabi/7.2.1/thumb/v7e-m\libgcc.a(_arm_addsubsf3.o)
 .ARM.attributes
                0x000002ce       0x1e c:/users/a.vasilchenko/.platformio/packages/toolchain-gccarmnoneeabi@1.70201.0/bin/../lib/gcc/arm-none-eabi/7.2.1/thumb/v7e-m\libgcc.a(_arm_muldivsf3.o)
 .ARM.attributes
                0x000002ec       0x1e c:/users/a.vasilchenko/.platformio/packages/toolchain-gccarmnoneeabi@1.70201.0/bin/../lib/gcc/arm-none-eabi/7.2.1/thumb/v7e-m\libgcc.a(_arm_fixunssfsi.o)
 .ARM.attributes
                0x0000030a       0x2e c:/users/a.vasilchenko/.platformio/packages/toolchain-gccarmnoneeabi@1.70201.0/bin/../lib/gcc/arm-none-eabi/7.2.1/../../../../arm-none-eabi/lib/thumb/v7e-m\libstdc++_nano.a(del_op.o)
 .ARM.attributes
                0x00000338       0x2e c:/users/a.vasilchenko/.platformio/packages/toolchain-gccarmnoneeabi@1.70201.0/bin/../lib/gcc/arm-none-eabi/7.2.1/../../../../arm-none-eabi/lib/thumb/v7e-m\libstdc++_nano.a(atexit_arm.o)
 .ARM.attributes
                0x00000366       0x2e c:/users/a.vasilchenko/.platformio/packages/toolchain-gccarmnoneeabi@1.70201.0/bin/../lib/gcc/arm-none-eabi/7.2.1/../../../../arm-none-eabi/lib/thumb/v7e-m\libstdc++_nano.a(allocator-inst.o)
 .ARM.attributes
                0x00000394       0x2e c:/users/a.vasilchenko/.platformio/packages/toolchain-gccarmnoneeabi@1.70201.0/bin/../lib/gcc/arm-none-eabi/7.2.1/../../../../arm-none-eabi/lib/thumb/v7e-m\libm.a(lib_a-s_round.o)
 .ARM.attributes
                0x000003c2       0x2e c:/users/a.vasilchenko/.platformio/packages/toolchain-gccarmnoneeabi@1.70201.0/bin/../lib/gcc/arm-none-eabi/7.2.1/../../../../arm-none-eabi/lib/thumb/v7e-m\libm.a(lib_a-sf_round.o)
 .ARM.attributes
                0x000003f0       0x2e c:/users/a.vasilchenko/.platformio/packages/toolchain-gccarmnoneeabi@1.70201.0/bin/../lib/gcc/arm-none-eabi/7.2.1/../../../../arm-none-eabi/lib/thumb/v7e-m\libm.a(lib_a-w_pow.o)
 .ARM.attributes
                0x0000041e       0x2e c:/users/a.vasilchenko/.platformio/packages/toolchain-gccarmnoneeabi@1.70201.0/bin/../lib/gcc/arm-none-eabi/7.2.1/../../../../arm-none-eabi/lib/thumb/v7e-m\libm.a(lib_a-w_sqrt.o)
 .ARM.attributes
                0x0000044c       0x2e c:/users/a.vasilchenko/.platformio/packages/toolchain-gccarmnoneeabi@1.70201.0/bin/../lib/gcc/arm-none-eabi/7.2.1/../../../../arm-none-eabi/lib/thumb/v7e-m\libm.a(lib_a-e_pow.o)
 .ARM.attributes
                0x0000047a       0x2e c:/users/a.vasilchenko/.platformio/packages/toolchain-gccarmnoneeabi@1.70201.0/bin/../lib/gcc/arm-none-eabi/7.2.1/../../../../arm-none-eabi/lib/thumb/v7e-m\libm.a(lib_a-e_sqrt.o)
 .ARM.attributes
                0x000004a8       0x2e c:/users/a.vasilchenko/.platformio/packages/toolchain-gccarmnoneeabi@1.70201.0/bin/../lib/gcc/arm-none-eabi/7.2.1/../../../../arm-none-eabi/lib/thumb/v7e-m\libm.a(lib_a-s_fabs.o)
 .ARM.attributes
                0x000004d6       0x2e c:/users/a.vasilchenko/.platformio/packages/toolchain-gccarmnoneeabi@1.70201.0/bin/../lib/gcc/arm-none-eabi/7.2.1/../../../../arm-none-eabi/lib/thumb/v7e-m\libm.a(lib_a-s_finite.o)
 .ARM.attributes
                0x00000504       0x2e c:/users/a.vasilchenko/.platformio/packages/toolchain-gccarmnoneeabi@1.70201.0/bin/../lib/gcc/arm-none-eabi/7.2.1/../../../../arm-none-eabi/lib/thumb/v7e-m\libm.a(lib_a-s_lib_ver.o)
 .ARM.attributes
                0x00000532       0x2e c:/users/a.vasilchenko/.platformio/packages/toolchain-gccarmnoneeabi@1.70201.0/bin/../lib/gcc/arm-none-eabi/7.2.1/../../../../arm-none-eabi/lib/thumb/v7e-m\libm.a(lib_a-s_matherr.o)
 .ARM.attributes
                0x00000560       0x2e c:/users/a.vasilchenko/.platformio/packages/toolchain-gccarmnoneeabi@1.70201.0/bin/../lib/gcc/arm-none-eabi/7.2.1/../../../../arm-none-eabi/lib/thumb/v7e-m\libm.a(lib_a-s_nan.o)
 .ARM.attributes
                0x0000058e       0x2e c:/users/a.vasilchenko/.platformio/packages/toolchain-gccarmnoneeabi@1.70201.0/bin/../lib/gcc/arm-none-eabi/7.2.1/../../../../arm-none-eabi/lib/thumb/v7e-m\libm.a(lib_a-s_rint.o)
 .ARM.attributes
                0x000005bc       0x2e c:/users/a.vasilchenko/.platformio/packages/toolchain-gccarmnoneeabi@1.70201.0/bin/../lib/gcc/arm-none-eabi/7.2.1/../../../../arm-none-eabi/lib/thumb/v7e-m\libm.a(lib_a-s_scalbn.o)
 .ARM.attributes
                0x000005ea       0x2e c:/users/a.vasilchenko/.platformio/packages/toolchain-gccarmnoneeabi@1.70201.0/bin/../lib/gcc/arm-none-eabi/7.2.1/../../../../arm-none-eabi/lib/thumb/v7e-m\libm.a(lib_a-s_copysign.o)
 .ARM.attributes
                0x00000618       0x2e c:/users/a.vasilchenko/.platformio/packages/toolchain-gccarmnoneeabi@1.70201.0/bin/../lib/gcc/arm-none-eabi/7.2.1/../../../../arm-none-eabi/lib/thumb/v7e-m\libc_nano.a(lib_a-cxa_atexit.o)
 .ARM.attributes
                0x00000646       0x2e c:/users/a.vasilchenko/.platformio/packages/toolchain-gccarmnoneeabi@1.70201.0/bin/../lib/gcc/arm-none-eabi/7.2.1/../../../../arm-none-eabi/lib/thumb/v7e-m\libc_nano.a(lib_a-errno.o)
 .ARM.attributes
                0x00000674       0x2e c:/users/a.vasilchenko/.platformio/packages/toolchain-gccarmnoneeabi@1.70201.0/bin/../lib/gcc/arm-none-eabi/7.2.1/../../../../arm-none-eabi/lib/thumb/v7e-m\libc_nano.a(lib_a-impure.o)
 .ARM.attributes
                0x000006a2       0x2e c:/users/a.vasilchenko/.platformio/packages/toolchain-gccarmnoneeabi@1.70201.0/bin/../lib/gcc/arm-none-eabi/7.2.1/../../../../arm-none-eabi/lib/thumb/v7e-m\libc_nano.a(lib_a-init.o)
 .ARM.attributes
                0x000006d0       0x2e c:/users/a.vasilchenko/.platformio/packages/toolchain-gccarmnoneeabi@1.70201.0/bin/../lib/gcc/arm-none-eabi/7.2.1/../../../../arm-none-eabi/lib/thumb/v7e-m\libc_nano.a(lib_a-malloc.o)
 .ARM.attributes
                0x000006fe       0x2e c:/users/a.vasilchenko/.platformio/packages/toolchain-gccarmnoneeabi@1.70201.0/bin/../lib/gcc/arm-none-eabi/7.2.1/../../../../arm-none-eabi/lib/thumb/v7e-m\libc_nano.a(lib_a-memset.o)
 .ARM.attributes
                0x0000072c       0x2e c:/users/a.vasilchenko/.platformio/packages/toolchain-gccarmnoneeabi@1.70201.0/bin/../lib/gcc/arm-none-eabi/7.2.1/../../../../arm-none-eabi/lib/thumb/v7e-m\libc_nano.a(lib_a-nano-freer.o)
 .ARM.attributes
                0x0000075a       0x2e c:/users/a.vasilchenko/.platformio/packages/toolchain-gccarmnoneeabi@1.70201.0/bin/../lib/gcc/arm-none-eabi/7.2.1/../../../../arm-none-eabi/lib/thumb/v7e-m\libc_nano.a(lib_a-nano-mallocr.o)
 .ARM.attributes
                0x00000788       0x2e c:/users/a.vasilchenko/.platformio/packages/toolchain-gccarmnoneeabi@1.70201.0/bin/../lib/gcc/arm-none-eabi/7.2.1/../../../../arm-none-eabi/lib/thumb/v7e-m\libc_nano.a(lib_a-nano-vfprintf_float.o)
 .ARM.attributes
                0x000007b6       0x2e c:/users/a.vasilchenko/.platformio/packages/toolchain-gccarmnoneeabi@1.70201.0/bin/../lib/gcc/arm-none-eabi/7.2.1/../../../../arm-none-eabi/lib/thumb/v7e-m\libc_nano.a(lib_a-nano-vfprintf_i.o)
 .ARM.attributes
                0x000007e4       0x2e c:/users/a.vasilchenko/.platformio/packages/toolchain-gccarmnoneeabi@1.70201.0/bin/../lib/gcc/arm-none-eabi/7.2.1/../../../../arm-none-eabi/lib/thumb/v7e-m\libc_nano.a(lib_a-sbrkr.o)
 .ARM.attributes
                0x00000812       0x2e c:/users/a.vasilchenko/.platformio/packages/toolchain-gccarmnoneeabi@1.70201.0/bin/../lib/gcc/arm-none-eabi/7.2.1/../../../../arm-none-eabi/lib/thumb/v7e-m\libc_nano.a(lib_a-sprintf.o)
 .ARM.attributes
                0x00000840       0x17 c:/users/a.vasilchenko/.platformio/packages/toolchain-gccarmnoneeabi@1.70201.0/bin/../lib/gcc/arm-none-eabi/7.2.1/../../../../arm-none-eabi/lib/thumb/v7e-m\libc_nano.a(lib_a-strlen.o)
 .ARM.attributes
                0x00000857       0x2e c:/users/a.vasilchenko/.platformio/packages/toolchain-gccarmnoneeabi@1.70201.0/bin/../lib/gcc/arm-none-eabi/7.2.1/../../../../arm-none-eabi/lib/thumb/v7e-m\libc_nano.a(lib_a-dtoa.o)
 .ARM.attributes
                0x00000885       0x2e c:/users/a.vasilchenko/.platformio/packages/toolchain-gccarmnoneeabi@1.70201.0/bin/../lib/gcc/arm-none-eabi/7.2.1/../../../../arm-none-eabi/lib/thumb/v7e-m\libc_nano.a(lib_a-localeconv.o)
 .ARM.attributes
                0x000008b3       0x1c c:/users/a.vasilchenko/.platformio/packages/toolchain-gccarmnoneeabi@1.70201.0/bin/../lib/gcc/arm-none-eabi/7.2.1/../../../../arm-none-eabi/lib/thumb/v7e-m\libc_nano.a(lib_a-memchr.o)
 .ARM.attributes
                0x000008cf       0x2e c:/users/a.vasilchenko/.platformio/packages/toolchain-gccarmnoneeabi@1.70201.0/bin/../lib/gcc/arm-none-eabi/7.2.1/../../../../arm-none-eabi/lib/thumb/v7e-m\libc_nano.a(lib_a-memcpy-stub.o)
 .ARM.attributes
                0x000008fd       0x2e c:/users/a.vasilchenko/.platformio/packages/toolchain-gccarmnoneeabi@1.70201.0/bin/../lib/gcc/arm-none-eabi/7.2.1/../../../../arm-none-eabi/lib/thumb/v7e-m\libc_nano.a(lib_a-mlock.o)
 .ARM.attributes
                0x0000092b       0x2e c:/users/a.vasilchenko/.platformio/packages/toolchain-gccarmnoneeabi@1.70201.0/bin/../lib/gcc/arm-none-eabi/7.2.1/../../../../arm-none-eabi/lib/thumb/v7e-m\libc_nano.a(lib_a-mprec.o)
 .ARM.attributes
                0x00000959       0x2e c:/users/a.vasilchenko/.platformio/packages/toolchain-gccarmnoneeabi@1.70201.0/bin/../lib/gcc/arm-none-eabi/7.2.1/../../../../arm-none-eabi/lib/thumb/v7e-m\libc_nano.a(lib_a-nano-callocr.o)
 .ARM.attributes
                0x00000987       0x2e c:/users/a.vasilchenko/.platformio/packages/toolchain-gccarmnoneeabi@1.70201.0/bin/../lib/gcc/arm-none-eabi/7.2.1/../../../../arm-none-eabi/lib/thumb/v7e-m\libc_nano.a(lib_a-nano-svfprintf.o)
 .ARM.attributes
                0x000009b5       0x2e c:/users/a.vasilchenko/.platformio/packages/toolchain-gccarmnoneeabi@1.70201.0/bin/../lib/gcc/arm-none-eabi/7.2.1/../../../../arm-none-eabi/lib/thumb/v7e-m\libc_nano.a(lib_a-reent.o)
 .ARM.attributes
                0x000009e3       0x2e c:/users/a.vasilchenko/.platformio/packages/toolchain-gccarmnoneeabi@1.70201.0/bin/../lib/gcc/arm-none-eabi/7.2.1/../../../../arm-none-eabi/lib/thumb/v7e-m\libc_nano.a(lib_a-locale.o)
 .ARM.attributes
                0x00000a11       0x2e c:/users/a.vasilchenko/.platformio/packages/toolchain-gccarmnoneeabi@1.70201.0/bin/../lib/gcc/arm-none-eabi/7.2.1/../../../../arm-none-eabi/lib/thumb/v7e-m\libc_nano.a(lib_a-mbtowc_r.o)
 .ARM.attributes
                0x00000a3f       0x2e c:/users/a.vasilchenko/.platformio/packages/toolchain-gccarmnoneeabi@1.70201.0/bin/../lib/gcc/arm-none-eabi/7.2.1/../../../../arm-none-eabi/lib/thumb/v7e-m\libc_nano.a(lib_a-memmove.o)
 .ARM.attributes
                0x00000a6d       0x2e c:/users/a.vasilchenko/.platformio/packages/toolchain-gccarmnoneeabi@1.70201.0/bin/../lib/gcc/arm-none-eabi/7.2.1/../../../../arm-none-eabi/lib/thumb/v7e-m\libc_nano.a(lib_a-nano-reallocr.o)
 .ARM.attributes
                0x00000a9b       0x2e c:/users/a.vasilchenko/.platformio/packages/toolchain-gccarmnoneeabi@1.70201.0/bin/../lib/gcc/arm-none-eabi/7.2.1/../../../../arm-none-eabi/lib/thumb/v7e-m\libc_nano.a(lib_a-wctomb_r.o)
 .ARM.attributes
                0x00000ac9       0x2e c:/users/a.vasilchenko/.platformio/packages/toolchain-gccarmnoneeabi@1.70201.0/bin/../lib/gcc/arm-none-eabi/7.2.1/../../../../arm-none-eabi/lib/thumb/v7e-m\libc_nano.a(lib_a-ctype_.o)
 .ARM.attributes
                0x00000af7       0x2e c:/users/a.vasilchenko/.platformio/packages/toolchain-gccarmnoneeabi@1.70201.0/bin/../lib/gcc/arm-none-eabi/7.2.1/../../../../arm-none-eabi/lib/thumb/v7e-m\libc_nano.a(lib_a-nano-msizer.o)
 .ARM.attributes
                0x00000b25       0x1e c:/users/a.vasilchenko/.platformio/packages/toolchain-gccarmnoneeabi@1.70201.0/bin/../lib/gcc/arm-none-eabi/7.2.1/thumb/v7e-m\libgcc.a(_arm_unorddf2.o)
 .ARM.attributes
                0x00000b43       0x1e c:/users/a.vasilchenko/.platformio/packages/toolchain-gccarmnoneeabi@1.70201.0/bin/../lib/gcc/arm-none-eabi/7.2.1/thumb/v7e-m\libgcc.a(_arm_fixdfsi.o)
 .ARM.attributes
                0x00000b61       0x2e c:/users/a.vasilchenko/.platformio/packages/toolchain-gccarmnoneeabi@1.70201.0/bin/../lib/gcc/arm-none-eabi/7.2.1/../../../../arm-none-eabi/lib/thumb/v7e-m\libnosys.a(sbrk.o)
 .ARM.attributes
                0x00000b8f       0x1e c:/users/a.vasilchenko/.platformio/packages/toolchain-gccarmnoneeabi@1.70201.0/bin/../lib/gcc/arm-none-eabi/7.2.1/thumb/v7e-m/crtn.o
OUTPUT(.pio\build\genericSTM32F405RG\firmware.elf elf32-littlearm)

.debug_line     0x00000000     0x24fb
 .debug_line    0x00000000       0xcd .pio\build\genericSTM32F405RG\FrameworkCMSIS\gcc\startup_stm32f405xx.o
 .debug_line    0x000000cd      0x220 .pio\build\genericSTM32F405RG\FrameworkCMSIS\system_stm32f4xx.o
 .debug_line    0x000002ed      0x313 .pio\build\genericSTM32F405RG\src\Core\Src\stm32f4xx_it.o
 .debug_line    0x00000600       0x34 .pio\build\genericSTM32F405RG\src\Core\Src\temp.o
 .debug_line    0x00000634      0x3f2 .pio\build\genericSTM32F405RG\src\Drivers\STM32F4xx_HAL_Driver\Src\stm32f4xx_ll_gpio.o
 .debug_line    0x00000a26      0x3d0 .pio\build\genericSTM32F405RG\src\Drivers\STM32F4xx_HAL_Driver\Src\stm32f4xx_ll_spi.o
 .debug_line    0x00000df6      0x1f9 .pio\build\genericSTM32F405RG\src\gpio.o
 .debug_line    0x00000fef      0xd78 .pio\build\genericSTM32F405RG\src\main.o
 .debug_line    0x00001d67      0x297 .pio\build\genericSTM32F405RG\src\pid.o
 .debug_line    0x00001ffe      0x4fd .pio\build\genericSTM32F405RG\src\usart.o

.debug_info     0x00000000     0xc8c6
 .debug_info    0x00000000       0x22 .pio\build\genericSTM32F405RG\FrameworkCMSIS\gcc\startup_stm32f405xx.o
 .debug_info    0x00000022      0x4f7 .pio\build\genericSTM32F405RG\FrameworkCMSIS\system_stm32f4xx.o
 .debug_info    0x00000519      0x7b3 .pio\build\genericSTM32F405RG\src\Core\Src\stm32f4xx_it.o
 .debug_info    0x00000ccc       0x58 .pio\build\genericSTM32F405RG\src\Core\Src\temp.o
 .debug_info    0x00000d24      0x8be .pio\build\genericSTM32F405RG\src\Drivers\STM32F4xx_HAL_Driver\Src\stm32f4xx_ll_gpio.o
 .debug_info    0x000015e2      0x7c0 .pio\build\genericSTM32F405RG\src\Drivers\STM32F4xx_HAL_Driver\Src\stm32f4xx_ll_spi.o
 .debug_info    0x00001da2      0x654 .pio\build\genericSTM32F405RG\src\gpio.o
 .debug_info    0x000023f6     0x8533 .pio\build\genericSTM32F405RG\src\main.o
 .debug_info    0x0000a929      0xd5d .pio\build\genericSTM32F405RG\src\pid.o
 .debug_info    0x0000b686     0x1240 .pio\build\genericSTM32F405RG\src\usart.o

.debug_abbrev   0x00000000     0x1918
 .debug_abbrev  0x00000000       0x12 .pio\build\genericSTM32F405RG\FrameworkCMSIS\gcc\startup_stm32f405xx.o
 .debug_abbrev  0x00000012      0x10e .pio\build\genericSTM32F405RG\FrameworkCMSIS\system_stm32f4xx.o
 .debug_abbrev  0x00000120      0x172 .pio\build\genericSTM32F405RG\src\Core\Src\stm32f4xx_it.o
 .debug_abbrev  0x00000292       0x45 .pio\build\genericSTM32F405RG\src\Core\Src\temp.o
 .debug_abbrev  0x000002d7      0x20f .pio\build\genericSTM32F405RG\src\Drivers\STM32F4xx_HAL_Driver\Src\stm32f4xx_ll_gpio.o
 .debug_abbrev  0x000004e6      0x1e6 .pio\build\genericSTM32F405RG\src\Drivers\STM32F4xx_HAL_Driver\Src\stm32f4xx_ll_spi.o
 .debug_abbrev  0x000006cc      0x1aa .pio\build\genericSTM32F405RG\src\gpio.o
 .debug_abbrev  0x00000876      0xa44 .pio\build\genericSTM32F405RG\src\main.o
 .debug_abbrev  0x000012ba      0x2c6 .pio\build\genericSTM32F405RG\src\pid.o
 .debug_abbrev  0x00001580      0x398 .pio\build\genericSTM32F405RG\src\usart.o

.debug_aranges  0x00000000      0x3e0
 .debug_aranges
                0x00000000       0x28 .pio\build\genericSTM32F405RG\FrameworkCMSIS\gcc\startup_stm32f405xx.o
 .debug_aranges
                0x00000028       0x28 .pio\build\genericSTM32F405RG\FrameworkCMSIS\system_stm32f4xx.o
 .debug_aranges
                0x00000050       0x60 .pio\build\genericSTM32F405RG\src\Core\Src\stm32f4xx_it.o
 .debug_aranges
                0x000000b0       0x18 .pio\build\genericSTM32F405RG\src\Core\Src\temp.o
 .debug_aranges
                0x000000c8       0x70 .pio\build\genericSTM32F405RG\src\Drivers\STM32F4xx_HAL_Driver\Src\stm32f4xx_ll_gpio.o
 .debug_aranges
                0x00000138       0x90 .pio\build\genericSTM32F405RG\src\Drivers\STM32F4xx_HAL_Driver\Src\stm32f4xx_ll_spi.o
 .debug_aranges
                0x000001c8       0x38 .pio\build\genericSTM32F405RG\src\gpio.o
 .debug_aranges
                0x00000200      0x178 .pio\build\genericSTM32F405RG\src\main.o
 .debug_aranges
                0x00000378       0x28 .pio\build\genericSTM32F405RG\src\pid.o
 .debug_aranges
                0x000003a0       0x40 .pio\build\genericSTM32F405RG\src\usart.o

.debug_str      0x00000000     0x9148
 .debug_str     0x00000000       0xb7 .pio\build\genericSTM32F405RG\FrameworkCMSIS\gcc\startup_stm32f405xx.o
 .debug_str     0x000000b7      0x314 .pio\build\genericSTM32F405RG\FrameworkCMSIS\system_stm32f4xx.o
                                0x3b4 (size before relaxing)
 .debug_str     0x000003cb      0x273 .pio\build\genericSTM32F405RG\src\Core\Src\stm32f4xx_it.o
                                0x48b (size before relaxing)
 .debug_str     0x0000063e       0x14 .pio\build\genericSTM32F405RG\src\Core\Src\temp.o
                                0x104 (size before relaxing)
 .debug_str     0x00000652      0x168 .pio\build\genericSTM32F405RG\src\Drivers\STM32F4xx_HAL_Driver\Src\stm32f4xx_ll_gpio.o
                                0x4ac (size before relaxing)
 .debug_str     0x000007ba      0x259 .pio\build\genericSTM32F405RG\src\Drivers\STM32F4xx_HAL_Driver\Src\stm32f4xx_ll_spi.o
                                0x5ab (size before relaxing)
 .debug_str     0x00000a13      0x2cd .pio\build\genericSTM32F405RG\src\gpio.o
                                0x578 (size before relaxing)
 .debug_str     0x00000ce0     0x83b1 .pio\build\genericSTM32F405RG\src\main.o
                               0x9058 (size before relaxing)
 .debug_str     0x00009091       0x3d .pio\build\genericSTM32F405RG\src\pid.o
                                0x7c5 (size before relaxing)
 .debug_str     0x000090ce       0x7a .pio\build\genericSTM32F405RG\src\usart.o
                                0xe92 (size before relaxing)

.debug_ranges   0x00000000      0x340
 .debug_ranges  0x00000000       0x20 .pio\build\genericSTM32F405RG\FrameworkCMSIS\gcc\startup_stm32f405xx.o
 .debug_ranges  0x00000020       0x18 .pio\build\genericSTM32F405RG\FrameworkCMSIS\system_stm32f4xx.o
 .debug_ranges  0x00000038       0x50 .pio\build\genericSTM32F405RG\src\Core\Src\stm32f4xx_it.o
 .debug_ranges  0x00000088       0x60 .pio\build\genericSTM32F405RG\src\Drivers\STM32F4xx_HAL_Driver\Src\stm32f4xx_ll_gpio.o
 .debug_ranges  0x000000e8       0x80 .pio\build\genericSTM32F405RG\src\Drivers\STM32F4xx_HAL_Driver\Src\stm32f4xx_ll_spi.o
 .debug_ranges  0x00000168       0x28 .pio\build\genericSTM32F405RG\src\gpio.o
 .debug_ranges  0x00000190      0x168 .pio\build\genericSTM32F405RG\src\main.o
 .debug_ranges  0x000002f8       0x18 .pio\build\genericSTM32F405RG\src\pid.o
 .debug_ranges  0x00000310       0x30 .pio\build\genericSTM32F405RG\src\usart.o

.comment        0x00000000       0x7e
 .comment       0x00000000       0x7e .pio\build\genericSTM32F405RG\FrameworkCMSIS\system_stm32f4xx.o
                                 0x7f (size before relaxing)
 .comment       0x0000007e       0x7f .pio\build\genericSTM32F405RG\src\Core\Src\stm32f4xx_it.o
 .comment       0x0000007e       0x7f .pio\build\genericSTM32F405RG\src\Core\Src\temp.o
 .comment       0x0000007e       0x7f .pio\build\genericSTM32F405RG\src\Drivers\STM32F4xx_HAL_Driver\Src\stm32f4xx_ll_gpio.o
 .comment       0x0000007e       0x7f .pio\build\genericSTM32F405RG\src\Drivers\STM32F4xx_HAL_Driver\Src\stm32f4xx_ll_spi.o
 .comment       0x0000007e       0x7f .pio\build\genericSTM32F405RG\src\gpio.o
 .comment       0x0000007e       0x7f .pio\build\genericSTM32F405RG\src\main.o
 .comment       0x0000007e       0x7f .pio\build\genericSTM32F405RG\src\pid.o
 .comment       0x0000007e       0x7f .pio\build\genericSTM32F405RG\src\usart.o

.debug_frame    0x00000000     0x1cc8
 .debug_frame   0x00000000       0x58 .pio\build\genericSTM32F405RG\FrameworkCMSIS\system_stm32f4xx.o
 .debug_frame   0x00000058      0x170 .pio\build\genericSTM32F405RG\src\Core\Src\stm32f4xx_it.o
 .debug_frame   0x000001c8      0x1c0 .pio\build\genericSTM32F405RG\src\Drivers\STM32F4xx_HAL_Driver\Src\stm32f4xx_ll_gpio.o
 .debug_frame   0x00000388      0x254 .pio\build\genericSTM32F405RG\src\Drivers\STM32F4xx_HAL_Driver\Src\stm32f4xx_ll_spi.o
 .debug_frame   0x000005dc       0xb0 .pio\build\genericSTM32F405RG\src\gpio.o
 .debug_frame   0x0000068c      0x664 .pio\build\genericSTM32F405RG\src\main.o
 .debug_frame   0x00000cf0       0x64 .pio\build\genericSTM32F405RG\src\pid.o
 .debug_frame   0x00000d54       0xcc .pio\build\genericSTM32F405RG\src\usart.o
 .debug_frame   0x00000e20       0xac c:/users/a.vasilchenko/.platformio/packages/toolchain-gccarmnoneeabi@1.70201.0/bin/../lib/gcc/arm-none-eabi/7.2.1/thumb/v7e-m\libgcc.a(_arm_addsubdf3.o)
 .debug_frame   0x00000ecc       0x50 c:/users/a.vasilchenko/.platformio/packages/toolchain-gccarmnoneeabi@1.70201.0/bin/../lib/gcc/arm-none-eabi/7.2.1/thumb/v7e-m\libgcc.a(_arm_muldivdf3.o)
 .debug_frame   0x00000f1c       0xc4 c:/users/a.vasilchenko/.platformio/packages/toolchain-gccarmnoneeabi@1.70201.0/bin/../lib/gcc/arm-none-eabi/7.2.1/thumb/v7e-m\libgcc.a(_arm_cmpdf2.o)
 .debug_frame   0x00000fe0       0x24 c:/users/a.vasilchenko/.platformio/packages/toolchain-gccarmnoneeabi@1.70201.0/bin/../lib/gcc/arm-none-eabi/7.2.1/thumb/v7e-m\libgcc.a(_arm_fixunsdfsi.o)
 .debug_frame   0x00001004       0x4c c:/users/a.vasilchenko/.platformio/packages/toolchain-gccarmnoneeabi@1.70201.0/bin/../lib/gcc/arm-none-eabi/7.2.1/thumb/v7e-m\libgcc.a(_arm_addsubsf3.o)
 .debug_frame   0x00001050       0x38 c:/users/a.vasilchenko/.platformio/packages/toolchain-gccarmnoneeabi@1.70201.0/bin/../lib/gcc/arm-none-eabi/7.2.1/thumb/v7e-m\libgcc.a(_arm_muldivsf3.o)
 .debug_frame   0x00001088       0x24 c:/users/a.vasilchenko/.platformio/packages/toolchain-gccarmnoneeabi@1.70201.0/bin/../lib/gcc/arm-none-eabi/7.2.1/thumb/v7e-m\libgcc.a(_arm_fixunssfsi.o)
 .debug_frame   0x000010ac       0x20 c:/users/a.vasilchenko/.platformio/packages/toolchain-gccarmnoneeabi@1.70201.0/bin/../lib/gcc/arm-none-eabi/7.2.1/../../../../arm-none-eabi/lib/thumb/v7e-m\libstdc++_nano.a(del_op.o)
 .debug_frame   0x000010cc       0x20 c:/users/a.vasilchenko/.platformio/packages/toolchain-gccarmnoneeabi@1.70201.0/bin/../lib/gcc/arm-none-eabi/7.2.1/../../../../arm-none-eabi/lib/thumb/v7e-m\libstdc++_nano.a(atexit_arm.o)
 .debug_frame   0x000010ec       0x70 c:/users/a.vasilchenko/.platformio/packages/toolchain-gccarmnoneeabi@1.70201.0/bin/../lib/gcc/arm-none-eabi/7.2.1/../../../../arm-none-eabi/lib/thumb/v7e-m\libstdc++_nano.a(allocator-inst.o)
 .debug_frame   0x0000115c       0x30 c:/users/a.vasilchenko/.platformio/packages/toolchain-gccarmnoneeabi@1.70201.0/bin/../lib/gcc/arm-none-eabi/7.2.1/../../../../arm-none-eabi/lib/thumb/v7e-m\libm.a(lib_a-s_round.o)
 .debug_frame   0x0000118c       0x28 c:/users/a.vasilchenko/.platformio/packages/toolchain-gccarmnoneeabi@1.70201.0/bin/../lib/gcc/arm-none-eabi/7.2.1/../../../../arm-none-eabi/lib/thumb/v7e-m\libm.a(lib_a-sf_round.o)
 .debug_frame   0x000011b4       0x48 c:/users/a.vasilchenko/.platformio/packages/toolchain-gccarmnoneeabi@1.70201.0/bin/../lib/gcc/arm-none-eabi/7.2.1/../../../../arm-none-eabi/lib/thumb/v7e-m\libm.a(lib_a-w_pow.o)
 .debug_frame   0x000011fc       0x44 c:/users/a.vasilchenko/.platformio/packages/toolchain-gccarmnoneeabi@1.70201.0/bin/../lib/gcc/arm-none-eabi/7.2.1/../../../../arm-none-eabi/lib/thumb/v7e-m\libm.a(lib_a-w_sqrt.o)
 .debug_frame   0x00001240       0x68 c:/users/a.vasilchenko/.platformio/packages/toolchain-gccarmnoneeabi@1.70201.0/bin/../lib/gcc/arm-none-eabi/7.2.1/../../../../arm-none-eabi/lib/thumb/v7e-m\libm.a(lib_a-e_pow.o)
 .debug_frame   0x000012a8       0x30 c:/users/a.vasilchenko/.platformio/packages/toolchain-gccarmnoneeabi@1.70201.0/bin/../lib/gcc/arm-none-eabi/7.2.1/../../../../arm-none-eabi/lib/thumb/v7e-m\libm.a(lib_a-e_sqrt.o)
 .debug_frame   0x000012d8       0x20 c:/users/a.vasilchenko/.platformio/packages/toolchain-gccarmnoneeabi@1.70201.0/bin/../lib/gcc/arm-none-eabi/7.2.1/../../../../arm-none-eabi/lib/thumb/v7e-m\libm.a(lib_a-s_fabs.o)